<?xml version="1.0" encoding="UTF-8"?>
<testsuites>
  <testsuite name="C:\wamp64\www\order-portal\phpunit.xml" tests="502" assertions="3282" errors="0" failures="10" skipped="0" time="336.057766">
    <testsuite name="Unit" tests="20" assertions="54" errors="0" failures="0" skipped="0" time="10.059144">
      <testsuite name="Tests\Unit\ExampleTest" file="C:\wamp64\www\order-portal\tests\Unit\ExampleTest.php" tests="1" assertions="1" errors="0" failures="0" skipped="0" time="0.002276">
        <testcase name="test_that_true_is_true" file="C:\wamp64\www\order-portal\tests\Unit\ExampleTest.php" line="12" class="Tests\Unit\ExampleTest" classname="Tests.Unit.ExampleTest" assertions="1" time="0.002276"/>
      </testsuite>
      <testsuite name="Tests\Unit\FleetCostReportServiceTest" file="C:\wamp64\www\order-portal\tests\Unit\FleetCostReportServiceTest.php" tests="3" assertions="18" errors="0" failures="0" skipped="0" time="6.489488">
        <testcase name="test_summarize_maintenance_respects_date_vehicle_and_workshop" file="C:\wamp64\www\order-portal\tests\Unit\FleetCostReportServiceTest.php" line="63" class="Tests\Unit\FleetCostReportServiceTest" classname="Tests.Unit.FleetCostReportServiceTest" assertions="7" time="5.870623"/>
        <testcase name="test_summarize_rental_charges_respects_payment_status" file="C:\wamp64\www\order-portal\tests\Unit\FleetCostReportServiceTest.php" line="109" class="Tests\Unit\FleetCostReportServiceTest" classname="Tests.Unit.FleetCostReportServiceTest" assertions="7" time="0.313540"/>
        <testcase name="test_summarize_driver_pay_respects_date_filter" file="C:\wamp64\www\order-portal\tests\Unit\FleetCostReportServiceTest.php" line="155" class="Tests\Unit\FleetCostReportServiceTest" classname="Tests.Unit.FleetCostReportServiceTest" assertions="4" time="0.305325"/>
      </testsuite>
      <testsuite name="Tests\Unit\NotificationUrlTest" file="C:\wamp64\www\order-portal\tests\Unit\NotificationUrlTest.php" tests="4" assertions="5" errors="0" failures="0" skipped="0" time="0.872718">
        <testcase name="test_resolve_strips_host_from_absolute_url" file="C:\wamp64\www\order-portal\tests\Unit\NotificationUrlTest.php" line="10" class="Tests\Unit\NotificationUrlTest" classname="Tests.Unit.NotificationUrlTest" assertions="1" time="0.230152"/>
        <testcase name="test_resolve_preserves_query_string" file="C:\wamp64\www\order-portal\tests\Unit\NotificationUrlTest.php" line="18" class="Tests\Unit\NotificationUrlTest" classname="Tests.Unit.NotificationUrlTest" assertions="1" time="0.255603"/>
        <testcase name="test_resolve_keeps_relative_path" file="C:\wamp64\www\order-portal\tests\Unit\NotificationUrlTest.php" line="26" class="Tests\Unit\NotificationUrlTest" classname="Tests.Unit.NotificationUrlTest" assertions="1" time="0.199110"/>
        <testcase name="test_route_generates_relative_path" file="C:\wamp64\www\order-portal\tests\Unit\NotificationUrlTest.php" line="31" class="Tests\Unit\NotificationUrlTest" classname="Tests.Unit.NotificationUrlTest" assertions="2" time="0.187854"/>
      </testsuite>
      <testsuite name="Tests\Unit\PortalNumberTest" file="C:\wamp64\www\order-portal\tests\Unit\PortalNumberTest.php" tests="1" assertions="5" errors="0" failures="0" skipped="0" time="0.006241">
        <testcase name="test_quantity_strips_trailing_zeros" file="C:\wamp64\www\order-portal\tests\Unit\PortalNumberTest.php" line="10" class="Tests\Unit\PortalNumberTest" classname="Tests.Unit.PortalNumberTest" assertions="5" time="0.006241"/>
      </testsuite>
      <testsuite name="Tests\Unit\QuoteBreakdownServiceTest" file="C:\wamp64\www\order-portal\tests\Unit\QuoteBreakdownServiceTest.php" tests="4" assertions="8" errors="0" failures="0" skipped="0" time="0.873259">
        <testcase name="test_fob_woven_includes_logistics_section" file="C:\wamp64\www\order-portal\tests\Unit\QuoteBreakdownServiceTest.php" line="18" class="Tests\Unit\QuoteBreakdownServiceTest" classname="Tests.Unit.QuoteBreakdownServiceTest" assertions="2" time="0.227740"/>
        <testcase name="test_cm_woven_excludes_logistics_section" file="C:\wamp64\www\order-portal\tests\Unit\QuoteBreakdownServiceTest.php" line="28" class="Tests\Unit\QuoteBreakdownServiceTest" classname="Tests.Unit.QuoteBreakdownServiceTest" assertions="2" time="0.208924"/>
        <testcase name="test_knit_template_uses_yarn_section_not_woven_fabric" file="C:\wamp64\www\order-portal\tests\Unit\QuoteBreakdownServiceTest.php" line="38" class="Tests\Unit\QuoteBreakdownServiceTest" classname="Tests.Unit.QuoteBreakdownServiceTest" assertions="2" time="0.217136"/>
        <testcase name="test_calculates_consumption_and_order_total" file="C:\wamp64\www\order-portal\tests\Unit\QuoteBreakdownServiceTest.php" line="48" class="Tests\Unit\QuoteBreakdownServiceTest" classname="Tests.Unit.QuoteBreakdownServiceTest" assertions="2" time="0.219459"/>
      </testsuite>
      <testsuite name="Tests\Unit\TimeInputTest" file="C:\wamp64\www\order-portal\tests\Unit\TimeInputTest.php" tests="3" assertions="9" errors="0" failures="0" skipped="0" time="0.852985">
        <testcase name="test_format_for_input_converts_twelve_hour_values" file="C:\wamp64\www\order-portal\tests\Unit\TimeInputTest.php" line="10" class="Tests\Unit\TimeInputTest" classname="Tests.Unit.TimeInputTest" assertions="3" time="0.335599"/>
        <testcase name="test_normalize_accepts_twelve_and_twenty_four_hour_values" file="C:\wamp64\www\order-portal\tests\Unit\TimeInputTest.php" line="17" class="Tests\Unit\TimeInputTest" classname="Tests.Unit.TimeInputTest" assertions="4" time="0.316980"/>
        <testcase name="test_format_for_display_uses_twelve_hour_clock" file="C:\wamp64\www\order-portal\tests\Unit\TimeInputTest.php" line="25" class="Tests\Unit\TimeInputTest" classname="Tests.Unit.TimeInputTest" assertions="2" time="0.200406"/>
      </testsuite>
      <testsuite name="Tests\Unit\TmsDashboardServiceTest" file="C:\wamp64\www\order-portal\tests\Unit\TmsDashboardServiceTest.php" tests="3" assertions="6" errors="0" failures="0" skipped="0" time="0.729302">
        <testcase name="test_view_only_users_see_no_create_quick_actions" file="C:\wamp64\www\order-portal\tests\Unit\TmsDashboardServiceTest.php" line="16" class="Tests\Unit\TmsDashboardServiceTest" classname="Tests.Unit.TmsDashboardServiceTest" assertions="1" time="0.266667"/>
        <testcase name="test_manage_permission_shows_matching_create_actions" file="C:\wamp64\www\order-portal\tests\Unit\TmsDashboardServiceTest.php" line="41" class="Tests\Unit\TmsDashboardServiceTest" classname="Tests.Unit.TmsDashboardServiceTest" assertions="3" time="0.221522"/>
        <testcase name="test_transport_officer_sees_vehicle_create_action" file="C:\wamp64\www\order-portal\tests\Unit\TmsDashboardServiceTest.php" line="69" class="Tests\Unit\TmsDashboardServiceTest" classname="Tests.Unit.TmsDashboardServiceTest" assertions="2" time="0.241113"/>
      </testsuite>
      <testsuite name="Tests\Unit\TmsDriverVehiclePivotTest" file="C:\wamp64\www\order-portal\tests\Unit\TmsDriverVehiclePivotTest.php" tests="1" assertions="2" errors="0" failures="0" skipped="0" time="0.232875">
        <testcase name="test_assigned_driver_names_falls_back_when_pivot_table_missing" file="C:\wamp64\www\order-portal\tests\Unit\TmsDriverVehiclePivotTest.php" line="19" class="Tests\Unit\TmsDriverVehiclePivotTest" classname="Tests.Unit.TmsDriverVehiclePivotTest" assertions="2" time="0.232875"/>
      </testsuite>
    </testsuite>
    <testsuite name="Feature" tests="482" assertions="3228" errors="0" failures="10" skipped="0" time="325.998623">
      <testsuite name="Tests\Feature\AdminReportingManagerApprovalTest" file="C:\wamp64\www\order-portal\tests\Feature\AdminReportingManagerApprovalTest.php" tests="5" assertions="11" errors="0" failures="0" skipped="0" time="2.118906">
        <testcase name="test_manager_role_includes_leave_approve_permission" file="C:\wamp64\www\order-portal\tests\Feature\AdminReportingManagerApprovalTest.php" line="96" class="Tests\Feature\AdminReportingManagerApprovalTest" classname="Tests.Feature.AdminReportingManagerApprovalTest" assertions="1" time="0.368002"/>
        <testcase name="test_linked_admin_user_can_approve_reporting_step_from_admin_panel" file="C:\wamp64\www\order-portal\tests\Feature\AdminReportingManagerApprovalTest.php" line="105" class="Tests\Feature\AdminReportingManagerApprovalTest" classname="Tests.Feature.AdminReportingManagerApprovalTest" assertions="4" time="0.513267"/>
        <testcase name="test_admin_user_without_linked_employee_cannot_approve_reporting_step" file="C:\wamp64\www\order-portal\tests\Feature\AdminReportingManagerApprovalTest.php" line="122" class="Tests\Feature\AdminReportingManagerApprovalTest" classname="Tests.Feature.AdminReportingManagerApprovalTest" assertions="1" time="0.349948"/>
        <testcase name="test_manager_with_leave_approve_can_finalize_hr_step" file="C:\wamp64\www\order-portal\tests\Feature\AdminReportingManagerApprovalTest.php" line="139" class="Tests\Feature\AdminReportingManagerApprovalTest" classname="Tests.Feature.AdminReportingManagerApprovalTest" assertions="3" time="0.458378"/>
        <testcase name="test_leave_transactions_index_shows_my_team_pending_count" file="C:\wamp64\www\order-portal\tests\Feature\AdminReportingManagerApprovalTest.php" line="155" class="Tests\Feature\AdminReportingManagerApprovalTest" classname="Tests.Feature.AdminReportingManagerApprovalTest" assertions="2" time="0.429312"/>
      </testsuite>
      <testsuite name="Tests\Feature\AdmsSyncTest" file="C:\wamp64\www\order-portal\tests\Feature\AdmsSyncTest.php" tests="5" assertions="12" errors="0" failures="0" skipped="0" time="1.941145">
        <testcase name="test_hr_can_view_attendance_hub" file="C:\wamp64\www\order-portal\tests\Feature\AdmsSyncTest.php" line="65" class="Tests\Feature\AdmsSyncTest" classname="Tests.Feature.AdmsSyncTest" assertions="2" time="0.277181"/>
        <testcase name="test_adms_pull_sync_imports_punches" file="C:\wamp64\www\order-portal\tests\Feature\AdmsSyncTest.php" line="73" class="Tests\Feature\AdmsSyncTest" classname="Tests.Feature.AdmsSyncTest" assertions="5" time="0.554041"/>
        <testcase name="test_adms_push_endpoint_imports_punches" file="C:\wamp64\www\order-portal\tests\Feature\AdmsSyncTest.php" line="114" class="Tests\Feature\AdmsSyncTest" classname="Tests.Feature.AdmsSyncTest" assertions="3" time="0.459508"/>
        <testcase name="test_adms_push_rejects_invalid_token" file="C:\wamp64\www\order-portal\tests\Feature\AdmsSyncTest.php" line="139" class="Tests\Feature\AdmsSyncTest" classname="Tests.Feature.AdmsSyncTest" assertions="1" time="0.255684"/>
        <testcase name="test_duplicate_punches_are_skipped_on_resync" file="C:\wamp64\www\order-portal\tests\Feature\AdmsSyncTest.php" line="149" class="Tests\Feature\AdmsSyncTest" classname="Tests.Feature.AdmsSyncTest" assertions="1" time="0.394731"/>
      </testsuite>
      <testsuite name="Tests\Feature\AttendanceBonusTest" file="C:\wamp64\www\order-portal\tests\Feature\AttendanceBonusTest.php" tests="8" assertions="28" errors="0" failures="0" skipped="0" time="4.043115">
        <testcase name="test_attendance_bonus_paid_with_perfect_attendance" file="C:\wamp64\www\order-portal\tests\Feature\AttendanceBonusTest.php" line="122" class="Tests\Feature\AttendanceBonusTest" classname="Tests.Feature.AttendanceBonusTest" assertions="4" time="0.595841"/>
        <testcase name="test_attendance_bonus_denied_with_absent_day" file="C:\wamp64\www\order-portal\tests\Feature\AttendanceBonusTest.php" line="142" class="Tests\Feature\AttendanceBonusTest" classname="Tests.Feature.AttendanceBonusTest" assertions="4" time="0.594828"/>
        <testcase name="test_attendance_bonus_denied_with_three_or_more_late_days" file="C:\wamp64\www\order-portal\tests\Feature\AttendanceBonusTest.php" line="159" class="Tests\Feature\AttendanceBonusTest" classname="Tests.Feature.AttendanceBonusTest" assertions="3" time="0.451966"/>
        <testcase name="test_attendance_bonus_denied_for_probation_employee" file="C:\wamp64\www\order-portal\tests\Feature\AttendanceBonusTest.php" line="176" class="Tests\Feature\AttendanceBonusTest" classname="Tests.Feature.AttendanceBonusTest" assertions="2" time="0.396866"/>
        <testcase name="test_attendance_bonus_denied_for_trainee" file="C:\wamp64\www\order-portal\tests\Feature\AttendanceBonusTest.php" line="190" class="Tests\Feature\AttendanceBonusTest" classname="Tests.Feature.AttendanceBonusTest" assertions="2" time="0.514709"/>
        <testcase name="test_attendance_bonus_denied_with_leave_day" file="C:\wamp64\www\order-portal\tests\Feature\AttendanceBonusTest.php" line="206" class="Tests\Feature\AttendanceBonusTest" classname="Tests.Feature.AttendanceBonusTest" assertions="3" time="0.553830"/>
        <testcase name="test_calculator_unit_eligibility_rules" file="C:\wamp64\www\order-portal\tests\Feature\AttendanceBonusTest.php" line="222" class="Tests\Feature\AttendanceBonusTest" classname="Tests.Feature.AttendanceBonusTest" assertions="4" time="0.360602"/>
        <testcase name="test_payroll_item_reflects_employee_attendance_counts" file="C:\wamp64\www\order-portal\tests\Feature\AttendanceBonusTest.php" line="241" class="Tests\Feature\AttendanceBonusTest" classname="Tests.Feature.AttendanceBonusTest" assertions="6" time="0.574472"/>
      </testsuite>
      <testsuite name="Tests\Feature\AttendanceDailySummarySelfieTest" file="C:\wamp64\www\order-portal\tests\Feature\AttendanceDailySummarySelfieTest.php" tests="2" assertions="5" errors="0" failures="1" skipped="0" time="0.976585">
        <testcase name="test_daily_summary_shows_check_in_selfie_before_date" file="C:\wamp64\www\order-portal\tests\Feature\AttendanceDailySummarySelfieTest.php" line="55" class="Tests\Feature\AttendanceDailySummarySelfieTest" classname="Tests.Feature.AttendanceDailySummarySelfieTest" assertions="3" time="0.546271">
          <failure type="PHPUnit\Framework\ExpectationFailedException">Tests\Feature\AttendanceDailySummarySelfieTest::test_daily_summary_shows_check_in_selfie_before_date&#13;
Failed asserting that '&lt;!DOCTYPE html&gt;\n
&lt;html lang="en"&gt;\n
&lt;head&gt;\n
    &lt;meta charset="UTF-8"&gt;\n
    &lt;meta name="viewport" content="width=device-width, initial-scale=1.0, viewport-fit=cover"&gt;\n
    &lt;title&gt;Daily Attendance — Order Portal&lt;/title&gt;\n
    &lt;link rel="preload" as="font" href="http://[::1]:5173/__laravel_vite_plugin__/fonts/ea645afcabd594bc.woff2" type="font/woff2" crossorigin="anonymous" /&gt;\n
&lt;link rel="preload" as="font" href="http://[::1]:5173/__laravel_vite_plugin__/fonts/e13a0e67f60c0b65.woff2" type="font/woff2" crossorigin="anonymous" /&gt;\n
&lt;link rel="preload" as="font" href="http://[::1]:5173/__laravel_vite_plugin__/fonts/c2fdfafeb3cde952.woff2" type="font/woff2" crossorigin="anonymous" /&gt;\n
&lt;link rel="preload" as="font" href="http://[::1]:5173/__laravel_vite_plugin__/fonts/b420813ba1a549df.woff2" type="font/woff2" crossorigin="anonymous" /&gt;\n
&lt;link rel="preload" as="font" href="http://[::1]:5173/__laravel_vite_plugin__/fonts/87e72b6e2128e999.woff2" type="font/woff2" crossorigin="anonymous" /&gt;\n
&lt;link rel="preload" as="font" href="http://[::1]:5173/__laravel_vite_plugin__/fonts/7ddb053ec4a68eee.woff2" type="font/woff2" crossorigin="anonymous" /&gt;\n
&lt;link rel="preload" as="font" href="http://[::1]:5173/__laravel_vite_plugin__/fonts/c7d49c2bf40b7d8b.woff2" type="font/woff2" crossorigin="anonymous" /&gt;\n
&lt;link rel="preload" as="font" href="http://[::1]:5173/__laravel_vite_plugin__/fonts/a3ed3d952a9343ef.woff2" type="font/woff2" crossorigin="anonymous" /&gt;\n
&lt;link rel="preload" as="font" href="http://[::1]:5173/__laravel_vite_plugin__/fonts/022b32e3c1d12211.woff2" type="font/woff2" crossorigin="anonymous" /&gt;\n
&lt;link rel="preload" as="font" href="http://[::1]:5173/__laravel_vite_plugin__/fonts/d31ce265d33247ac.woff2" type="font/woff2" crossorigin="anonymous" /&gt;\n
&lt;link rel="preload" as="font" href="http://[::1]:5173/__laravel_vite_plugin__/fonts/387bf8f15f1cc815.woff2" type="font/woff2" crossorigin="anonymous" /&gt;\n
&lt;link rel="preload" as="font" href="http://[::1]:5173/__laravel_vite_plugin__/fonts/6e6f6bd40218ac76.woff2" type="font/woff2" crossorigin="anonymous" /&gt;\n
&lt;link rel="preload" as="font" href="http://[::1]:5173/__laravel_vite_plugin__/fonts/68e80849f2ec9a2a.woff2" type="font/woff2" crossorigin="anonymous" /&gt;\n
&lt;link rel="preload" as="font" href="http://[::1]:5173/__laravel_vite_plugin__/fonts/08cdf94a6aab99e8.woff2" type="font/woff2" crossorigin="anonymous" /&gt;\n
&lt;link rel="preload" as="font" href="http://[::1]:5173/__laravel_vite_plugin__/fonts/280c0847e0c6d1fc.woff2" type="font/woff2" crossorigin="anonymous" /&gt;\n
&lt;link rel="preload" as="font" href="http://[::1]:5173/__laravel_vite_plugin__/fonts/bc24ac7b669979f2.woff2" type="font/woff2" crossorigin="anonymous" /&gt;\n
&lt;link rel="preload" as="font" href="http://[::1]:5173/__laravel_vite_plugin__/fonts/22d0428fd89a46da.woff2" type="font/woff2" crossorigin="anonymous" /&gt;\n
&lt;link rel="preload" as="font" href="http://[::1]:5173/__laravel_vite_plugin__/fonts/5c9815f89dd56793.woff2" type="font/woff2" crossorigin="anonymous" /&gt;\n
&lt;style&gt;\n
@font-face {\n
  font-family: "Instrument Sans";\n
  font-style: normal;\n
  font-weight: 400;\n
  font-display: swap;\n
  src: url("http://[::1]:5173/__laravel_vite_plugin__/fonts/ea645afcabd594bc.woff2") format("woff2");\n
  unicode-range: U+0000-00FF,U+0131,U+0152-0153,U+02BB-02BC,U+02C6,U+02DA,U+02DC,U+0304,U+0308,U+0329,U+2000-206F,U+20AC,U+2122,U+2191,U+2193,U+2212,U+2215,U+FEFF,U+FFFD;\n
}\n
\n
@font-face {\n
  font-family: "Instrument Sans";\n
  font-style: normal;\n
  font-weight: 400;\n
  font-display: swap;\n
  src: url("http://[::1]:5173/__laravel_vite_plugin__/fonts/9067251ad15b12f7.woff") format("woff");\n
  unicode-range: U+0000-00FF,U+0131,U+0152-0153,U+02BB-02BC,U+02C6,U+02DA,U+02DC,U+0304,U+0308,U+0329,U+2000-206F,U+20AC,U+2122,U+2191,U+2193,U+2212,U+2215,U+FEFF,U+FFFD;\n
}\n
\n
@font-face {\n
  font-family: "Instrument Sans";\n
  font-style: normal;\n
  font-weight: 400;\n
  font-display: swap;\n
  src: url("http://[::1]:5173/__laravel_vite_plugin__/fonts/e13a0e67f60c0b65.woff2") format("woff2");\n
  unicode-range: U+0100-02BA,U+02BD-02C5,U+02C7-02CC,U+02CE-02D7,U+02DD-02FF,U+0304,U+0308,U+0329,U+1D00-1DBF,U+1E00-1E9F,U+1EF2-1EFF,U+2020,U+20A0-20AB,U+20AD-20C0,U+2113,U+2C60-2C7F,U+A720-A7FF;\n
}\n
\n
@font-face {\n
  font-family: "Instrument Sans";\n
  font-style: normal;\n
  font-weight: 400;\n
  font-display: swap;\n
  src: url("http://[::1]:5173/__laravel_vite_plugin__/fonts/edf45ece220fdbfd.woff") format("woff");\n
  unicode-range: U+0100-02BA,U+02BD-02C5,U+02C7-02CC,U+02CE-02D7,U+02DD-02FF,U+0304,U+0308,U+0329,U+1D00-1DBF,U+1E00-1E9F,U+1EF2-1EFF,U+2020,U+20A0-20AB,U+20AD-20C0,U+2113,U+2C60-2C7F,U+A720-A7FF;\n
}\n
\n
@font-face {\n
  font-family: "Instrument Sans";\n
  font-style: normal;\n
  font-weight: 500;\n
  font-display: swap;\n
  src: url("http://[::1]:5173/__laravel_vite_plugin__/fonts/c2fdfafeb3cde952.woff2") format("woff2");\n
  unicode-range: U+0000-00FF,U+0131,U+0152-0153,U+02BB-02BC,U+02C6,U+02DA,U+02DC,U+0304,U+0308,U+0329,U+2000-206F,U+20AC,U+2122,U+2191,U+2193,U+2212,U+2215,U+FEFF,U+FFFD;\n
}\n
\n
@font-face {\n
  font-family: "Instrument Sans";\n
  font-style: normal;\n
  font-weight: 500;\n
  font-display: swap;\n
  src: url("http://[::1]:5173/__laravel_vite_plugin__/fonts/1d7bb1e8acefa968.woff") format("woff");\n
  unicode-range: U+0000-00FF,U+0131,U+0152-0153,U+02BB-02BC,U+02C6,U+02DA,U+02DC,U+0304,U+0308,U+0329,U+2000-206F,U+20AC,U+2122,U+2191,U+2193,U+2212,U+2215,U+FEFF,U+FFFD;\n
}\n
\n
@font-face {\n
  font-family: "Instrument Sans";\n
  font-style: normal;\n
  font-weight: 500;\n
  font-display: swap;\n
  src: url("http://[::1]:5173/__laravel_vite_plugin__/fonts/b420813ba1a549df.woff2") format("woff2");\n
  unicode-range: U+0100-02BA,U+02BD-02C5,U+02C7-02CC,U+02CE-02D7,U+02DD-02FF,U+0304,U+0308,U+0329,U+1D00-1DBF,U+1E00-1E9F,U+1EF2-1EFF,U+2020,U+20A0-20AB,U+20AD-20C0,U+2113,U+2C60-2C7F,U+A720-A7FF;\n
}\n
\n
@font-face {\n
  font-family: "Instrument Sans";\n
  font-style: normal;\n
  font-weight: 500;\n
  font-display: swap;\n
  src: url("http://[::1]:5173/__laravel_vite_plugin__/fonts/f80b5cc6f94923d1.woff") format("woff");\n
  unicode-range: U+0100-02BA,U+02BD-02C5,U+02C7-02CC,U+02CE-02D7,U+02DD-02FF,U+0304,U+0308,U+0329,U+1D00-1DBF,U+1E00-1E9F,U+1EF2-1EFF,U+2020,U+20A0-20AB,U+20AD-20C0,U+2113,U+2C60-2C7F,U+A720-A7FF;\n
}\n
\n
@font-face {\n
  font-family: "Instrument Sans";\n
  font-style: normal;\n
  font-weight: 600;\n
  font-display: swap;\n
  src: url("http://[::1]:5173/__laravel_vite_plugin__/fonts/87e72b6e2128e999.woff2") format("woff2");\n
  unicode-range: U+0000-00FF,U+0131,U+0152-0153,U+02BB-02BC,U+02C6,U+02DA,U+02DC,U+0304,U+0308,U+0329,U+2000-206F,U+20AC,U+2122,U+2191,U+2193,U+2212,U+2215,U+FEFF,U+FFFD;\n
}\n
\n
@font-face {\n
  font-family: "Instrument Sans";\n
  font-style: normal;\n
  font-weight: 600;\n
  font-display: swap;\n
  src: url("http://[::1]:5173/__laravel_vite_plugin__/fonts/944dc0e624fb0d72.woff") format("woff");\n
  unicode-range: U+0000-00FF,U+0131,U+0152-0153,U+02BB-02BC,U+02C6,U+02DA,U+02DC,U+0304,U+0308,U+0329,U+2000-206F,U+20AC,U+2122,U+2191,U+2193,U+2212,U+2215,U+FEFF,U+FFFD;\n
}\n
\n
@font-face {\n
  font-family: "Instrument Sans";\n
  font-style: normal;\n
  font-weight: 600;\n
  font-display: swap;\n
  src: url("http://[::1]:5173/__laravel_vite_plugin__/fonts/7ddb053ec4a68eee.woff2") format("woff2");\n
  unicode-range: U+0100-02BA,U+02BD-02C5,U+02C7-02CC,U+02CE-02D7,U+02DD-02FF,U+0304,U+0308,U+0329,U+1D00-1DBF,U+1E00-1E9F,U+1EF2-1EFF,U+2020,U+20A0-20AB,U+20AD-20C0,U+2113,U+2C60-2C7F,U+A720-A7FF;\n
}\n
\n
@font-face {\n
  font-family: "Instrument Sans";\n
  font-style: normal;\n
  font-weight: 600;\n
  font-display: swap;\n
  src: url("http://[::1]:5173/__laravel_vite_plugin__/fonts/30417eebd2357154.woff") format("woff");\n
  unicode-range: U+0100-02BA,U+02BD-02C5,U+02C7-02CC,U+02CE-02D7,U+02DD-02FF,U+0304,U+0308,U+0329,U+1D00-1DBF,U+1E00-1E9F,U+1EF2-1EFF,U+2020,U+20A0-20AB,U+20AD-20C0,U+2113,U+2C60-2C7F,U+A720-A7FF;\n
}\n
\n
@font-face {\n
  font-family: "Anek Bangla";\n
  font-style: normal;\n
  font-weight: 400;\n
  font-display: swap;\n
  src: url("http://[::1]:5173/__laravel_vite_plugin__/fonts/c7d49c2bf40b7d8b.woff2") format("woff2");\n
  unicode-range: U+0000-00FF,U+0131,U+0152-0153,U+02BB-02BC,U+02C6,U+02DA,U+02DC,U+0304,U+0308,U+0329,U+2000-206F,U+20AC,U+2122,U+2191,U+2193,U+2212,U+2215,U+FEFF,U+FFFD;\n
}\n
\n
@font-face {\n
  font-family: "Anek Bangla";\n
  font-style: normal;\n
  font-weight: 400;\n
  font-display: swap;\n
  src: url("http://[::1]:5173/__laravel_vite_plugin__/fonts/26a89185855e8740.woff") format("woff");\n
  unicode-range: U+0000-00FF,U+0131,U+0152-0153,U+02BB-02BC,U+02C6,U+02DA,U+02DC,U+0304,U+0308,U+0329,U+2000-206F,U+20AC,U+2122,U+2191,U+2193,U+2212,U+2215,U+FEFF,U+FFFD;\n
}\n
\n
@font-face {\n
  font-family: "Anek Bangla";\n
  font-style: normal;\n
  font-weight: 400;\n
  font-display: swap;\n
  src: url("http://[::1]:5173/__laravel_vite_plugin__/fonts/a3ed3d952a9343ef.woff2") format("woff2");\n
  unicode-range: U+0951-0952,U+0964-0965,U+0980-09FE,U+1CD0,U+1CD2,U+1CD5-1CD6,U+1CD8,U+1CE1,U+1CEA,U+1CED,U+1CF2,U+1CF5-1CF7,U+200C-200D,U+20B9,U+25CC,U+A8F1;\n
}\n
\n
@font-face {\n
  font-family: "Anek Bangla";\n
  font-style: normal;\n
  font-weight: 400;\n
  font-display: swap;\n
  src: url("http://[::1]:5173/__laravel_vite_plugin__/fonts/ed4d632ca39cd189.woff") format("woff");\n
  unicode-range: U+0951-0952,U+0964-0965,U+0980-09FE,U+1CD0,U+1CD2,U+1CD5-1CD6,U+1CD8,U+1CE1,U+1CEA,U+1CED,U+1CF2,U+1CF5-1CF7,U+200C-200D,U+20B9,U+25CC,U+A8F1;\n
}\n
\n
@font-face {\n
  font-family: "Anek Bangla";\n
  font-style: normal;\n
  font-weight: 400;\n
  font-display: swap;\n
  src: url("http://[::1]:5173/__laravel_vite_plugin__/fonts/022b32e3c1d12211.woff2") format("woff2");\n
  unicode-range: U+0100-02BA,U+02BD-02C5,U+02C7-02CC,U+02CE-02D7,U+02DD-02FF,U+0304,U+0308,U+0329,U+1D00-1DBF,U+1E00-1E9F,U+1EF2-1EFF,U+2020,U+20A0-20AB,U+20AD-20C0,U+2113,U+2C60-2C7F,U+A720-A7FF;\n
}\n
\n
@font-face {\n
  font-family: "Anek Bangla";\n
  font-style: normal;\n
  font-weight: 400;\n
  font-display: swap;\n
  src: url("http://[::1]:5173/__laravel_vite_plugin__/fonts/1c0b85db0ef4391f.woff") format("woff");\n
  unicode-range: U+0100-02BA,U+02BD-02C5,U+02C7-02CC,U+02CE-02D7,U+02DD-02FF,U+0304,U+0308,U+0329,U+1D00-1DBF,U+1E00-1E9F,U+1EF2-1EFF,U+2020,U+20A0-20AB,U+20AD-20C0,U+2113,U+2C60-2C7F,U+A720-A7FF;\n
}\n
\n
@font-face {\n
  font-family: "Anek Bangla";\n
  font-style: normal;\n
  font-weight: 500;\n
  font-display: swap;\n
  src: url("http://[::1]:5173/__laravel_vite_plugin__/fonts/d31ce265d33247ac.woff2") format("woff2");\n
  unicode-range: U+0000-00FF,U+0131,U+0152-0153,U+02BB-02BC,U+02C6,U+02DA,U+02DC,U+0304,U+0308,U+0329,U+2000-206F,U+20AC,U+2122,U+2191,U+2193,U+2212,U+2215,U+FEFF,U+FFFD;\n
}\n
\n
@font-face {\n
  font-family: "Anek Bangla";\n
  font-style: normal;\n
  font-weight: 500;\n
  font-display: swap;\n
  src: url("http://[::1]:5173/__laravel_vite_plugin__/fonts/ca9fe83179c38ba8.woff") format("woff");\n
  unicode-range: U+0000-00FF,U+0131,U+0152-0153,U+02BB-02BC,U+02C6,U+02DA,U+02DC,U+0304,U+0308,U+0329,U+2000-206F,U+20AC,U+2122,U+2191,U+2193,U+2212,U+2215,U+FEFF,U+FFFD;\n
}\n
\n
@font-face {\n
  font-family: "Anek Bangla";\n
  font-style: normal;\n
  font-weight: 500;\n
  font-display: swap;\n
  src: url("http://[::1]:5173/__laravel_vite_plugin__/fonts/387bf8f15f1cc815.woff2") format("woff2");\n
  unicode-range: U+0951-0952,U+0964-0965,U+0980-09FE,U+1CD0,U+1CD2,U+1CD5-1CD6,U+1CD8,U+1CE1,U+1CEA,U+1CED,U+1CF2,U+1CF5-1CF7,U+200C-200D,U+20B9,U+25CC,U+A8F1;\n
}\n
\n
@font-face {\n
  font-family: "Anek Bangla";\n
  font-style: normal;\n
  font-weight: 500;\n
  font-display: swap;\n
  src: url("http://[::1]:5173/__laravel_vite_plugin__/fonts/4266324a7180782d.woff") format("woff");\n
  unicode-range: U+0951-0952,U+0964-0965,U+0980-09FE,U+1CD0,U+1CD2,U+1CD5-1CD6,U+1CD8,U+1CE1,U+1CEA,U+1CED,U+1CF2,U+1CF5-1CF7,U+200C-200D,U+20B9,U+25CC,U+A8F1;\n
}\n
\n
@font-face {\n
  font-family: "Anek Bangla";\n
  font-style: normal;\n
  font-weight: 500;\n
  font-display: swap;\n
  src: url("http://[::1]:5173/__laravel_vite_plugin__/fonts/6e6f6bd40218ac76.woff2") format("woff2");\n
  unicode-range: U+0100-02BA,U+02BD-02C5,U+02C7-02CC,U+02CE-02D7,U+02DD-02FF,U+0304,U+0308,U+0329,U+1D00-1DBF,U+1E00-1E9F,U+1EF2-1EFF,U+2020,U+20A0-20AB,U+20AD-20C0,U+2113,U+2C60-2C7F,U+A720-A7FF;\n
}\n
\n
@font-face {\n
  font-family: "Anek Bangla";\n
  font-style: normal;\n
  font-weight: 500;\n
  font-display: swap;\n
  src: url("http://[::1]:5173/__laravel_vite_plugin__/fonts/b57df96a4a044a38.woff") format("woff");\n
  unicode-range: U+0100-02BA,U+02BD-02C5,U+02C7-02CC,U+02CE-02D7,U+02DD-02FF,U+0304,U+0308,U+0329,U+1D00-1DBF,U+1E00-1E9F,U+1EF2-1EFF,U+2020,U+20A0-20AB,U+20AD-20C0,U+2113,U+2C60-2C7F,U+A720-A7FF;\n
}\n
\n
@font-face {\n
  font-family: "Anek Bangla";\n
  font-style: normal;\n
  font-weight: 600;\n
  font-display: swap;\n
  src: url("http://[::1]:5173/__laravel_vite_plugin__/fonts/68e80849f2ec9a2a.woff2") format("woff2");\n
  unicode-range: U+0000-00FF,U+0131,U+0152-0153,U+02BB-02BC,U+02C6,U+02DA,U+02DC,U+0304,U+0308,U+0329,U+2000-206F,U+20AC,U+2122,U+2191,U+2193,U+2212,U+2215,U+FEFF,U+FFFD;\n
}\n
\n
@font-face {\n
  font-family: "Anek Bangla";\n
  font-style: normal;\n
  font-weight: 600;\n
  font-display: swap;\n
  src: url("http://[::1]:5173/__laravel_vite_plugin__/fonts/f98292233abf45f0.woff") format("woff");\n
  unicode-range: U+0000-00FF,U+0131,U+0152-0153,U+02BB-02BC,U+02C6,U+02DA,U+02DC,U+0304,U+0308,U+0329,U+2000-206F,U+20AC,U+2122,U+2191,U+2193,U+2212,U+2215,U+FEFF,U+FFFD;\n
}\n
\n
@font-face {\n
  font-family: "Anek Bangla";\n
  font-style: normal;\n
  font-weight: 600;\n
  font-display: swap;\n
  src: url("http://[::1]:5173/__laravel_vite_plugin__/fonts/08cdf94a6aab99e8.woff2") format("woff2");\n
  unicode-range: U+0951-0952,U+0964-0965,U+0980-09FE,U+1CD0,U+1CD2,U+1CD5-1CD6,U+1CD8,U+1CE1,U+1CEA,U+1CED,U+1CF2,U+1CF5-1CF7,U+200C-200D,U+20B9,U+25CC,U+A8F1;\n
}\n
\n
@font-face {\n
  font-family: "Anek Bangla";\n
  font-style: normal;\n
  font-weight: 600;\n
  font-display: swap;\n
  src: url("http://[::1]:5173/__laravel_vite_plugin__/fonts/dd8eb8e4ec387127.woff") format("woff");\n
  unicode-range: U+0951-0952,U+0964-0965,U+0980-09FE,U+1CD0,U+1CD2,U+1CD5-1CD6,U+1CD8,U+1CE1,U+1CEA,U+1CED,U+1CF2,U+1CF5-1CF7,U+200C-200D,U+20B9,U+25CC,U+A8F1;\n
}\n
\n
@font-face {\n
  font-family: "Anek Bangla";\n
  font-style: normal;\n
  font-weight: 600;\n
  font-display: swap;\n
  src: url("http://[::1]:5173/__laravel_vite_plugin__/fonts/280c0847e0c6d1fc.woff2") format("woff2");\n
  unicode-range: U+0100-02BA,U+02BD-02C5,U+02C7-02CC,U+02CE-02D7,U+02DD-02FF,U+0304,U+0308,U+0329,U+1D00-1DBF,U+1E00-1E9F,U+1EF2-1EFF,U+2020,U+20A0-20AB,U+20AD-20C0,U+2113,U+2C60-2C7F,U+A720-A7FF;\n
}\n
\n
@font-face {\n
  font-family: "Anek Bangla";\n
  font-style: normal;\n
  font-weight: 600;\n
  font-display: swap;\n
  src: url("http://[::1]:5173/__laravel_vite_plugin__/fonts/37b1603bdd05f24d.woff") format("woff");\n
  unicode-range: U+0100-02BA,U+02BD-02C5,U+02C7-02CC,U+02CE-02D7,U+02DD-02FF,U+0304,U+0308,U+0329,U+1D00-1DBF,U+1E00-1E9F,U+1EF2-1EFF,U+2020,U+20A0-20AB,U+20AD-20C0,U+2113,U+2C60-2C7F,U+A720-A7FF;\n
}\n
\n
@font-face {\n
  font-family: "Anek Bangla";\n
  font-style: normal;\n
  font-weight: 700;\n
  font-display: swap;\n
  src: url("http://[::1]:5173/__laravel_vite_plugin__/fonts/bc24ac7b669979f2.woff2") format("woff2");\n
  unicode-range: U+0000-00FF,U+0131,U+0152-0153,U+02BB-02BC,U+02C6,U+02DA,U+02DC,U+0304,U+0308,U+0329,U+2000-206F,U+20AC,U+2122,U+2191,U+2193,U+2212,U+2215,U+FEFF,U+FFFD;\n
}\n
\n
@font-face {\n
  font-family: "Anek Bangla";\n
  font-style: normal;\n
  font-weight: 700;\n
  font-display: swap;\n
  src: url("http://[::1]:5173/__laravel_vite_plugin__/fonts/59ee115c64988b15.woff") format("woff");\n
  unicode-range: U+0000-00FF,U+0131,U+0152-0153,U+02BB-02BC,U+02C6,U+02DA,U+02DC,U+0304,U+0308,U+0329,U+2000-206F,U+20AC,U+2122,U+2191,U+2193,U+2212,U+2215,U+FEFF,U+FFFD;\n
}\n
\n
@font-face {\n
  font-family: "Anek Bangla";\n
  font-style: normal;\n
  font-weight: 700;\n
  font-display: swap;\n
  src: url("http://[::1]:5173/__laravel_vite_plugin__/fonts/22d0428fd89a46da.woff2") format("woff2");\n
  unicode-range: U+0951-0952,U+0964-0965,U+0980-09FE,U+1CD0,U+1CD2,U+1CD5-1CD6,U+1CD8,U+1CE1,U+1CEA,U+1CED,U+1CF2,U+1CF5-1CF7,U+200C-200D,U+20B9,U+25CC,U+A8F1;\n
}\n
\n
@font-face {\n
  font-family: "Anek Bangla";\n
  font-style: normal;\n
  font-weight: 700;\n
  font-display: swap;\n
  src: url("http://[::1]:5173/__laravel_vite_plugin__/fonts/b4ae15783a774b6a.woff") format("woff");\n
  unicode-range: U+0951-0952,U+0964-0965,U+0980-09FE,U+1CD0,U+1CD2,U+1CD5-1CD6,U+1CD8,U+1CE1,U+1CEA,U+1CED,U+1CF2,U+1CF5-1CF7,U+200C-200D,U+20B9,U+25CC,U+A8F1;\n
}\n
\n
@font-face {\n
  font-family: "Anek Bangla";\n
  font-style: normal;\n
  font-weight: 700;\n
  font-display: swap;\n
  src: url("http://[::1]:5173/__laravel_vite_plugin__/fonts/5c9815f89dd56793.woff2") format("woff2");\n
  unicode-range: U+0100-02BA,U+02BD-02C5,U+02C7-02CC,U+02CE-02D7,U+02DD-02FF,U+0304,U+0308,U+0329,U+1D00-1DBF,U+1E00-1E9F,U+1EF2-1EFF,U+2020,U+20A0-20AB,U+20AD-20C0,U+2113,U+2C60-2C7F,U+A720-A7FF;\n
}\n
\n
@font-face {\n
  font-family: "Anek Bangla";\n
  font-style: normal;\n
  font-weight: 700;\n
  font-display: swap;\n
  src: url("http://[::1]:5173/__laravel_vite_plugin__/fonts/c6c7091ab61dd0a3.woff") format("woff");\n
  unicode-range: U+0100-02BA,U+02BD-02C5,U+02C7-02CC,U+02CE-02D7,U+02DD-02FF,U+0304,U+0308,U+0329,U+1D00-1DBF,U+1E00-1E9F,U+1EF2-1EFF,U+2020,U+20A0-20AB,U+20AD-20C0,U+2113,U+2C60-2C7F,U+A720-A7FF;\n
}\n
\n
:root {\n
  --font-instrument-sans: "Instrument Sans", "Instrument Sans fallback";\n
  --font-anek-bangla: "Anek Bangla", "Anek Bangla fallback";\n
}\n
\n
.font-instrument-sans {\n
  font-family: var(--font-instrument-sans);\n
}\n
\n
.font-anek-bangla {\n
  font-family: var(--font-anek-bangla);\n
}\n
&lt;/style&gt;    &lt;script type="module" src="http://[::1]:5173/@vite/client"&gt;&lt;/script&gt;&lt;link rel="stylesheet" href="http://[::1]:5173/resources/css/app.css" /&gt;&lt;script type="module" src="http://[::1]:5173/resources/js/app.js"&gt;&lt;/script&gt;        &lt;/head&gt;\n
&lt;body class="bg-erp-bg text-gray-900 font-sans antialiased min-h-screen"\n
      :class="{ 'sidebar-open': sidebarOpen }"\n
      x-data='erpShell({"Organization":false,"Commercial":false,"Product":false,"Material_and_Fabric":false,"Order_and_Shipment":false,"Production_and_Status":false,"Finance":false,"Supplier":false,"Sample":false,"hrm_Organization":false,"hrm_Work_Schedule":false,"hrm_Employee_Setup":false,"hrm_Biometric":false,"attendance_grp_Device_and_Biometric":false,"attendance_grp_Daily_Records":true,"attendance_grp_Scheduling":false,"attendance_grp_Rules_and_Policy":false,"attendance_grp_HR_Adjustments":false,"attendance_grp_Mobile_Check-in":false,"leave_grp_Setup_and_Policy":false,"leave_grp_Balances_and_Ledger":false,"leave_grp_Processing":false,"salary_grp_Overview":false,"salary_grp_Salary_Structure":false,"salary_grp_Payroll_Run":false,"salary_grp_Increments":false,"compliance_grp_Registers_and_Reports":false,"compliance_grp_Benefits":false,"finance_grp_Statutory_Deductions":false,"finance_grp_Exit_and_Settlement":false,"rmg_grp_Overview":false,"rmg_grp_Movement_and_Gate":false,"rmg_grp_Planning_and_Compliance":false,"rmg_grp_Welfare_and_Training":false,"rmg_grp_Payroll_RMG":false,"tms_grp_Operations":false,"tms_grp_Vehicle_Management":false,"tms_grp_Setup":false,"master_data":false,"attendance":true,"leave":false,"salary":false,"compliance":false,"finance":false,"rmg":false,"employee":false,"recruitment":false,"performance":false,"tms":false,"dashboards":false}, false)'&gt;\n
\n
    \n
    &lt;div x-show="sidebarOpen" x-transition.opacity\n
         @click="sidebarOpen = false"\n
         class="fixed inset-0 z-40 bg-black/50 lg:hidden" x-cloak&gt;&lt;/div&gt;\n
\n
    &lt;div class="flex min-h-screen"&gt;\n
\n
        &lt;aside class="erp-sidebar fixed inset-y-0 left-0 z-50 w-64 flex flex-col transform transition-transform duration-200 lg:translate-x-0"\n
       :class="sidebarOpen ? 'translate-x-0' : '-translate-x-full lg:translate-x-0'"&gt;\n
\n
    \n
    &lt;div class="erp-sidebar-brand h-14 flex items-center gap-3 px-4 shrink-0"&gt;\n
                    &lt;div class="w-8 h-8 bg-gold rounded-sm flex items-center justify-center shrink-0 shadow-sm"&gt;\n
                &lt;svg class="w-4 h-4 text-white" fill="none" stroke="currentColor" stroke-width="2" viewBox="0 0 24 24"&gt;\n
                    &lt;path d="M4 7h16M4 12h16M4 17h10" stroke-linecap="round"/&gt;\n
                &lt;/svg&gt;\n
            &lt;/div&gt;\n
                &lt;div class="min-w-0 flex-1"&gt;\n
            &lt;p class="text-sm font-bold truncate leading-tight"&gt;Norbangroup&lt;/p&gt;\n
            &lt;p class="text-[10px] text-white/50 uppercase tracking-widest"&gt;Manufacturer&lt;/p&gt;\n
        &lt;/div&gt;\n
    &lt;/div&gt;\n
\n
    \n
    &lt;nav id="erp-sidebar-nav" class="flex-1 overflow-y-auto erp-sidebar-scroll py-2 px-2"\n
         @click="if (window.matchMedia('(max-width: 1023px)').matches &amp;&amp; $event.target.closest('a')) sidebarOpen = false"&gt;\n
\n
        &lt;div class="erp-nav-search"&gt;\n
            &lt;label for="erp-nav-search-input" class="sr-only"&gt;Search menu&lt;/label&gt;\n
            &lt;div class="erp-nav-search-field"&gt;\n
                &lt;svg class="erp-nav-search-icon" fill="none" stroke="currentColor" stroke-width="2" viewBox="0 0 24 24" aria-hidden="true"&gt;\n
                    &lt;path d="M21 21l-4.35-4.35M11 18a7 7 0 100-14 7 7 0 000 14z" stroke-linecap="round" stroke-linejoin="round"/&gt;\n
                &lt;/svg&gt;\n
                &lt;input id="erp-nav-search-input"\n
                       type="text"\n
                       x-model="navSearch"\n
                       @input="filterSidebarNav()"\n
                       @keydown.escape="clearNavSearch()"\n
                       placeholder="Search menu…"\n
                       class="erp-nav-search-input"\n
                       autocomplete="off"\n
                       spellcheck="false"&gt;\n
                &lt;button type="button"\n
                        x-show="navSearch.length"\n
                        x-cloak\n
                        @click="clearNavSearch()"\n
                        class="erp-nav-search-clear"\n
                        aria-label="Clear search"&gt;\n
                    &lt;svg class="h-3.5 w-3.5" fill="none" stroke="currentColor" stroke-width="2" viewBox="0 0 24 24"&gt;\n
                        &lt;path d="M6 18L18 6M6 6l12 12" stroke-linecap="round" stroke-linejoin="round"/&gt;\n
                    &lt;/svg&gt;\n
                &lt;/button&gt;\n
            &lt;/div&gt;\n
            &lt;p x-show="navSearchEmpty" x-cloak class="erp-nav-search-empty"&gt;No menu found.&lt;/p&gt;\n
        &lt;/div&gt;\n
\n
        &lt;p class="erp-nav-section" data-nav-section&gt;Operations&lt;/p&gt;\n
\n
        \n
        &lt;p class="erp-nav-section" data-nav-section&gt;Dashboard&lt;/p&gt;\n
\n
    &lt;div data-nav-branch&gt;\n
        &lt;button type="button"\n
                @click="openGroups['dashboards'] = !openGroups['dashboards']"\n
                data-nav-label="Dashboard All Dashboards"\n
                class="erp-nav-group erp-nav-group-active w-full"&gt;\n
            &lt;span class="erp-nav-group-icon bg-brand/10 text-brand"&gt;\n
                &lt;svg class="w-3.5 h-3.5" fill="none" stroke="currentColor" stroke-width="1.75" viewBox="0 0 24 24"&gt;\n
                    &lt;path d="M4 6a2 2 0 012-2h2a2 2 0 012 2v2a2 2 0 01-2 2H6a2 2 0 01-2-2V6zM14 6a2 2 0 012-2h2a2 2 0 012 2v2a2 2 0 01-2 2h-2a2 2 0 01-2-2V6zM4 16a2 2 0 012-2h2a2 2 0 012 2v2a2 2 0 01-2 2H6a2 2 0 01-2-2v-2zM14 16a2 2 0 012-2h2a2 2 0 012 2v2a2 2 0 01-2 2h-2a2 2 0 01-2-2v-2z" stroke-linecap="round" stroke-linejoin="round"/&gt;\n
                &lt;/svg&gt;\n
            &lt;/span&gt;\n
            &lt;span class="flex-1 text-left font-medium"&gt;All Dashboards&lt;/span&gt;\n
            &lt;span class="text-[10px] tabular-nums text-gray-400 mr-1"&gt;2&lt;/span&gt;\n
            &lt;svg class="w-3.5 h-3.5 text-gray-400 transition-transform shrink-0"\n
                 :class="openGroups['dashboards'] &amp;&amp; 'rotate-180'"\n
                 fill="none" stroke="currentColor" stroke-width="2" viewBox="0 0 24 24"&gt;\n
                &lt;path d="M6 9l6 6 6-6" stroke-linecap="round" stroke-linejoin="round"/&gt;\n
            &lt;/svg&gt;\n
        &lt;/button&gt;\n
\n
        &lt;div x-show="openGroups['dashboards']" x-cloak class="erp-nav-sub" data-nav-open-key="dashboards"&gt;\n
                                            &lt;a href="http://localhost:8000/admin/hrm"\n
                   data-nav-label="Dashboard HRM"\n
                   class="erp-nav-sub-link "&gt;\n
                    HRM\n
                &lt;/a&gt;\n
                                            &lt;a href="http://localhost:8000/admin/hrm/attendance/dashboard"\n
                   data-nav-label="Dashboard HRM Attendance"\n
                   class="erp-nav-sub-link erp-nav-sub-link-active"&gt;\n
                    Attendance\n
                &lt;/a&gt;\n
                    &lt;/div&gt;\n
    &lt;/div&gt;\n
\n
                    &lt;p class="erp-nav-section" data-nav-section&gt;HRM&lt;/p&gt;\n
\n
            \n
            \n
            &lt;div data-nav-branch&gt;\n
        &lt;button type="button"\n
                @click="openGroups['attendance'] = !openGroups['attendance']"\n
                data-nav-label="HRM Attendance"\n
                class="erp-nav-group erp-nav-group-active w-full"&gt;\n
            &lt;span class="erp-nav-group-icon erp-nav-group-icon-hrm"&gt;\n
                &lt;svg class="w-3.5 h-3.5" fill="none" stroke="currentColor" stroke-width="1.75" viewBox="0 0 24 24"&gt;\n
                    &lt;path d="M12 8v4l3 3m6-3a9 9 0 11-18 0 9 9 0 0118 0z" stroke-linecap="round" stroke-linejoin="round"/&gt;\n
                &lt;/svg&gt;\n
            &lt;/span&gt;\n
            &lt;span class="flex-1 text-left font-medium"&gt;Attendance&lt;/span&gt;\n
            &lt;svg class="w-3.5 h-3.5 text-gray-400 transition-transform shrink-0"\n
                 :class="openGroups['attendance'] &amp;&amp; 'rotate-180'"\n
                 fill="none" stroke="currentColor" stroke-width="2" viewBox="0 0 24 24"&gt;\n
                &lt;path d="M6 9l6 6 6-6" stroke-linecap="round" stroke-linejoin="round"/&gt;\n
            &lt;/svg&gt;\n
        &lt;/button&gt;\n
\n
        &lt;div x-show="openGroups['attendance']" x-cloak class="erp-nav-sub" data-nav-open-key="attendance"&gt;\n
            &lt;a href="http://localhost:8000/admin/hrm/attendance"\n
               data-nav-label="HRM Attendance Hub"\n
               class="erp-nav-sub-link "&gt;\n
                Hub\n
            &lt;/a&gt;\n
\n
                                                                                        &lt;div data-nav-branch&gt;\n
                    &lt;button type="button"\n
                            @click="openGroups['attendance_grp_Device_and_Biometric'] = !openGroups['attendance_grp_Device_and_Biometric']"\n
                            data-nav-label="HRM Attendance Device &amp;amp; Biometric"\n
                            class="erp-nav-sub-group "&gt;\n
                        &lt;span class="flex-1 text-left"&gt;Device &amp;amp; Biometric&lt;/span&gt;\n
                        &lt;span class="text-[10px] tabular-nums text-gray-400 mr-1"&gt;2&lt;/span&gt;\n
                        &lt;svg class="w-3 h-3 text-gray-400 transition-transform shrink-0"\n
                             :class="openGroups['attendance_grp_Device_and_Biometric'] &amp;&amp; 'rotate-180'"\n
                             fill="none" stroke="currentColor" stroke-width="2" viewBox="0 0 24 24"&gt;\n
                            &lt;path d="M6 9l6 6 6-6" stroke-linecap="round" stroke-linejoin="round"/&gt;\n
                        &lt;/svg&gt;\n
                    &lt;/button&gt;\n
                    &lt;div x-show="openGroups['attendance_grp_Device_and_Biometric']" x-cloak class="erp-nav-sub-nested" data-nav-open-key="attendance_grp_Device_and_Biometric"&gt;\n
                                                                                &lt;a href="http://localhost:8000/admin/hrm/attendance/sync"\n
                               data-nav-label="HRM Attendance Device &amp;amp; Biometric Device Sync"\n
                               class="erp-nav-sub-link "&gt;\n
                                Device Sync\n
                            &lt;/a&gt;\n
                                                                                &lt;a href="http://localhost:8000/admin/hrm/attendance/punches"\n
                               data-nav-label="HRM Attendance Device &amp;amp; Biometric Punch Logs"\n
                               class="erp-nav-sub-link "&gt;\n
                                Punch Logs\n
                            &lt;/a&gt;\n
                                            &lt;/div&gt;\n
                    &lt;/div&gt;\n
                                                                            &lt;div data-nav-branch&gt;\n
                    &lt;button type="button"\n
                            @click="openGroups['attendance_grp_Daily_Records'] = !openGroups['attendance_grp_Daily_Records']"\n
                            data-nav-label="HRM Attendance Daily Records"\n
                            class="erp-nav-sub-group erp-nav-sub-group-active"&gt;\n
                        &lt;span class="flex-1 text-left"&gt;Daily Records&lt;/span&gt;\n
                        &lt;span class="text-[10px] tabular-nums text-gray-400 mr-1"&gt;3&lt;/span&gt;\n
                        &lt;svg class="w-3 h-3 text-gray-400 transition-transform shrink-0"\n
                             :class="openGroups['attendance_grp_Daily_Records'] &amp;&amp; 'rotate-180'"\n
                             fill="none" stroke="currentColor" stroke-width="2" viewBox="0 0 24 24"&gt;\n
                            &lt;path d="M6 9l6 6 6-6" stroke-linecap="round" stroke-linejoin="round"/&gt;\n
                        &lt;/svg&gt;\n
                    &lt;/button&gt;\n
                    &lt;div x-show="openGroups['attendance_grp_Daily_Records']" x-cloak class="erp-nav-sub-nested" data-nav-open-key="attendance_grp_Daily_Records"&gt;\n
                                                                                &lt;a href="http://localhost:8000/admin/hrm/attendance/daily"\n
                               data-nav-label="HRM Attendance Daily Records Daily Summary"\n
                               class="erp-nav-sub-link erp-nav-sub-link-active"&gt;\n
                                Daily Summary\n
                            &lt;/a&gt;\n
                                                                                &lt;a href="http://localhost:8000/admin/hrm/attendance/periods"\n
                               data-nav-label="HRM Attendance Daily Records Periods"\n
                               class="erp-nav-sub-link "&gt;\n
                                Periods\n
                            &lt;/a&gt;\n
                                                                                &lt;a href="http://localhost:8000/admin/hrm/attendance/reports"\n
                               data-nav-label="HRM Attendance Daily Records Reports"\n
                               class="erp-nav-sub-link "&gt;\n
                                Reports\n
                            &lt;/a&gt;\n
                                            &lt;/div&gt;\n
                    &lt;/div&gt;\n
                                                                            &lt;div data-nav-branch&gt;\n
                    &lt;button type="button"\n
                            @click="openGroups['attendance_grp_Scheduling'] = !openGroups['attendance_grp_Scheduling']"\n
                            data-nav-label="HRM Attendance Scheduling"\n
                            class="erp-nav-sub-group "&gt;\n
                        &lt;span class="flex-1 text-left"&gt;Scheduling&lt;/span&gt;\n
                        &lt;span class="text-[10px] tabular-nums text-gray-400 mr-1"&gt;1&lt;/span&gt;\n
                        &lt;svg class="w-3 h-3 text-gray-400 transition-transform shrink-0"\n
                             :class="openGroups['attendance_grp_Scheduling'] &amp;&amp; 'rotate-180'"\n
                             fill="none" stroke="currentColor" stroke-width="2" viewBox="0 0 24 24"&gt;\n
                            &lt;path d="M6 9l6 6 6-6" stroke-linecap="round" stroke-linejoin="round"/&gt;\n
                        &lt;/svg&gt;\n
                    &lt;/button&gt;\n
                    &lt;div x-show="openGroups['attendance_grp_Scheduling']" x-cloak class="erp-nav-sub-nested" data-nav-open-key="attendance_grp_Scheduling"&gt;\n
                                                                                &lt;a href="http://localhost:8000/admin/hrm/attendance/roster"\n
                               data-nav-label="HRM Attendance Scheduling Shift Roster"\n
                               class="erp-nav-sub-link "&gt;\n
                                Shift Roster\n
                            &lt;/a&gt;\n
                                            &lt;/div&gt;\n
                    &lt;/div&gt;\n
                                                                            &lt;div data-nav-branch&gt;\n
                    &lt;button type="button"\n
                            @click="openGroups['attendance_grp_Rules_and_Policy'] = !openGroups['attendance_grp_Rules_and_Policy']"\n
                            data-nav-label="HRM Attendance Rules &amp;amp; Policy"\n
                            class="erp-nav-sub-group "&gt;\n
                        &lt;span class="flex-1 text-left"&gt;Rules &amp;amp; Policy&lt;/span&gt;\n
                        &lt;span class="text-[10px] tabular-nums text-gray-400 mr-1"&gt;2&lt;/span&gt;\n
                        &lt;svg class="w-3 h-3 text-gray-400 transition-transform shrink-0"\n
                             :class="openGroups['attendance_grp_Rules_and_Policy'] &amp;&amp; 'rotate-180'"\n
                             fill="none" stroke="currentColor" stroke-width="2" viewBox="0 0 24 24"&gt;\n
                            &lt;path d="M6 9l6 6 6-6" stroke-linecap="round" stroke-linejoin="round"/&gt;\n
                        &lt;/svg&gt;\n
                    &lt;/button&gt;\n
                    &lt;div x-show="openGroups['attendance_grp_Rules_and_Policy']" x-cloak class="erp-nav-sub-nested" data-nav-open-key="attendance_grp_Rules_and_Policy"&gt;\n
                                                                                &lt;a href="http://localhost:8000/admin/hrm/attendance/policy"\n
                               data-nav-label="HRM Attendance Rules &amp;amp; Policy Policy"\n
                               class="erp-nav-sub-link "&gt;\n
                                Policy\n
                            &lt;/a&gt;\n
                                                                                &lt;a href="http://localhost:8000/admin/hrm/attendance/late-acceptance"\n
                               data-nav-label="HRM Attendance Rules &amp;amp; Policy Late Acceptance"\n
                               class="erp-nav-sub-link "&gt;\n
                                Late Acceptance\n
                            &lt;/a&gt;\n
                                            &lt;/div&gt;\n
                    &lt;/div&gt;\n
                                                                            &lt;div data-nav-branch&gt;\n
                    &lt;button type="button"\n
                            @click="openGroups['attendance_grp_HR_Adjustments'] = !openGroups['attendance_grp_HR_Adjustments']"\n
                            data-nav-label="HRM Attendance HR Adjustments"\n
                            class="erp-nav-sub-group "&gt;\n
                        &lt;span class="flex-1 text-left"&gt;HR Adjustments&lt;/span&gt;\n
                        &lt;span class="text-[10px] tabular-nums text-gray-400 mr-1"&gt;2&lt;/span&gt;\n
                        &lt;svg class="w-3 h-3 text-gray-400 transition-transform shrink-0"\n
                             :class="openGroups['attendance_grp_HR_Adjustments'] &amp;&amp; 'rotate-180'"\n
                             fill="none" stroke="currentColor" stroke-width="2" viewBox="0 0 24 24"&gt;\n
                            &lt;path d="M6 9l6 6 6-6" stroke-linecap="round" stroke-linejoin="round"/&gt;\n
                        &lt;/svg&gt;\n
                    &lt;/button&gt;\n
                    &lt;div x-show="openGroups['attendance_grp_HR_Adjustments']" x-cloak class="erp-nav-sub-nested" data-nav-open-key="attendance_grp_HR_Adjustments"&gt;\n
                                                                                &lt;a href="http://localhost:8000/admin/hrm/attendance/half-day-entry"\n
                               data-nav-label="HRM Attendance HR Adjustments Half Day Entry"\n
                               class="erp-nav-sub-link "&gt;\n
                                Half Day Entry\n
                            &lt;/a&gt;\n
                                                                                &lt;a href="http://localhost:8000/admin/hrm/attendance/manual-punch"\n
                               data-nav-label="HRM Attendance HR Adjustments Manual Punch"\n
                               class="erp-nav-sub-link "&gt;\n
                                Manual Punch\n
                            &lt;/a&gt;\n
                                            &lt;/div&gt;\n
                    &lt;/div&gt;\n
                                                                            &lt;div data-nav-branch&gt;\n
                    &lt;button type="button"\n
                            @click="openGroups['attendance_grp_Mobile_Check-in'] = !openGroups['attendance_grp_Mobile_Check-in']"\n
                            data-nav-label="HRM Attendance Mobile Check-in"\n
                            class="erp-nav-sub-group "&gt;\n
                        &lt;span class="flex-1 text-left"&gt;Mobile Check-in&lt;/span&gt;\n
                        &lt;span class="text-[10px] tabular-nums text-gray-400 mr-1"&gt;1&lt;/span&gt;\n
                        &lt;svg class="w-3 h-3 text-gray-400 transition-transform shrink-0"\n
                             :class="openGroups['attendance_grp_Mobile_Check-in'] &amp;&amp; 'rotate-180'"\n
                             fill="none" stroke="currentColor" stroke-width="2" viewBox="0 0 24 24"&gt;\n
                            &lt;path d="M6 9l6 6 6-6" stroke-linecap="round" stroke-linejoin="round"/&gt;\n
                        &lt;/svg&gt;\n
                    &lt;/button&gt;\n
                    &lt;div x-show="openGroups['attendance_grp_Mobile_Check-in']" x-cloak class="erp-nav-sub-nested" data-nav-open-key="attendance_grp_Mobile_Check-in"&gt;\n
                                                                                &lt;a href="http://localhost:8000/admin/hrm/attendance/gate-points"\n
                               data-nav-label="HRM Attendance Mobile Check-in Gate QR Points"\n
                               class="erp-nav-sub-link "&gt;\n
                                Gate QR Points\n
                            &lt;/a&gt;\n
                                            &lt;/div&gt;\n
                    &lt;/div&gt;\n
                                    &lt;/div&gt;\n
    &lt;/div&gt;\n
\n
            \n
            \n
            \n
            \n
            \n
                    \n
        \n
                    &lt;p class="erp-nav-section" data-nav-section&gt;Help&lt;/p&gt;\n
            &lt;a href="http://localhost:8000/admin/kb"\n
               data-nav-label="Knowledge Base Workflow Guides"\n
               class="erp-nav-link "&gt;\n
                &lt;svg class="w-4 h-4 shrink-0 opacity-80" fill="none" stroke="currentColor" stroke-width="1.75" viewBox="0 0 24 24"&gt;\n
                    &lt;path d="M12 6.253v13m0-13C10.832 5.477 9.246 5 7.5 5S4.168 5.477 3 6.253v13C4.168 18.477 5.754 18 7.5 18s3.332.477 4.5 1.253m0-13C13.168 5.477 14.754 5 16.5 5c1.747 0 3.332.477 4.5 1.253v13C19.832 18.477 18.247 18 16.5 18c-1.746 0-3.332.477-4.5 1.253" stroke-linecap="round" stroke-linejoin="round"/&gt;\n
                &lt;/svg&gt;\n
                Knowledge Base\n
            &lt;/a&gt;\n
        \n
        \n
                    &lt;p class="erp-nav-section" data-nav-section&gt;Account&lt;/p&gt;\n
            &lt;a href="http://localhost:8000/admin/profile"\n
               data-nav-label="Account My Profile"\n
               class="erp-nav-link "&gt;\n
                My Profile\n
            &lt;/a&gt;\n
            &lt;/nav&gt;\n
\n
    \n
    &lt;div class="erp-sidebar-footer p-3 shrink-0"&gt;\n
        &lt;a href="http://localhost:8000" target="_blank"&gt;\n
            &lt;svg class="w-3.5 h-3.5 shrink-0" fill="none" stroke="currentColor" stroke-width="2" viewBox="0 0 24 24"&gt;\n
                &lt;path d="M10 6H6a2 2 0 00-2 2v10a2 2 0 002 2h10a2 2 0 002-2v-4M14 4h6m0 0v6m0-6L10 14" stroke-linecap="round" stroke-linejoin="round"/&gt;\n
            &lt;/svg&gt;\n
            Public Requirement Form\n
        &lt;/a&gt;\n
    &lt;/div&gt;\n
&lt;/aside&gt;\n
\n
        &lt;div class="flex-1 flex flex-col min-w-0 lg:pl-64"&gt;\n
\n
            &lt;header class="h-14 bg-white border-b border-erp-border flex items-center justify-between px-3 sm:px-4 lg:px-6 shrink-0 sticky top-0 z-40 safe-top"&gt;\n
\n
    &lt;div class="flex items-center gap-2 sm:gap-3 min-w-0 flex-1"&gt;\n
        &lt;button type="button" @click="sidebarOpen = !sidebarOpen"\n
                class="lg:hidden p-2 -ml-1 text-gray-500 hover:text-gray-800 hover:bg-gray-100 rounded-sm min-w-[2.5rem] min-h-[2.5rem] flex items-center justify-center"\n
                aria-label="Toggle menu"&gt;\n
            &lt;svg class="w-5 h-5" fill="none" stroke="currentColor" stroke-width="2" viewBox="0 0 24 24"&gt;\n
                &lt;path d="M4 6h16M4 12h16M4 18h16" stroke-linecap="round"/&gt;\n
            &lt;/svg&gt;\n
        &lt;/button&gt;\n
\n
                    &lt;nav class="flex items-center gap-1.5 text-[10px] sm:text-xs text-gray-400 min-w-0 truncate"&gt;\n
                    &lt;a href="http://localhost:8000/admin/hrm/attendance" class="hover:text-brand"&gt;Attendance&lt;/a&gt;\n
    &lt;span&gt;/&lt;/span&gt;\n
    &lt;span class="text-gray-800 font-medium"&gt;Daily Summary&lt;/span&gt;\n
            &lt;/nav&gt;\n
                    &lt;/div&gt;\n
\n
    &lt;div class="flex items-center gap-2 shrink-0"&gt;\n
        &lt;div class="erp-live-clock hidden sm:flex"\r\n
     x-data="erpLiveClock('UTC')"\r\n
     aria-live="polite"\r\n
     aria-label="Current time"\r\n
     title="UTC"&gt;\r\n
    &lt;span class="erp-live-clock-time"&gt;\r\n
        &lt;span x-text="hour"&gt;&lt;/span&gt;&lt;span class="erp-live-clock-colon"&gt;:&lt;/span&gt;&lt;span x-text="minute"&gt;&lt;/span&gt;\r\n
        &lt;span class="erp-live-clock-period" x-text="period"&gt;&lt;/span&gt;\r\n
    &lt;/span&gt;\r\n
&lt;/div&gt;\r\n
\n
                    &lt;div class="relative z-50 shrink-0" x-data="notificationBell(0, 'http://localhost:8000/admin/notifications/unread-count', true)"&gt;\n
\n
    &lt;button type="button" x-ref="trigger" @click="toggle()" @click.outside="open = false"\n
            class="relative p-2 rounded-md text-gray-500 hover:text-brand hover:bg-brand/5 transition"\n
            title="Notifications"&gt;\n
        &lt;svg class="w-5 h-5" fill="none" stroke="currentColor" stroke-width="1.75" viewBox="0 0 24 24"&gt;\n
            &lt;path d="M15 17h5l-1.405-1.405A2.032 2.032 0 0118 14.158V11a6.002 6.002 0 00-4-5.659V5a2 2 0 10-4 0v.341C7.67 6.165 6 8.388 6 11v3.159c0 .538-.214 1.055-.595 1.436L4 17h5m6 0v1a3 3 0 11-6 0v-1m6 0H9" stroke-linecap="round" stroke-linejoin="round"/&gt;\n
        &lt;/svg&gt;\n
        &lt;span x-show="unreadCount &gt; 0" x-cloak\n
              class="absolute top-0.5 right-0.5 min-w-[17px] h-[17px] px-1 rounded-full bg-gold text-white text-[9px] font-bold flex items-center justify-center leading-none shadow-sm"\n
              x-text="unreadCount &gt; 9 ? '9+' : unreadCount"&gt;&lt;/span&gt;\n
    &lt;/button&gt;\n
\n
    &lt;div x-show="open" x-cloak x-transition\n
         :style="panelStyle"\n
         class="fixed z-[200] w-96 max-w-[calc(100vw-1.5rem)] bg-white border border-erp-border rounded-lg shadow-xl overflow-hidden"&gt;\n
        &lt;div class="flex items-center justify-between px-4 py-3 border-b border-erp-border bg-gradient-to-r from-brand/[0.04] to-gold/5"&gt;\n
            &lt;div&gt;\n
                &lt;p class="text-xs font-bold text-gray-800 uppercase tracking-wide"&gt;Notifications&lt;/p&gt;\n
                &lt;p class="text-[10px] text-gray-400 mt-0.5" x-show="unreadCount &gt; 0" x-cloak&gt;\n
                    &lt;span x-text="unreadCount"&gt;&lt;/span&gt; unread\n
                &lt;/p&gt;\n
            &lt;/div&gt;\n
                    &lt;/div&gt;\n
\n
        &lt;div class="max-h-[22rem] overflow-y-auto erp-sidebar-scroll"&gt;\n
                            &lt;div class="px-4 py-10 text-center"&gt;\n
                    &lt;svg class="w-8 h-8 mx-auto text-gray-300 mb-2" fill="none" stroke="currentColor" stroke-width="1.5" viewBox="0 0 24 24"&gt;\n
                        &lt;path d="M15 17h5l-1.405-1.405A2.032 2.032 0 0118 14.158V11a6.002 6.002 0 00-4-5.659V5a2 2 0 10-4 0v.341C7.67 6.165 6 8.388 6 11v3.159c0 .538-.214 1.055-.595 1.436L4 17h5m6 0v1a3 3 0 11-6 0v-1m6 0H9" stroke-linecap="round" stroke-linejoin="round"/&gt;\n
                    &lt;/svg&gt;\n
                    &lt;p class="text-xs text-gray-400"&gt;No notifications yet.&lt;/p&gt;\n
                &lt;/div&gt;\n
                    &lt;/div&gt;\n
\n
        &lt;div class="border-t border-erp-border px-4 py-2 bg-gray-50/80"&gt;\n
            &lt;a href="http://localhost:8000/admin/notifications" class="block text-center text-[11px] font-semibold text-brand hover:text-brand-dark"&gt;\n
                View all notifications\n
            &lt;/a&gt;\n
        &lt;/div&gt;\n
    &lt;/div&gt;\n
&lt;/div&gt;\n
        \n
        &lt;div class="hidden md:flex items-center gap-2 text-right"&gt;\n
            &lt;div&gt;\n
                &lt;p class="text-xs font-semibold text-gray-800 leading-tight"&gt;HR Viewer&lt;/p&gt;\n
                &lt;p class="text-[10px] text-gray-400 leading-tight"&gt;HR Attendance Viewer&lt;/p&gt;\n
            &lt;/div&gt;\n
            &lt;div class="w-8 h-8 text-xs flex items-center justify-center rounded-sm border border-gray-200 bg-brand text-white font-semibold shrink-0"&gt;\n
        HV\n
    &lt;/div&gt;\n
        &lt;/div&gt;\n
\n
        &lt;form method="POST" action="http://localhost:8000/logout"&gt;\n
            &lt;input type="hidden" name="_token" value="Tbbe7Umm4QsthbNsHdDgxMJqyfSRAzLOj7j8QRWp" autocomplete="off"&gt;            &lt;button type="submit"\n
                    class="erp-btn-secondary !py-1.5 !px-2.5 text-[11px]"\n
                    title="Logout"&gt;\n
                &lt;svg class="w-3.5 h-3.5" fill="none" stroke="currentColor" stroke-width="2" viewBox="0 0 24 24"&gt;\n
                    &lt;path d="M17 16l4-4m0 0l-4-4m4 4H7m6 4v1a3 3 0 01-3 3H6a3 3 0 01-3-3V7a3 3 0 013-3h4a3 3 0 013 3v1" stroke-linecap="round" stroke-linejoin="round"/&gt;\n
                &lt;/svg&gt;\n
                &lt;span class="hidden sm:inline"&gt;Logout&lt;/span&gt;\n
            &lt;/button&gt;\n
        &lt;/form&gt;\n
    &lt;/div&gt;\n
&lt;/header&gt;\n
\n
            &lt;div x-data="toastHub()" class="fixed top-4 right-4 z-[100] space-y-2 w-full max-w-sm pointer-events-none"&gt;\n
    &lt;template x-for="toast in toasts" :key="toast.id"&gt;\n
        &lt;div x-show="toast.visible"\n
             x-transition:enter="transition ease-out duration-300"\n
             x-transition:enter-start="opacity-0 translate-x-4"\n
             x-transition:enter-end="opacity-100 translate-x-0"\n
             x-transition:leave="transition ease-in duration-200"\n
             x-transition:leave-start="opacity-100 translate-x-0"\n
             x-transition:leave-end="opacity-0 translate-x-4"\n
             class="pointer-events-auto bg-white border rounded-sm shadow-lg p-3.5 flex items-start gap-3"\n
             :class="{\n
                'border-emerald-200': toast.type === 'success',\n
                'border-red-200': toast.type === 'error',\n
                'border-amber-200': toast.type === 'warning',\n
                'border-blue-200': toast.type === 'info',\n
             }"&gt;\n
            &lt;span class="text-base shrink-0"\n
                  :class="{\n
                    'text-emerald-500': toast.type === 'success',\n
                    'text-red-500': toast.type === 'error',\n
                    'text-amber-500': toast.type === 'warning',\n
                    'text-blue-500': toast.type === 'info',\n
                  }"\n
                  x-text="toast.type === 'success' ? '✓' : toast.type === 'error' ? '✕' : toast.type === 'warning' ? '!' : 'i'"&gt;&lt;/span&gt;\n
            &lt;p class="text-sm text-gray-700 flex-1 leading-snug" x-text="toast.message"&gt;&lt;/p&gt;\n
            &lt;button type="button" @click="dismiss(toast.id)" class="text-gray-400 hover:text-gray-600 text-xs shrink-0"&gt;✕&lt;/button&gt;\n
        &lt;/div&gt;\n
    &lt;/template&gt;\n
&lt;/div&gt;\n
\n
\n
            &lt;main class="flex-1 p-3 sm:p-4 lg:p-6 min-w-0"&gt;\n
                                \n
&lt;div class="flex flex-col gap-3 mb-4 sm:mb-5 sm:flex-row sm:items-start sm:justify-between"&gt;\n
    &lt;div class="min-w-0 flex-1"&gt;\n
        &lt;h1 class="text-base sm:text-lg font-bold text-gray-900 leading-snug"&gt;Daily Attendance Summary&lt;/h1&gt;\n
                    &lt;p class="text-sm text-gray-700 mt-0.5 leading-relaxed"&gt;Processed IN/OUT, late minutes, and late acceptance status&lt;/p&gt;\n
            &lt;/div&gt;\n
    &lt;/div&gt;\n
\n
&lt;div class="erp-panel mb-4"&gt;\n
    &lt;div class="erp-panel-body"&gt;\n
        &lt;form method="GET" action="http://localhost:8000/admin/hrm/attendance/daily" class="flex flex-wrap items-end gap-3"&gt;\n
            &lt;div class="flex-1 min-w-[180px]"&gt;\n
                &lt;label class="erp-form-label"&gt;Search&lt;/label&gt;\n
                &lt;input type="text" name="search" value="" placeholder="Employee ID, name…" class="erp-input !text-xs"&gt;\n
            &lt;/div&gt;\n
                        &lt;div class="w-36"&gt;\n
                &lt;label class="erp-form-label"&gt;Status&lt;/label&gt;\n
                &lt;select name="status" class="erp-input !text-xs"&gt;\n
                    &lt;option value=""&gt;All&lt;/option&gt;\n
                                            &lt;option value="present" &gt;Present&lt;/option&gt;\n
                                            &lt;option value="late" &gt;Late&lt;/option&gt;\n
                                            &lt;option value="absent" &gt;Absent&lt;/option&gt;\n
                                            &lt;option value="half_day" &gt;Half Day&lt;/option&gt;\n
                                            &lt;option value="holiday" &gt;Holiday&lt;/option&gt;\n
                                            &lt;option value="leave" &gt;Leave&lt;/option&gt;\n
                                            &lt;option value="off_day" &gt;Off Day&lt;/option&gt;\n
                                    &lt;/select&gt;\n
            &lt;/div&gt;\n
            &lt;div class="w-36"&gt;\n
                &lt;label class="erp-form-label"&gt;From&lt;/label&gt;\n
                &lt;input type="date" name="date_from" value="" class="erp-input !text-xs"&gt;\n
            &lt;/div&gt;\n
            &lt;div class="w-36"&gt;\n
                &lt;label class="erp-form-label"&gt;To&lt;/label&gt;\n
                &lt;input type="date" name="date_to" value="" class="erp-input !text-xs"&gt;\n
            &lt;/div&gt;\n
            &lt;button type="submit" class="erp-btn-secondary"&gt;Filter&lt;/button&gt;\n
        &lt;/form&gt;\n
    &lt;/div&gt;\n
&lt;/div&gt;\n
\n
&lt;div class="erp-panel overflow-hidden"&gt;\n
    &lt;div class="erp-panel-head"&gt;\n
        &lt;h2 class="text-xs font-semibold text-gray-700 uppercase tracking-wide"&gt;Daily Logs&lt;/h2&gt;\n
        &lt;span class="text-[11px] text-gray-400"&gt;1 record(s)&lt;/span&gt;\n
    &lt;/div&gt;\n
    &lt;div class="overflow-x-auto"&gt;\n
        &lt;table class="erp-table"&gt;\n
            &lt;thead&gt;\n
                &lt;tr&gt;\n
                    &lt;th&gt;Date&lt;/th&gt;\n
                    &lt;th&gt;Employee&lt;/th&gt;\n
                    &lt;th&gt;Check In&lt;/th&gt;\n
                    &lt;th&gt;Check Out&lt;/th&gt;\n
                    &lt;th&gt;Work&lt;/th&gt;\n
                    &lt;th&gt;Late&lt;/th&gt;\n
                    &lt;th&gt;Status&lt;/th&gt;\n
                &lt;/tr&gt;\n
            &lt;/thead&gt;\n
            &lt;tbody&gt;\n
                                                        &lt;tr&gt;\n
                        &lt;td class="text-xs tabular-nums"&gt;06 Jul 2026&lt;/td&gt;\n
                        &lt;td&gt;\n
                            &lt;p class="font-medium text-sm"&gt;Selfie Worker&lt;/p&gt;\n
                            &lt;p class="text-[11px] text-gray-400 font-mono"&gt;DS-001&lt;/p&gt;\n
                        &lt;/td&gt;\n
                        &lt;td class="text-xs tabular-nums"&gt;9:02 AM&lt;/td&gt;\n
                        &lt;td class="text-xs tabular-nums"&gt;—&lt;/td&gt;\n
                        &lt;td class="text-xs tabular-nums"&gt;—&lt;/td&gt;\n
                        &lt;td class="text-xs tabular-nums"&gt;—&lt;/td&gt;\n
                        &lt;td&gt;&lt;span class="erp-badge bg-green-100 text-green-800"&gt;Present&lt;/span&gt;&lt;/td&gt;\n
                    &lt;/tr&gt;\n
                            &lt;/tbody&gt;\n
        &lt;/table&gt;\n
    &lt;/div&gt;\n
    &lt;/div&gt;\n
            &lt;/main&gt;\n
\n
            &lt;footer class="px-3 sm:px-4 lg:px-6 py-3 border-t border-erp-border bg-white text-[11px] text-gray-400 text-center sm:text-left"&gt;\n
                &amp;copy; 1990 - 2026 Norban Group — A Product of Data State Ltd\n
            &lt;/footer&gt;\n
        &lt;/div&gt;\n
    &lt;/div&gt;\n
\n
    &lt;style&gt;[x-cloak]{display:none!important}&lt;/style&gt;\n
    &lt;div x-data="confirmDialog()" x-init="init()" x-cloak&gt;\r\n
    &lt;div x-show="open"\r\n
         x-cloak\r\n
         x-transition:enter="transition ease-out duration-200"\r\n
         x-transition:enter-start="opacity-0"\r\n
         x-transition:enter-end="opacity-100"\r\n
         x-transition:leave="transition ease-in duration-150"\r\n
         x-transition:leave-start="opacity-100"\r\n
         x-transition:leave-end="opacity-0"\r\n
         class="confirm-dialog-backdrop"\r\n
         @click.self="onBackdropClick()"\r\n
         @keydown.escape.window="open &amp;&amp; cancel()"&gt;\r\n
        &lt;div class="confirm-dialog-card"\r\n
             x-show="open"\r\n
             x-transition:enter="transition ease-out duration-200"\r\n
             x-transition:enter-start="opacity-0 scale-95 translate-y-2"\r\n
             x-transition:enter-end="opacity-100 scale-100 translate-y-0"\r\n
             x-transition:leave="transition ease-in duration-150"\r\n
             x-transition:leave-start="opacity-100 scale-100 translate-y-0"\r\n
             x-transition:leave-end="opacity-0 scale-95 translate-y-2"\r\n
             role="dialog"\r\n
             aria-modal="true"\r\n
             :aria-label="title"&gt;\r\n
            &lt;div class="confirm-dialog-icon"\r\n
                 :class="{\r\n
                    'confirm-dialog-icon-danger': variant === 'danger',\r\n
                    'confirm-dialog-icon-warning': variant === 'warning',\r\n
                    'confirm-dialog-icon-primary': variant === 'primary',\r\n
                 }"&gt;\r\n
                &lt;template x-if="variant === 'danger'"&gt;\r\n
                    &lt;svg class="w-6 h-6" fill="none" stroke="currentColor" stroke-width="1.75" viewBox="0 0 24 24"&gt;\r\n
                        &lt;path stroke-linecap="round" stroke-linejoin="round" d="M12 9v4m0 4h.01M10.29 3.86L1.82 18a2 2 0 001.71 3h16.94a2 2 0 001.71-3L13.71 3.86a2 2 0 00-3.42 0z"/&gt;\r\n
                    &lt;/svg&gt;\r\n
                &lt;/template&gt;\r\n
                &lt;template x-if="variant === 'warning'"&gt;\r\n
                    &lt;svg class="w-6 h-6" fill="none" stroke="currentColor" stroke-width="1.75" viewBox="0 0 24 24"&gt;\r\n
                        &lt;path stroke-linecap="round" stroke-linejoin="round" d="M12 9v2m0 4h.01M5.07 19h13.86c1.54 0 2.5-1.67 1.73-3L13.73 4c-.77-1.33-2.69-1.33-3.46 0L3.34 16c-.77 1.33.19 3 1.73 3z"/&gt;\r\n
                    &lt;/svg&gt;\r\n
                &lt;/template&gt;\r\n
                &lt;template x-if="variant === 'primary'"&gt;\r\n
                    &lt;svg class="w-6 h-6" fill="none" stroke="currentColor" stroke-width="1.75" viewBox="0 0 24 24"&gt;\r\n
                        &lt;path stroke-linecap="round" stroke-linejoin="round" d="M8.228 9c.549-1.165 2.03-2 3.772-2 2.21 0 4 1.343 4 3 0 1.4-1.278 2.575-3.006 2.907-.542.104-.994.54-.994 1.093m0 3h.01M21 12a9 9 0 11-18 0 9 9 0 0118 0z"/&gt;\r\n
                    &lt;/svg&gt;\r\n
                &lt;/template&gt;\r\n
            &lt;/div&gt;\r\n
\r\n
            &lt;h3 class="confirm-dialog-title" x-text="title"&gt;&lt;/h3&gt;\r\n
            &lt;p class="confirm-dialog-message" x-text="message"&gt;&lt;/p&gt;\r\n
\r\n
            &lt;div class="confirm-dialog-actions"&gt;\r\n
                &lt;button type="button" class="confirm-dialog-btn-cancel" @click="cancel()" x-text="cancelText"&gt;&lt;/button&gt;\r\n
                &lt;button type="button"\r\n
                        class="confirm-dialog-btn-confirm"\r\n
                        :class="{\r\n
                            'confirm-dialog-btn-danger': variant === 'danger',\r\n
                            'confirm-dialog-btn-warning': variant === 'warning',\r\n
                            'confirm-dialog-btn-primary': variant === 'primary',\r\n
                        }"\r\n
                        @click="confirm()"\r\n
                        x-text="confirmText"&gt;&lt;/button&gt;\r\n
            &lt;/div&gt;\r\n
        &lt;/div&gt;\r\n
    &lt;/div&gt;\r\n
&lt;/div&gt;\r\n
    &lt;/body&gt;\n
&lt;/html&gt;\n
' [UTF-8](length: 54180) contains "storage/attendance-photos/DS-001/20260706_090200.jpg" [ASCII](length: 52).
&#13;
C:\wamp64\www\order-portal\vendor\laravel\framework\src\Illuminate\Testing\TestResponseAssert.php:45
C:\wamp64\www\order-portal\vendor\laravel\framework\src\Illuminate\Testing\TestResponse.php:713
C:\wamp64\www\order-portal\tests\Feature\AttendanceDailySummarySelfieTest.php:85</failure>
        </testcase>
        <testcase name="test_daily_summary_shows_placeholder_when_no_selfie" file="C:\wamp64\www\order-portal\tests\Feature\AttendanceDailySummarySelfieTest.php" line="99" class="Tests\Feature\AttendanceDailySummarySelfieTest" classname="Tests.Feature.AttendanceDailySummarySelfieTest" assertions="2" time="0.430315"/>
      </testsuite>
      <testsuite name="Tests\Feature\AttendanceLateAcceptanceTest" file="C:\wamp64\www\order-portal\tests\Feature\AttendanceLateAcceptanceTest.php" tests="4" assertions="12" errors="0" failures="1" skipped="0" time="1.807500">
        <testcase name="test_fourth_consecutive_late_charges_one_day_wage" file="C:\wamp64\www\order-portal\tests\Feature\AttendanceLateAcceptanceTest.php" line="102" class="Tests\Feature\AttendanceLateAcceptanceTest" classname="Tests.Feature.AttendanceLateAcceptanceTest" assertions="3" time="0.324030"/>
        <testcase name="test_approved_late_acceptance_forgives_deduction" file="C:\wamp64\www\order-portal\tests\Feature\AttendanceLateAcceptanceTest.php" line="122" class="Tests\Feature\AttendanceLateAcceptanceTest" classname="Tests.Feature.AttendanceLateAcceptanceTest" assertions="4" time="0.401064"/>
        <testcase name="test_employee_can_apply_for_late_acceptance" file="C:\wamp64\www\order-portal\tests\Feature\AttendanceLateAcceptanceTest.php" line="159" class="Tests\Feature\AttendanceLateAcceptanceTest" classname="Tests.Feature.AttendanceLateAcceptanceTest" assertions="1" time="0.500457">
          <failure type="PHPUnit\Framework\ExpectationFailedException">Tests\Feature\AttendanceLateAcceptanceTest::test_employee_can_apply_for_late_acceptance&#13;
Expected response status code [201, 301, 302, 303, 307, 308] but received 403.
Failed asserting that false is true.
&#13;
C:\wamp64\www\order-portal\vendor\laravel\framework\src\Illuminate\Testing\TestResponseAssert.php:45
C:\wamp64\www\order-portal\vendor\laravel\framework\src\Illuminate\Testing\TestResponse.php:201
C:\wamp64\www\order-portal\tests\Feature\AttendanceLateAcceptanceTest.php:173</failure>
        </testcase>
        <testcase name="test_hr_can_view_attendance_hub_and_late_acceptance" file="C:\wamp64\www\order-portal\tests\Feature\AttendanceLateAcceptanceTest.php" line="182" class="Tests\Feature\AttendanceLateAcceptanceTest" classname="Tests.Feature.AttendanceLateAcceptanceTest" assertions="4" time="0.581948"/>
      </testsuite>
      <testsuite name="Tests\Feature\AttendanceLunchHalfDayTest" file="C:\wamp64\www\order-portal\tests\Feature\AttendanceLunchHalfDayTest.php" tests="6" assertions="25" errors="0" failures="0" skipped="0" time="1.991708">
        <testcase name="test_employee_shift_relation_is_used_for_lunch_rules" file="C:\wamp64\www\order-portal\tests\Feature\AttendanceLunchHalfDayTest.php" line="58" class="Tests\Feature\AttendanceLunchHalfDayTest" classname="Tests.Feature.AttendanceLunchHalfDayTest" assertions="3" time="0.319945"/>
        <testcase name="test_work_minutes_exclude_lunch_overlap_for_full_day" file="C:\wamp64\www\order-portal\tests\Feature\AttendanceLunchHalfDayTest.php" line="67" class="Tests\Feature\AttendanceLunchHalfDayTest" classname="Tests.Feature.AttendanceLunchHalfDayTest" assertions="1" time="0.291355"/>
        <testcase name="test_check_in_after_lunch_is_auto_half_day_second_half" file="C:\wamp64\www\order-portal\tests\Feature\AttendanceLunchHalfDayTest.php" line="78" class="Tests\Feature\AttendanceLunchHalfDayTest" classname="Tests.Feature.AttendanceLunchHalfDayTest" assertions="7" time="0.327939"/>
        <testcase name="test_check_out_during_lunch_is_auto_half_day_first_half" file="C:\wamp64\www\order-portal\tests\Feature\AttendanceLunchHalfDayTest.php" line="96" class="Tests\Feature\AttendanceLunchHalfDayTest" classname="Tests.Feature.AttendanceLunchHalfDayTest" assertions="5" time="0.360076"/>
        <testcase name="test_on_time_full_day_remains_present" file="C:\wamp64\www\order-portal\tests\Feature\AttendanceLunchHalfDayTest.php" line="112" class="Tests\Feature\AttendanceLunchHalfDayTest" classname="Tests.Feature.AttendanceLunchHalfDayTest" assertions="5" time="0.348641"/>
        <testcase name="test_late_before_lunch_without_leaving_during_lunch_stays_late_not_half_day" file="C:\wamp64\www\order-portal\tests\Feature\AttendanceLunchHalfDayTest.php" line="128" class="Tests\Feature\AttendanceLunchHalfDayTest" classname="Tests.Feature.AttendanceLunchHalfDayTest" assertions="4" time="0.343753"/>
      </testsuite>
      <testsuite name="Tests\Feature\AttendanceMultiChannelTest" file="C:\wamp64\www\order-portal\tests\Feature\AttendanceMultiChannelTest.php" tests="11" assertions="63" errors="0" failures="0" skipped="0" time="4.732453">
        <testcase name="test_speedface_iclock_push_creates_instant_daily_log" file="C:\wamp64\www\order-portal\tests\Feature\AttendanceMultiChannelTest.php" line="92" class="Tests\Feature\AttendanceMultiChannelTest" classname="Tests.Feature.AttendanceMultiChannelTest" assertions="6" time="0.442178"/>
        <testcase name="test_iclock_duplicate_punch_is_skipped" file="C:\wamp64\www\order-portal\tests\Feature\AttendanceMultiChannelTest.php" line="114" class="Tests\Feature\AttendanceMultiChannelTest" classname="Tests.Feature.AttendanceMultiChannelTest" assertions="1" time="0.344543"/>
        <testcase name="test_employee_mobile_check_in_with_geofence" file="C:\wamp64\www\order-portal\tests\Feature\AttendanceMultiChannelTest.php" line="128" class="Tests\Feature\AttendanceMultiChannelTest" classname="Tests.Feature.AttendanceMultiChannelTest" assertions="7" time="0.524451"/>
        <testcase name="test_employee_mobile_check_in_rejected_outside_geofence" file="C:\wamp64\www\order-portal\tests\Feature\AttendanceMultiChannelTest.php" line="162" class="Tests\Feature\AttendanceMultiChannelTest" classname="Tests.Feature.AttendanceMultiChannelTest" assertions="6" time="0.305339"/>
        <testcase name="test_mobile_check_in_still_succeeds_if_photo_disk_fails" file="C:\wamp64\www\order-portal\tests\Feature\AttendanceMultiChannelTest.php" line="186" class="Tests\Feature\AttendanceMultiChannelTest" classname="Tests.Feature.AttendanceMultiChannelTest" assertions="5" time="0.461591"/>
        <testcase name="test_employee_mobile_check_out_updates_daily_log_after_check_in" file="C:\wamp64\www\order-portal\tests\Feature\AttendanceMultiChannelTest.php" line="211" class="Tests\Feature\AttendanceMultiChannelTest" classname="Tests.Feature.AttendanceMultiChannelTest" assertions="13" time="0.425692"/>
        <testcase name="test_short_mobile_shift_still_records_work_minutes_after_check_out" file="C:\wamp64\www\order-portal\tests\Feature\AttendanceMultiChannelTest.php" line="255" class="Tests\Feature\AttendanceMultiChannelTest" classname="Tests.Feature.AttendanceMultiChannelTest" assertions="9" time="0.574774"/>
        <testcase name="test_qr_gate_check_in" file="C:\wamp64\www\order-portal\tests\Feature\AttendanceMultiChannelTest.php" line="293" class="Tests\Feature\AttendanceMultiChannelTest" classname="Tests.Feature.AttendanceMultiChannelTest" assertions="3" time="0.276726"/>
        <testcase name="test_hr_manual_punch_creates_attendance" file="C:\wamp64\www\order-portal\tests\Feature\AttendanceMultiChannelTest.php" line="321" class="Tests\Feature\AttendanceMultiChannelTest" classname="Tests.Feature.AttendanceMultiChannelTest" assertions="5" time="0.534026"/>
        <testcase name="test_hr_can_edit_manual_punch_and_recalculate_attendance" file="C:\wamp64\www\order-portal\tests\Feature\AttendanceMultiChannelTest.php" line="346" class="Tests\Feature\AttendanceMultiChannelTest" classname="Tests.Feature.AttendanceMultiChannelTest" assertions="6" time="0.544500"/>
        <testcase name="test_iclock_getrequest_returns_ok" file="C:\wamp64\www\order-portal\tests\Feature\AttendanceMultiChannelTest.php" line="385" class="Tests\Feature\AttendanceMultiChannelTest" classname="Tests.Feature.AttendanceMultiChannelTest" assertions="2" time="0.298633"/>
      </testsuite>
      <testsuite name="Tests\Feature\AttendanceProcessingTest" file="C:\wamp64\www\order-portal\tests\Feature\AttendanceProcessingTest.php" tests="3" assertions="17" errors="0" failures="0" skipped="0" time="1.419148">
        <testcase name="test_processor_creates_daily_log_from_raw_punches" file="C:\wamp64\www\order-portal\tests\Feature\AttendanceProcessingTest.php" line="67" class="Tests\Feature\AttendanceProcessingTest" classname="Tests.Feature.AttendanceProcessingTest" assertions="6" time="0.488702"/>
        <testcase name="test_hr_can_process_period_and_freeze" file="C:\wamp64\www\order-portal\tests\Feature\AttendanceProcessingTest.php" line="102" class="Tests\Feature\AttendanceProcessingTest" classname="Tests.Feature.AttendanceProcessingTest" assertions="8" time="0.583532"/>
        <testcase name="test_employee_can_view_own_attendance" file="C:\wamp64\www\order-portal\tests\Feature\AttendanceProcessingTest.php" line="145" class="Tests\Feature\AttendanceProcessingTest" classname="Tests.Feature.AttendanceProcessingTest" assertions="3" time="0.346914"/>
      </testsuite>
      <testsuite name="Tests\Feature\AttendancePunchLogsSelfieTest" file="C:\wamp64\www\order-portal\tests\Feature\AttendancePunchLogsSelfieTest.php" tests="2" assertions="12" errors="0" failures="0" skipped="0" time="0.985015">
        <testcase name="test_punch_logs_show_selfie_between_time_and_employee" file="C:\wamp64\www\order-portal\tests\Feature\AttendancePunchLogsSelfieTest.php" line="53" class="Tests\Feature\AttendancePunchLogsSelfieTest" classname="Tests.Feature.AttendancePunchLogsSelfieTest" assertions="9" time="0.469631"/>
        <testcase name="test_punch_logs_show_placeholder_when_no_selfie" file="C:\wamp64\www\order-portal\tests\Feature\AttendancePunchLogsSelfieTest.php" line="88" class="Tests\Feature\AttendancePunchLogsSelfieTest" classname="Tests.Feature.AttendancePunchLogsSelfieTest" assertions="3" time="0.515384"/>
      </testsuite>
      <testsuite name="Tests\Feature\AttendanceReportsTest" file="C:\wamp64\www\order-portal\tests\Feature\AttendanceReportsTest.php" tests="3" assertions="11" errors="0" failures="0" skipped="0" time="1.498016">
        <testcase name="test_hr_can_view_attendance_reports" file="C:\wamp64\www\order-portal\tests\Feature\AttendanceReportsTest.php" line="82" class="Tests\Feature\AttendanceReportsTest" classname="Tests.Feature.AttendanceReportsTest" assertions="5" time="0.452481"/>
        <testcase name="test_hr_can_view_employee_calendar" file="C:\wamp64\www\order-portal\tests\Feature\AttendanceReportsTest.php" line="97" class="Tests\Feature\AttendanceReportsTest" classname="Tests.Feature.AttendanceReportsTest" assertions="3" time="0.573792"/>
        <testcase name="test_hr_can_export_department_csv" file="C:\wamp64\www\order-portal\tests\Feature\AttendanceReportsTest.php" line="110" class="Tests\Feature\AttendanceReportsTest" classname="Tests.Feature.AttendanceReportsTest" assertions="3" time="0.471743"/>
      </testsuite>
      <testsuite name="Tests\Feature\BankLedgerTest" file="C:\wamp64\www\order-portal\tests\Feature\BankLedgerTest.php" tests="3" assertions="20" errors="0" failures="0" skipped="0" time="1.422856">
        <testcase name="test_bank_ledger_shows_summary_and_unassigned_warning" file="C:\wamp64\www\order-portal\tests\Feature\BankLedgerTest.php" line="108" class="Tests\Feature\BankLedgerTest" classname="Tests.Feature.BankLedgerTest" assertions="13" time="0.544834"/>
        <testcase name="test_calculated_period_excluded_from_ledger" file="C:\wamp64\www\order-portal\tests\Feature\BankLedgerTest.php" line="129" class="Tests\Feature\BankLedgerTest" classname="Tests.Feature.BankLedgerTest" assertions="1" time="0.559399"/>
        <testcase name="test_bank_ledger_exports_csv" file="C:\wamp64\www\order-portal\tests\Feature\BankLedgerTest.php" line="147" class="Tests\Feature\BankLedgerTest" classname="Tests.Feature.BankLedgerTest" assertions="6" time="0.318622"/>
      </testsuite>
      <testsuite name="Tests\Feature\ConfirmDialogTest" file="C:\wamp64\www\order-portal\tests\Feature\ConfirmDialogTest.php" tests="2" assertions="4" errors="0" failures="0" skipped="0" time="0.871796">
        <testcase name="test_admin_pages_include_confirm_dialog_markup" file="C:\wamp64\www\order-portal\tests\Feature\ConfirmDialogTest.php" line="14" class="Tests\Feature\ConfirmDialogTest" classname="Tests.Feature.ConfirmDialogTest" assertions="2" time="0.400106"/>
        <testcase name="test_salary_process_calculate_form_uses_confirm_dialog_attributes" file="C:\wamp64\www\order-portal\tests\Feature\ConfirmDialogTest.php" line="34" class="Tests\Feature\ConfirmDialogTest" classname="Tests.Feature.ConfirmDialogTest" assertions="2" time="0.471690"/>
      </testsuite>
      <testsuite name="Tests\Feature\EmployeeCheckInWidgetTest" file="C:\wamp64\www\order-portal\tests\Feature\EmployeeCheckInWidgetTest.php" tests="4" assertions="21" errors="0" failures="0" skipped="0" time="1.581108">
        <testcase name="test_dashboard_shows_check_in_quick_action" file="C:\wamp64\www\order-portal\tests\Feature\EmployeeCheckInWidgetTest.php" line="63" class="Tests\Feature\EmployeeCheckInWidgetTest" classname="Tests.Feature.EmployeeCheckInWidgetTest" assertions="3" time="0.401496"/>
        <testcase name="test_check_in_page_loads_without_server_error" file="C:\wamp64\www\order-portal\tests\Feature\EmployeeCheckInWidgetTest.php" line="72" class="Tests\Feature\EmployeeCheckInWidgetTest" classname="Tests.Feature.EmployeeCheckInWidgetTest" assertions="7" time="0.354395"/>
        <testcase name="test_status_service_reports_active_shift_after_check_in" file="C:\wamp64\www\order-portal\tests\Feature\EmployeeCheckInWidgetTest.php" line="85" class="Tests\Feature\EmployeeCheckInWidgetTest" classname="Tests.Feature.EmployeeCheckInWidgetTest" assertions="6" time="0.394941"/>
        <testcase name="test_status_service_reports_done_after_check_out" file="C:\wamp64\www\order-portal\tests\Feature\EmployeeCheckInWidgetTest.php" line="121" class="Tests\Feature\EmployeeCheckInWidgetTest" classname="Tests.Feature.EmployeeCheckInWidgetTest" assertions="5" time="0.430276"/>
      </testsuite>
      <testsuite name="Tests\Feature\EmployeeEnrollmentTest" file="C:\wamp64\www\order-portal\tests\Feature\EmployeeEnrollmentTest.php" tests="14" assertions="78" errors="0" failures="0" skipped="0" time="6.912682">
        <testcase name="test_hr_admin_can_view_employee_list" file="C:\wamp64\www\order-portal\tests\Feature\EmployeeEnrollmentTest.php" line="45" class="Tests\Feature\EmployeeEnrollmentTest" classname="Tests.Feature.EmployeeEnrollmentTest" assertions="2" time="0.452603"/>
        <testcase name="test_hr_admin_can_enroll_employee" file="C:\wamp64\www\order-portal\tests\Feature\EmployeeEnrollmentTest.php" line="53" class="Tests\Feature\EmployeeEnrollmentTest" classname="Tests.Feature.EmployeeEnrollmentTest" assertions="8" time="0.594471"/>
        <testcase name="test_employee_index_shows_required_columns" file="C:\wamp64\www\order-portal\tests\Feature\EmployeeEnrollmentTest.php" line="87" class="Tests\Feature\EmployeeEnrollmentTest" classname="Tests.Feature.EmployeeEnrollmentTest" assertions="9" time="0.440785"/>
        <testcase name="test_employee_show_has_setup_and_official_tabs" file="C:\wamp64\www\order-portal\tests\Feature\EmployeeEnrollmentTest.php" line="122" class="Tests\Feature\EmployeeEnrollmentTest" classname="Tests.Feature.EmployeeEnrollmentTest" assertions="6" time="0.494143"/>
        <testcase name="test_employee_create_form_has_setup_fields" file="C:\wamp64\www\order-portal\tests\Feature\EmployeeEnrollmentTest.php" line="143" class="Tests\Feature\EmployeeEnrollmentTest" classname="Tests.Feature.EmployeeEnrollmentTest" assertions="12" time="0.412824"/>
        <testcase name="test_hr_admin_can_enroll_employee_with_reporting_person" file="C:\wamp64\www\order-portal\tests\Feature\EmployeeEnrollmentTest.php" line="161" class="Tests\Feature\EmployeeEnrollmentTest" classname="Tests.Feature.EmployeeEnrollmentTest" assertions="4" time="0.339359"/>
        <testcase name="test_employee_cannot_report_to_self" file="C:\wamp64\www\order-portal\tests\Feature\EmployeeEnrollmentTest.php" line="194" class="Tests\Feature\EmployeeEnrollmentTest" classname="Tests.Feature.EmployeeEnrollmentTest" assertions="2" time="0.363912"/>
        <testcase name="test_employee_can_be_enrolled_with_documents_and_histories" file="C:\wamp64\www\order-portal\tests\Feature\EmployeeEnrollmentTest.php" line="214" class="Tests\Feature\EmployeeEnrollmentTest" classname="Tests.Feature.EmployeeEnrollmentTest" assertions="9" time="0.447614"/>
        <testcase name="test_hr_admin_can_update_employee" file="C:\wamp64\www\order-portal\tests\Feature\EmployeeEnrollmentTest.php" line="257" class="Tests\Feature\EmployeeEnrollmentTest" classname="Tests.Feature.EmployeeEnrollmentTest" assertions="11" time="0.597843"/>
        <testcase name="test_employee_edit_form_includes_org_cascade_config" file="C:\wamp64\www\order-portal\tests\Feature\EmployeeEnrollmentTest.php" line="312" class="Tests\Feature\EmployeeEnrollmentTest" classname="Tests.Feature.EmployeeEnrollmentTest" assertions="7" time="0.787258"/>
        <testcase name="test_department_without_linked_designations_falls_back_to_shared_titles" file="C:\wamp64\www\order-portal\tests\Feature\EmployeeEnrollmentTest.php" line="365" class="Tests\Feature\EmployeeEnrollmentTest" classname="Tests.Feature.EmployeeEnrollmentTest" assertions="2" time="0.573775"/>
        <testcase name="test_employee_list_supports_search" file="C:\wamp64\www\order-portal\tests\Feature\EmployeeEnrollmentTest.php" line="386" class="Tests\Feature\EmployeeEnrollmentTest" classname="Tests.Feature.EmployeeEnrollmentTest" assertions="2" time="0.505367"/>
        <testcase name="test_employee_list_filters_by_status" file="C:\wamp64\www\order-portal\tests\Feature\EmployeeEnrollmentTest.php" line="401" class="Tests\Feature\EmployeeEnrollmentTest" classname="Tests.Feature.EmployeeEnrollmentTest" assertions="3" time="0.525759"/>
        <testcase name="test_user_without_permission_cannot_access_employees" file="C:\wamp64\www\order-portal\tests\Feature\EmployeeEnrollmentTest.php" line="424" class="Tests\Feature\EmployeeEnrollmentTest" classname="Tests.Feature.EmployeeEnrollmentTest" assertions="1" time="0.376969"/>
      </testsuite>
      <testsuite name="Tests\Feature\EmployeePortalAuthTest" file="C:\wamp64\www\order-portal\tests\Feature\EmployeePortalAuthTest.php" tests="14" assertions="42" errors="0" failures="0" skipped="0" time="5.618233">
        <testcase name="test_employee_can_view_login_page" file="C:\wamp64\www\order-portal\tests\Feature\EmployeePortalAuthTest.php" line="41" class="Tests\Feature\EmployeePortalAuthTest" classname="Tests.Feature.EmployeePortalAuthTest" assertions="2" time="0.372059"/>
        <testcase name="test_employee_root_redirects_guest_to_login" file="C:\wamp64\www\order-portal\tests\Feature\EmployeePortalAuthTest.php" line="48" class="Tests\Feature\EmployeePortalAuthTest" classname="Tests.Feature.EmployeePortalAuthTest" assertions="2" time="0.374166"/>
        <testcase name="test_employee_root_redirects_authenticated_user_to_dashboard" file="C:\wamp64\www\order-portal\tests\Feature\EmployeePortalAuthTest.php" line="54" class="Tests\Feature\EmployeePortalAuthTest" classname="Tests.Feature.EmployeePortalAuthTest" assertions="2" time="0.446447"/>
        <testcase name="test_employee_can_login_with_code_and_password" file="C:\wamp64\www\order-portal\tests\Feature\EmployeePortalAuthTest.php" line="61" class="Tests\Feature\EmployeePortalAuthTest" classname="Tests.Feature.EmployeePortalAuthTest" assertions="5" time="0.373006"/>
        <testcase name="test_employee_cannot_login_with_wrong_password" file="C:\wamp64\www\order-portal\tests\Feature\EmployeePortalAuthTest.php" line="72" class="Tests\Feature\EmployeePortalAuthTest" classname="Tests.Feature.EmployeePortalAuthTest" assertions="3" time="0.519303"/>
        <testcase name="test_terminated_employee_cannot_login" file="C:\wamp64\www\order-portal\tests\Feature\EmployeePortalAuthTest.php" line="83" class="Tests\Feature\EmployeePortalAuthTest" classname="Tests.Feature.EmployeePortalAuthTest" assertions="3" time="0.520574"/>
        <testcase name="test_terminated_employee_keeps_portal_until_logout" file="C:\wamp64\www\order-portal\tests\Feature\EmployeePortalAuthTest.php" line="96" class="Tests\Feature\EmployeePortalAuthTest" classname="Tests.Feature.EmployeePortalAuthTest" assertions="2" time="0.640813"/>
        <testcase name="test_authenticated_employee_visiting_login_redirects_to_dashboard" file="C:\wamp64\www\order-portal\tests\Feature\EmployeePortalAuthTest.php" line="106" class="Tests\Feature\EmployeePortalAuthTest" classname="Tests.Feature.EmployeePortalAuthTest" assertions="2" time="0.397135"/>
        <testcase name="test_unlinked_portal_user_is_logged_out_from_dashboard" file="C:\wamp64\www\order-portal\tests\Feature\EmployeePortalAuthTest.php" line="113" class="Tests\Feature\EmployeePortalAuthTest" classname="Tests.Feature.EmployeePortalAuthTest" assertions="4" time="0.284712"/>
        <testcase name="test_authenticated_employee_can_view_dashboard" file="C:\wamp64\www\order-portal\tests\Feature\EmployeePortalAuthTest.php" line="136" class="Tests\Feature\EmployeePortalAuthTest" classname="Tests.Feature.EmployeePortalAuthTest" assertions="2" time="0.382251"/>
        <testcase name="test_employee_login_ignores_stale_admin_intended_url" file="C:\wamp64\www\order-portal\tests\Feature\EmployeePortalAuthTest.php" line="144" class="Tests\Feature\EmployeePortalAuthTest" classname="Tests.Feature.EmployeePortalAuthTest" assertions="5" time="0.260645"/>
        <testcase name="test_employee_login_honours_employee_intended_url" file="C:\wamp64\www\order-portal\tests\Feature\EmployeePortalAuthTest.php" line="157" class="Tests\Feature\EmployeePortalAuthTest" classname="Tests.Feature.EmployeePortalAuthTest" assertions="5" time="0.324284"/>
        <testcase name="test_admin_web_user_cannot_access_employee_dashboard" file="C:\wamp64\www\order-portal\tests\Feature\EmployeePortalAuthTest.php" line="170" class="Tests\Feature\EmployeePortalAuthTest" classname="Tests.Feature.EmployeePortalAuthTest" assertions="2" time="0.289946"/>
        <testcase name="test_hr_can_enable_portal_for_employee" file="C:\wamp64\www\order-portal\tests\Feature\EmployeePortalAuthTest.php" line="189" class="Tests\Feature\EmployeePortalAuthTest" classname="Tests.Feature.EmployeePortalAuthTest" assertions="3" time="0.432891"/>
      </testsuite>
      <testsuite name="Tests\Feature\EmployeePortalEnhancementsTest" file="C:\wamp64\www\order-portal\tests\Feature\EmployeePortalEnhancementsTest.php" tests="8" assertions="33" errors="0" failures="0" skipped="0" time="3.556144">
        <testcase name="test_profile_shows_official_info_and_letters" file="C:\wamp64\www\order-portal\tests\Feature\EmployeePortalEnhancementsTest.php" line="78" class="Tests\Feature\EmployeePortalEnhancementsTest" classname="Tests.Feature.EmployeePortalEnhancementsTest" assertions="5" time="0.465351"/>
        <testcase name="test_calculated_payslip_is_hidden_until_period_close" file="C:\wamp64\www\order-portal\tests\Feature\EmployeePortalEnhancementsTest.php" line="99" class="Tests\Feature\EmployeePortalEnhancementsTest" classname="Tests.Feature.EmployeePortalEnhancementsTest" assertions="4" time="0.532551"/>
        <testcase name="test_leave_history_shows_approval_steps" file="C:\wamp64\www\order-portal\tests\Feature\EmployeePortalEnhancementsTest.php" line="138" class="Tests\Feature\EmployeePortalEnhancementsTest" classname="Tests.Feature.EmployeePortalEnhancementsTest" assertions="3" time="0.407886"/>
        <testcase name="test_resignation_submit_route_is_removed" file="C:\wamp64\www\order-portal\tests\Feature\EmployeePortalEnhancementsTest.php" line="175" class="Tests\Feature\EmployeePortalEnhancementsTest" classname="Tests.Feature.EmployeePortalEnhancementsTest" assertions="3" time="0.346642"/>
        <testcase name="test_exit_page_shows_clearance_and_settlement" file="C:\wamp64\www\order-portal\tests\Feature\EmployeePortalEnhancementsTest.php" line="189" class="Tests\Feature\EmployeePortalEnhancementsTest" classname="Tests.Feature.EmployeePortalEnhancementsTest" assertions="6" time="0.517909"/>
        <testcase name="test_manager_can_open_team_hub" file="C:\wamp64\www\order-portal\tests\Feature\EmployeePortalEnhancementsTest.php" line="229" class="Tests\Feature\EmployeePortalEnhancementsTest" classname="Tests.Feature.EmployeePortalEnhancementsTest" assertions="2" time="0.387209"/>
        <testcase name="test_promotion_and_increment_detail_pages" file="C:\wamp64\www\order-portal\tests\Feature\EmployeePortalEnhancementsTest.php" line="259" class="Tests\Feature\EmployeePortalEnhancementsTest" classname="Tests.Feature.EmployeePortalEnhancementsTest" assertions="4" time="0.480076"/>
        <testcase name="test_contract_renewal_admin_flow_updates_employee_end_date" file="C:\wamp64\www\order-portal\tests\Feature\EmployeePortalEnhancementsTest.php" line="292" class="Tests\Feature\EmployeePortalEnhancementsTest" classname="Tests.Feature.EmployeePortalEnhancementsTest" assertions="6" time="0.418520"/>
      </testsuite>
      <testsuite name="Tests\Feature\EmployeePushSubscriptionTest" file="C:\wamp64\www\order-portal\tests\Feature\EmployeePushSubscriptionTest.php" tests="3" assertions="10" errors="0" failures="0" skipped="0" time="1.009078">
        <testcase name="test_guest_cannot_subscribe_to_push" file="C:\wamp64\www\order-portal\tests\Feature\EmployeePushSubscriptionTest.php" line="41" class="Tests\Feature\EmployeePushSubscriptionTest" classname="Tests.Feature.EmployeePushSubscriptionTest" assertions="2" time="0.308864"/>
        <testcase name="test_employee_can_subscribe_and_unsubscribe_from_push" file="C:\wamp64\www\order-portal\tests\Feature\EmployeePushSubscriptionTest.php" line="52" class="Tests\Feature\EmployeePushSubscriptionTest" classname="Tests.Feature.EmployeePushSubscriptionTest" assertions="6" time="0.361582"/>
        <testcase name="test_authenticated_employee_can_fetch_vapid_public_key" file="C:\wamp64\www\order-portal\tests\Feature\EmployeePushSubscriptionTest.php" line="85" class="Tests\Feature\EmployeePushSubscriptionTest" classname="Tests.Feature.EmployeePushSubscriptionTest" assertions="2" time="0.338632"/>
      </testsuite>
      <testsuite name="Tests\Feature\EmployeeSalaryGradeFilterTest" file="C:\wamp64\www\order-portal\tests\Feature\EmployeeSalaryGradeFilterTest.php" tests="1" assertions="4" errors="0" failures="0" skipped="0" time="0.408034">
        <testcase name="test_employee_salary_lists_only_employees_in_selected_grade" file="C:\wamp64\www\order-portal\tests\Feature\EmployeeSalaryGradeFilterTest.php" line="40" class="Tests\Feature\EmployeeSalaryGradeFilterTest" classname="Tests.Feature.EmployeeSalaryGradeFilterTest" assertions="4" time="0.408034"/>
      </testsuite>
      <testsuite name="Tests\Feature\EmployeeSalaryGradeTest" file="C:\wamp64\www\order-portal\tests\Feature\EmployeeSalaryGradeTest.php" tests="3" assertions="11" errors="0" failures="0" skipped="0" time="1.085635">
        <testcase name="test_employee_enrollment_assigns_salary_grade_only" file="C:\wamp64\www\order-portal\tests\Feature\EmployeeSalaryGradeTest.php" line="67" class="Tests\Feature\EmployeeSalaryGradeTest" classname="Tests.Feature.EmployeeSalaryGradeTest" assertions="6" time="0.350594"/>
        <testcase name="test_employee_update_changes_salary_grade" file="C:\wamp64\www\order-portal\tests\Feature\EmployeeSalaryGradeTest.php" line="89" class="Tests\Feature\EmployeeSalaryGradeTest" classname="Tests.Feature.EmployeeSalaryGradeTest" assertions="3" time="0.384622"/>
        <testcase name="test_grade_must_belong_to_employee_factory" file="C:\wamp64\www\order-portal\tests\Feature\EmployeeSalaryGradeTest.php" line="126" class="Tests\Feature\EmployeeSalaryGradeTest" classname="Tests.Feature.EmployeeSalaryGradeTest" assertions="2" time="0.350419"/>
      </testsuite>
      <testsuite name="Tests\Feature\EmployeeScheduleWeekendHalfDayTest" file="C:\wamp64\www\order-portal\tests\Feature\EmployeeScheduleWeekendHalfDayTest.php" tests="6" assertions="18" errors="0" failures="0" skipped="0" time="2.135928">
        <testcase name="test_employee_weekend_days_are_respected" file="C:\wamp64\www\order-portal\tests\Feature\EmployeeScheduleWeekendHalfDayTest.php" line="68" class="Tests\Feature\EmployeeScheduleWeekendHalfDayTest" classname="Tests.Feature.EmployeeScheduleWeekendHalfDayTest" assertions="3" time="0.285413"/>
        <testcase name="test_mark_absences_creates_off_day_on_weekend" file="C:\wamp64\www\order-portal\tests\Feature\EmployeeScheduleWeekendHalfDayTest.php" line="79" class="Tests\Feature\EmployeeScheduleWeekendHalfDayTest" classname="Tests.Feature.EmployeeScheduleWeekendHalfDayTest" assertions="2" time="0.342602"/>
        <testcase name="test_short_work_time_triggers_auto_half_day_with_type" file="C:\wamp64\www\order-portal\tests\Feature\EmployeeScheduleWeekendHalfDayTest.php" line="105" class="Tests\Feature\EmployeeScheduleWeekendHalfDayTest" classname="Tests.Feature.EmployeeScheduleWeekendHalfDayTest" assertions="3" time="0.423370"/>
        <testcase name="test_weekend_ot_counts_all_work_minutes_as_ot" file="C:\wamp64\www\order-portal\tests\Feature\EmployeeScheduleWeekendHalfDayTest.php" line="138" class="Tests\Feature\EmployeeScheduleWeekendHalfDayTest" classname="Tests.Feature.EmployeeScheduleWeekendHalfDayTest" assertions="3" time="0.373364"/>
        <testcase name="test_manual_half_day_entry_is_preserved_on_reprocess" file="C:\wamp64\www\order-portal\tests\Feature\EmployeeScheduleWeekendHalfDayTest.php" line="193" class="Tests\Feature\EmployeeScheduleWeekendHalfDayTest" classname="Tests.Feature.EmployeeScheduleWeekendHalfDayTest" assertions="3" time="0.413147"/>
        <testcase name="test_hr_can_create_half_day_entry_via_form" file="C:\wamp64\www\order-portal\tests\Feature\EmployeeScheduleWeekendHalfDayTest.php" line="233" class="Tests\Feature\EmployeeScheduleWeekendHalfDayTest" classname="Tests.Feature.EmployeeScheduleWeekendHalfDayTest" assertions="4" time="0.298031"/>
      </testsuite>
      <testsuite name="Tests\Feature\EmployeeTransportOdometerTest" file="C:\wamp64\www\order-portal\tests\Feature\EmployeeTransportOdometerTest.php" tests="3" assertions="10" errors="0" failures="2" skipped="0" time="1.067271">
        <testcase name="test_driver_records_morning_km_and_sees_time_on_index" file="C:\wamp64\www\order-portal\tests\Feature\EmployeeTransportOdometerTest.php" line="81" class="Tests\Feature\EmployeeTransportOdometerTest" classname="Tests.Feature.EmployeeTransportOdometerTest" assertions="5" time="0.385765">
          <failure type="PHPUnit\Framework\ExpectationFailedException">Tests\Feature\EmployeeTransportOdometerTest::test_driver_records_morning_km_and_sees_time_on_index&#13;
Failed asserting that two strings are identical.
--- Expected
+++ Actual
@@ @@
-'08:30 AM'
+'8:30 AM'
&#13;
C:\wamp64\www\order-portal\tests\Feature\EmployeeTransportOdometerTest.php:94</failure>
        </testcase>
        <testcase name="test_driver_records_evening_km_separately_and_sees_time" file="C:\wamp64\www\order-portal\tests\Feature\EmployeeTransportOdometerTest.php" line="105" class="Tests\Feature\EmployeeTransportOdometerTest" classname="Tests.Feature.EmployeeTransportOdometerTest" assertions="4" time="0.384525">
          <failure type="PHPUnit\Framework\ExpectationFailedException">Tests\Feature\EmployeeTransportOdometerTest::test_driver_records_evening_km_separately_and_sees_time&#13;
Failed asserting that two strings are identical.
--- Expected
+++ Actual
@@ @@
-'06:15 PM'
+'6:15 PM'
&#13;
C:\wamp64\www\order-portal\tests\Feature\EmployeeTransportOdometerTest.php:127</failure>
        </testcase>
        <testcase name="test_non_driver_cannot_access_odometer" file="C:\wamp64\www\order-portal\tests\Feature\EmployeeTransportOdometerTest.php" line="138" class="Tests\Feature\EmployeeTransportOdometerTest" classname="Tests.Feature.EmployeeTransportOdometerTest" assertions="1" time="0.296981"/>
      </testsuite>
      <testsuite name="Tests\Feature\EmployeeTransportRequestShowTest" file="C:\wamp64\www\order-portal\tests\Feature\EmployeeTransportRequestShowTest.php" tests="1" assertions="7" errors="0" failures="0" skipped="0" time="0.546842">
        <testcase name="test_employee_sees_rental_driver_on_approved_transport_request" file="C:\wamp64\www\order-portal\tests\Feature\EmployeeTransportRequestShowTest.php" line="24" class="Tests\Feature\EmployeeTransportRequestShowTest" classname="Tests.Feature.EmployeeTransportRequestShowTest" assertions="7" time="0.546842"/>
      </testsuite>
      <testsuite name="Tests\Feature\ExampleTest" file="C:\wamp64\www\order-portal\tests\Feature\ExampleTest.php" tests="1" assertions="1" errors="0" failures="0" skipped="0" time="0.230913">
        <testcase name="test_the_application_returns_a_successful_response" file="C:\wamp64\www\order-portal\tests\Feature\ExampleTest.php" line="13" class="Tests\Feature\ExampleTest" classname="Tests.Feature.ExampleTest" assertions="1" time="0.230913"/>
      </testsuite>
      <testsuite name="Tests\Feature\FactoryDesignationSeederTest" file="C:\wamp64\www\order-portal\tests\Feature\FactoryDesignationSeederTest.php" tests="3" assertions="10" errors="0" failures="0" skipped="0" time="3.265192">
        <testcase name="test_seeder_creates_unit_departments_and_designations" file="C:\wamp64\www\order-portal\tests\Feature\FactoryDesignationSeederTest.php" line="22" class="Tests\Feature\FactoryDesignationSeederTest" classname="Tests.Feature.FactoryDesignationSeederTest" assertions="2" time="0.435002"/>
        <testcase name="test_department_seeder_skips_head_office" file="C:\wamp64\www\order-portal\tests\Feature\FactoryDesignationSeederTest.php" line="41" class="Tests\Feature\FactoryDesignationSeederTest" classname="Tests.Feature.FactoryDesignationSeederTest" assertions="3" time="0.580528"/>
        <testcase name="test_unit_employee_seeder_imports_management_list" file="C:\wamp64\www\order-portal\tests\Feature\FactoryDesignationSeederTest.php" line="55" class="Tests\Feature\FactoryDesignationSeederTest" classname="Tests.Feature.FactoryDesignationSeederTest" assertions="5" time="2.249663"/>
      </testsuite>
      <testsuite name="Tests\Feature\FactoryScopeTest" file="C:\wamp64\www\order-portal\tests\Feature\FactoryScopeTest.php" tests="5" assertions="6" errors="0" failures="0" skipped="0" time="2.112576">
        <testcase name="test_unit_user_cannot_access_other_factory_vehicle" file="C:\wamp64\www\order-portal\tests\Feature\FactoryScopeTest.php" line="29" class="Tests\Feature\FactoryScopeTest" classname="Tests.Feature.FactoryScopeTest" assertions="1" time="0.389594"/>
        <testcase name="test_admin_with_factory_assignment_can_access_all_units" file="C:\wamp64\www\order-portal\tests\Feature\FactoryScopeTest.php" line="47" class="Tests\Feature\FactoryScopeTest" classname="Tests.Feature.FactoryScopeTest" assertions="1" time="0.429403"/>
        <testcase name="test_unit_user_can_access_record_with_null_factory_id_authorization" file="C:\wamp64\www\order-portal\tests\Feature\FactoryScopeTest.php" line="73" class="Tests\Feature\FactoryScopeTest" classname="Tests.Feature.FactoryScopeTest" assertions="1" time="0.520397"/>
        <testcase name="test_group_user_can_filter_by_any_factory" file="C:\wamp64\www\order-portal\tests\Feature\FactoryScopeTest.php" line="89" class="Tests\Feature\FactoryScopeTest" classname="Tests.Feature.FactoryScopeTest" assertions="2" time="0.476052"/>
        <testcase name="test_unit_user_blocked_from_other_factory_query_param" file="C:\wamp64\www\order-portal\tests\Feature\FactoryScopeTest.php" line="116" class="Tests\Feature\FactoryScopeTest" classname="Tests.Feature.FactoryScopeTest" assertions="1" time="0.297129"/>
      </testsuite>
      <testsuite name="Tests\Feature\HeadOfficeEmployeeSeederTest" file="C:\wamp64\www\order-portal\tests\Feature\HeadOfficeEmployeeSeederTest.php" tests="1" assertions="5" errors="0" failures="0" skipped="0" time="4.049020">
        <testcase name="test_head_office_employee_seeder_imports_contact_list" file="C:\wamp64\www\order-portal\tests\Feature\HeadOfficeEmployeeSeederTest.php" line="20" class="Tests\Feature\HeadOfficeEmployeeSeederTest" classname="Tests.Feature.HeadOfficeEmployeeSeederTest" assertions="5" time="4.049020"/>
      </testsuite>
      <testsuite name="Tests\Feature\HeadOfficeRolePermissionCatalogTest" file="C:\wamp64\www\order-portal\tests\Feature\HeadOfficeRolePermissionCatalogTest.php" tests="8" assertions="27" errors="0" failures="0" skipped="0" time="2.526755">
        <testcase name="test_gm_designation_gets_full_hrm_module_access" file="C:\wamp64\www\order-portal\tests\Feature\HeadOfficeRolePermissionCatalogTest.php" line="10" class="Tests\Feature\HeadOfficeRolePermissionCatalogTest" classname="Tests.Feature.HeadOfficeRolePermissionCatalogTest" assertions="3" time="0.403193"/>
        <testcase name="test_executive_designation_gets_view_only_orders" file="C:\wamp64\www\order-portal\tests\Feature\HeadOfficeRolePermissionCatalogTest.php" line="19" class="Tests\Feature\HeadOfficeRolePermissionCatalogTest" classname="Tests.Feature.HeadOfficeRolePermissionCatalogTest" assertions="3" time="0.422091"/>
        <testcase name="test_manager_designation_gets_orders_update" file="C:\wamp64\www\order-portal\tests\Feature\HeadOfficeRolePermissionCatalogTest.php" line="28" class="Tests\Feature\HeadOfficeRolePermissionCatalogTest" classname="Tests.Feature.HeadOfficeRolePermissionCatalogTest" assertions="2" time="0.463466"/>
        <testcase name="test_cfo_designation_gets_salary_approve" file="C:\wamp64\www\order-portal\tests\Feature\HeadOfficeRolePermissionCatalogTest.php" line="36" class="Tests\Feature\HeadOfficeRolePermissionCatalogTest" classname="Tests.Feature.HeadOfficeRolePermissionCatalogTest" assertions="5" time="0.288579"/>
        <testcase name="test_admin_gm_gets_full_tms_operational_permissions" file="C:\wamp64\www\order-portal\tests\Feature\HeadOfficeRolePermissionCatalogTest.php" line="47" class="Tests\Feature\HeadOfficeRolePermissionCatalogTest" classname="Tests.Feature.HeadOfficeRolePermissionCatalogTest" assertions="3" time="0.220638"/>
        <testcase name="test_compliance_manager_override" file="C:\wamp64\www\order-portal\tests\Feature\HeadOfficeRolePermissionCatalogTest.php" line="56" class="Tests\Feature\HeadOfficeRolePermissionCatalogTest" classname="Tests.Feature.HeadOfficeRolePermissionCatalogTest" assertions="3" time="0.205984"/>
        <testcase name="test_merchandiser_designation_is_view_only_for_orders" file="C:\wamp64\www\order-portal\tests\Feature\HeadOfficeRolePermissionCatalogTest.php" line="65" class="Tests\Feature\HeadOfficeRolePermissionCatalogTest" classname="Tests.Feature.HeadOfficeRolePermissionCatalogTest" assertions="2" time="0.234510"/>
        <testcase name="test_mis_data_entry_gets_orders_and_hrm_dashboard_with_employee_view" file="C:\wamp64\www\order-portal\tests\Feature\HeadOfficeRolePermissionCatalogTest.php" line="73" class="Tests\Feature\HeadOfficeRolePermissionCatalogTest" classname="Tests.Feature.HeadOfficeRolePermissionCatalogTest" assertions="6" time="0.288292"/>
      </testsuite>
      <testsuite name="Tests\Feature\HeadOfficeUserSeederTest" file="C:\wamp64\www\order-portal\tests\Feature\HeadOfficeUserSeederTest.php" tests="1" assertions="8" errors="0" failures="0" skipped="0" time="5.336671">
        <testcase name="test_head_office_user_seeder_creates_users_with_roles_and_permissions" file="C:\wamp64\www\order-portal\tests\Feature\HeadOfficeUserSeederTest.php" line="18" class="Tests\Feature\HeadOfficeUserSeederTest" classname="Tests.Feature.HeadOfficeUserSeederTest" assertions="8" time="5.336671"/>
      </testsuite>
      <testsuite name="Tests\Feature\HrmDashboardTest" file="C:\wamp64\www\order-portal\tests\Feature\HrmDashboardTest.php" tests="7" assertions="27" errors="0" failures="0" skipped="0" time="4.135788">
        <testcase name="test_group_hr_can_view_hrm_dashboard" file="C:\wamp64\www\order-portal\tests\Feature\HrmDashboardTest.php" line="122" class="Tests\Feature\HrmDashboardTest" classname="Tests.Feature.HrmDashboardTest" assertions="5" time="0.653062"/>
        <testcase name="test_unit_hr_sees_only_assigned_factory" file="C:\wamp64\www\order-portal\tests\Feature\HrmDashboardTest.php" line="133" class="Tests\Feature\HrmDashboardTest" classname="Tests.Feature.HrmDashboardTest" assertions="4" time="0.715656"/>
        <testcase name="test_dashboard_shows_department_breakdown" file="C:\wamp64\www\order-portal\tests\Feature\HrmDashboardTest.php" line="143" class="Tests\Feature\HrmDashboardTest" classname="Tests.Feature.HrmDashboardTest" assertions="3" time="0.523724"/>
        <testcase name="test_clicking_present_opens_today_attendance_detail" file="C:\wamp64\www\order-portal\tests\Feature\HrmDashboardTest.php" line="152" class="Tests\Feature\HrmDashboardTest" classname="Tests.Feature.HrmDashboardTest" assertions="7" time="0.552829"/>
        <testcase name="test_absent_filter_shows_absent_employees_only" file="C:\wamp64\www\order-portal\tests\Feature\HrmDashboardTest.php" line="169" class="Tests\Feature\HrmDashboardTest" classname="Tests.Feature.HrmDashboardTest" assertions="4" time="0.636603"/>
        <testcase name="test_user_without_hrm_permission_is_denied" file="C:\wamp64\www\order-portal\tests\Feature\HrmDashboardTest.php" line="183" class="Tests\Feature\HrmDashboardTest" classname="Tests.Feature.HrmDashboardTest" assertions="1" time="0.429478"/>
        <testcase name="test_dashboard_only_permission_grants_hrm_access" file="C:\wamp64\www\order-portal\tests\Feature\HrmDashboardTest.php" line="198" class="Tests\Feature\HrmDashboardTest" classname="Tests.Feature.HrmDashboardTest" assertions="3" time="0.624436"/>
      </testsuite>
      <testsuite name="Tests\Feature\HrmEmployeePromotionTest" file="C:\wamp64\www\order-portal\tests\Feature\HrmEmployeePromotionTest.php" tests="4" assertions="15" errors="0" failures="0" skipped="0" time="1.995798">
        <testcase name="test_promotion_index_loads" file="C:\wamp64\www\order-portal\tests\Feature\HrmEmployeePromotionTest.php" line="40" class="Tests\Feature\HrmEmployeePromotionTest" classname="Tests.Feature.HrmEmployeePromotionTest" assertions="1" time="0.462752"/>
        <testcase name="test_admin_can_submit_and_approve_promotion" file="C:\wamp64\www\order-portal\tests\Feature\HrmEmployeePromotionTest.php" line="47" class="Tests\Feature\HrmEmployeePromotionTest" classname="Tests.Feature.HrmEmployeePromotionTest" assertions="9" time="0.513396"/>
        <testcase name="test_cannot_submit_duplicate_pending_promotion" file="C:\wamp64\www\order-portal\tests\Feature\HrmEmployeePromotionTest.php" line="95" class="Tests\Feature\HrmEmployeePromotionTest" classname="Tests.Feature.HrmEmployeePromotionTest" assertions="2" time="0.497033"/>
        <testcase name="test_reject_promotion_does_not_update_employee" file="C:\wamp64\www\order-portal\tests\Feature\HrmEmployeePromotionTest.php" line="129" class="Tests\Feature\HrmEmployeePromotionTest" classname="Tests.Feature.HrmEmployeePromotionTest" assertions="3" time="0.522616"/>
      </testsuite>
      <testsuite name="Tests\Feature\HrmEmployeeSeparationTest" file="C:\wamp64\www\order-portal\tests\Feature\HrmEmployeeSeparationTest.php" tests="4" assertions="12" errors="0" failures="0" skipped="0" time="2.341692">
        <testcase name="test_separation_index_loads" file="C:\wamp64\www\order-portal\tests\Feature\HrmEmployeeSeparationTest.php" line="38" class="Tests\Feature\HrmEmployeeSeparationTest" classname="Tests.Feature.HrmEmployeeSeparationTest" assertions="1" time="0.493756"/>
        <testcase name="test_admin_can_submit_and_approve_separation" file="C:\wamp64\www\order-portal\tests\Feature\HrmEmployeeSeparationTest.php" line="45" class="Tests\Feature\HrmEmployeeSeparationTest" classname="Tests.Feature.HrmEmployeeSeparationTest" assertions="8" time="0.793874"/>
        <testcase name="test_cannot_set_resigned_status_via_employee_edit" file="C:\wamp64\www\order-portal\tests\Feature\HrmEmployeeSeparationTest.php" line="84" class="Tests\Feature\HrmEmployeeSeparationTest" classname="Tests.Feature.HrmEmployeeSeparationTest" assertions="2" time="0.436593"/>
        <testcase name="test_separation_triggers_fnf_notification" file="C:\wamp64\www\order-portal\tests\Feature\HrmEmployeeSeparationTest.php" line="105" class="Tests\Feature\HrmEmployeeSeparationTest" classname="Tests.Feature.HrmEmployeeSeparationTest" assertions="1" time="0.617469"/>
      </testsuite>
      <testsuite name="Tests\Feature\HrmFinalSettlementTest" file="C:\wamp64\www\order-portal\tests\Feature\HrmFinalSettlementTest.php" tests="6" assertions="19" errors="0" failures="0" skipped="0" time="3.164210">
        <testcase name="test_final_settlement_index_loads" file="C:\wamp64\www\order-portal\tests\Feature\HrmFinalSettlementTest.php" line="110" class="Tests\Feature\HrmFinalSettlementTest" classname="Tests.Feature.HrmFinalSettlementTest" assertions="2" time="0.631097"/>
        <testcase name="test_final_settlement_calculates_net_payable" file="C:\wamp64\www\order-portal\tests\Feature\HrmFinalSettlementTest.php" line="118" class="Tests\Feature\HrmFinalSettlementTest" classname="Tests.Feature.HrmFinalSettlementTest" assertions="7" time="0.434492"/>
        <testcase name="test_final_settlement_workflow_through_paid" file="C:\wamp64\www\order-portal\tests\Feature\HrmFinalSettlementTest.php" line="137" class="Tests\Feature\HrmFinalSettlementTest" classname="Tests.Feature.HrmFinalSettlementTest" assertions="5" time="0.593762"/>
        <testcase name="test_final_settlement_print_view_loads" file="C:\wamp64\www\order-portal\tests\Feature\HrmFinalSettlementTest.php" line="164" class="Tests\Feature\HrmFinalSettlementTest" classname="Tests.Feature.HrmFinalSettlementTest" assertions="2" time="0.507424"/>
        <testcase name="test_cannot_create_settlement_for_active_employee" file="C:\wamp64\www\order-portal\tests\Feature\HrmFinalSettlementTest.php" line="178" class="Tests\Feature\HrmFinalSettlementTest" classname="Tests.Feature.HrmFinalSettlementTest" assertions="1" time="0.334317"/>
        <testcase name="test_settlement_view_only_user_cannot_create" file="C:\wamp64\www\order-portal\tests\Feature\HrmFinalSettlementTest.php" line="192" class="Tests\Feature\HrmFinalSettlementTest" classname="Tests.Feature.HrmFinalSettlementTest" assertions="2" time="0.663118"/>
      </testsuite>
      <testsuite name="Tests\Feature\HrmMasterDataSeederTest" file="C:\wamp64\www\order-portal\tests\Feature\HrmMasterDataSeederTest.php" tests="2" assertions="4" errors="0" failures="1" skipped="0" time="6.080545">
        <testcase name="test_hrm_master_data_seeder_populates_defaults_per_factory" file="C:\wamp64\www\order-portal\tests\Feature\HrmMasterDataSeederTest.php" line="23" class="Tests\Feature\HrmMasterDataSeederTest" classname="Tests.Feature.HrmMasterDataSeederTest" assertions="1" time="2.414504">
          <failure type="PHPUnit\Framework\ExpectationFailedException">Tests\Feature\HrmMasterDataSeederTest::test_hrm_master_data_seeder_populates_defaults_per_factory&#13;
Failed asserting that 7 is identical to 6.
&#13;
C:\wamp64\www\order-portal\tests\Feature\HrmMasterDataSeederTest.php:30</failure>
        </testcase>
        <testcase name="test_hrm_master_data_seeder_is_idempotent" file="C:\wamp64\www\order-portal\tests\Feature\HrmMasterDataSeederTest.php" line="46" class="Tests\Feature\HrmMasterDataSeederTest" classname="Tests.Feature.HrmMasterDataSeederTest" assertions="3" time="3.666041"/>
      </testsuite>
      <testsuite name="Tests\Feature\HrmMasterTest" file="C:\wamp64\www\order-portal\tests\Feature\HrmMasterTest.php" tests="4" assertions="11" errors="0" failures="0" skipped="0" time="2.333057">
        <testcase name="test_hrm_master_hub_is_accessible_with_permission" file="C:\wamp64\www\order-portal\tests\Feature\HrmMasterTest.php" line="35" class="Tests\Feature\HrmMasterTest" classname="Tests.Feature.HrmMasterTest" assertions="4" time="0.985092"/>
        <testcase name="test_admin_can_create_hrm_worker_category" file="C:\wamp64\www\order-portal\tests\Feature\HrmMasterTest.php" line="45" class="Tests\Feature\HrmMasterTest" classname="Tests.Feature.HrmMasterTest" assertions="4" time="0.497585"/>
        <testcase name="test_admin_can_create_hrm_building_for_factory" file="C:\wamp64\www\order-portal\tests\Feature\HrmMasterTest.php" line="60" class="Tests\Feature\HrmMasterTest" classname="Tests.Feature.HrmMasterTest" assertions="2" time="0.451154"/>
        <testcase name="test_user_without_hrm_permission_cannot_access_hub" file="C:\wamp64\www\order-portal\tests\Feature\HrmMasterTest.php" line="81" class="Tests\Feature\HrmMasterTest" classname="Tests.Feature.HrmMasterTest" assertions="1" time="0.399226"/>
      </testsuite>
      <testsuite name="Tests\Feature\HrmModuleDashboardsTest" file="C:\wamp64\www\order-portal\tests\Feature\HrmModuleDashboardsTest.php" tests="1" assertions="18" errors="0" failures="0" skipped="0" time="2.734603">
        <testcase name="test_all_module_dashboards_load" file="C:\wamp64\www\order-portal\tests\Feature\HrmModuleDashboardsTest.php" line="34" class="Tests\Feature\HrmModuleDashboardsTest" classname="Tests.Feature.HrmModuleDashboardsTest" assertions="18" time="2.734603"/>
      </testsuite>
      <testsuite name="Tests\Feature\HrmPerformanceTest" file="C:\wamp64\www\order-portal\tests\Feature\HrmPerformanceTest.php" tests="11" assertions="60" errors="0" failures="0" skipped="0" time="7.215701">
        <testcase name="test_performance_hub_loads" file="C:\wamp64\www\order-portal\tests\Feature\HrmPerformanceTest.php" line="62" class="Tests\Feature\HrmPerformanceTest" classname="Tests.Feature.HrmPerformanceTest" assertions="1" time="0.565654"/>
        <testcase name="test_probation_cycle_generates_review_and_dual_approval_flow" file="C:\wamp64\www\order-portal\tests\Feature\HrmPerformanceTest.php" line="69" class="Tests\Feature\HrmPerformanceTest" classname="Tests.Feature.HrmPerformanceTest" assertions="16" time="0.873182"/>
        <testcase name="test_suspended_employee_review_is_blocked" file="C:\wamp64\www\order-portal\tests\Feature\HrmPerformanceTest.php" line="169" class="Tests\Feature\HrmPerformanceTest" classname="Tests.Feature.HrmPerformanceTest" assertions="2" time="0.671838"/>
        <testcase name="test_mid_year_cycle_requires_probation_passed" file="C:\wamp64\www\order-portal\tests\Feature\HrmPerformanceTest.php" line="202" class="Tests\Feature\HrmPerformanceTest" classname="Tests.Feature.HrmPerformanceTest" assertions="2" time="0.470664"/>
        <testcase name="test_performance_bonus_run_calculates_from_approved_mid_year_review" file="C:\wamp64\www\order-portal\tests\Feature\HrmPerformanceTest.php" line="245" class="Tests\Feature\HrmPerformanceTest" classname="Tests.Feature.HrmPerformanceTest" assertions="12" time="0.845958"/>
        <testcase name="test_increment_run_applies_salary_from_approved_annual_review" file="C:\wamp64\www\order-portal\tests\Feature\HrmPerformanceTest.php" line="334" class="Tests\Feature\HrmPerformanceTest" classname="Tests.Feature.HrmPerformanceTest" assertions="10" time="1.030328"/>
        <testcase name="test_performance_seeder_seeds_default_master_data" file="C:\wamp64\www\order-portal\tests\Feature\HrmPerformanceTest.php" line="430" class="Tests\Feature\HrmPerformanceTest" classname="Tests.Feature.HrmPerformanceTest" assertions="5" time="0.461343"/>
        <testcase name="test_employee_portal_shows_approved_performance_review" file="C:\wamp64\www\order-portal\tests\Feature\HrmPerformanceTest.php" line="443" class="Tests\Feature\HrmPerformanceTest" classname="Tests.Feature.HrmPerformanceTest" assertions="5" time="0.602702"/>
        <testcase name="test_employee_cannot_view_other_employees_performance_review" file="C:\wamp64\www\order-portal\tests\Feature\HrmPerformanceTest.php" line="502" class="Tests\Feature\HrmPerformanceTest" classname="Tests.Feature.HrmPerformanceTest" assertions="1" time="0.476772"/>
        <testcase name="test_performance_approval_notifies_employee_portal" file="C:\wamp64\www\order-portal\tests\Feature\HrmPerformanceTest.php" line="555" class="Tests\Feature\HrmPerformanceTest" classname="Tests.Feature.HrmPerformanceTest" assertions="2" time="0.442388"/>
        <testcase name="test_hrm_dashboard_shows_performance_stats" file="C:\wamp64\www\order-portal\tests\Feature\HrmPerformanceTest.php" line="613" class="Tests\Feature\HrmPerformanceTest" classname="Tests.Feature.HrmPerformanceTest" assertions="4" time="0.774871"/>
      </testsuite>
      <testsuite name="Tests\Feature\HrmPhase6Test" file="C:\wamp64\www\order-portal\tests\Feature\HrmPhase6Test.php" tests="9" assertions="48" errors="0" failures="0" skipped="0" time="5.617768">
        <testcase name="test_letters_index_loads_with_seeded_templates" file="C:\wamp64\www\order-portal\tests\Feature\HrmPhase6Test.php" line="41" class="Tests\Feature\HrmPhase6Test" classname="Tests.Feature.HrmPhase6Test" assertions="3" time="0.722926"/>
        <testcase name="test_letter_template_edit_form_renders_placeholder_help" file="C:\wamp64\www\order-portal\tests\Feature\HrmPhase6Test.php" line="51" class="Tests\Feature\HrmPhase6Test" classname="Tests.Feature.HrmPhase6Test" assertions="4" time="0.592848"/>
        <testcase name="test_offer_of_employment_template_is_seeded" file="C:\wamp64\www\order-portal\tests\Feature\HrmPhase6Test.php" line="63" class="Tests\Feature\HrmPhase6Test" classname="Tests.Feature.HrmPhase6Test" assertions="5" time="0.490887"/>
        <testcase name="test_can_issue_offer_of_employment_letter_with_rendered_placeholders" file="C:\wamp64\www\order-portal\tests\Feature\HrmPhase6Test.php" line="75" class="Tests\Feature\HrmPhase6Test" classname="Tests.Feature.HrmPhase6Test" assertions="15" time="0.778884"/>
        <testcase name="test_can_issue_letter_to_employee" file="C:\wamp64\www\order-portal\tests\Feature\HrmPhase6Test.php" line="145" class="Tests\Feature\HrmPhase6Test" classname="Tests.Feature.HrmPhase6Test" assertions="8" time="0.804437"/>
        <testcase name="test_letter_content_is_parsed_into_sections" file="C:\wamp64\www\order-portal\tests\Feature\HrmPhase6Test.php" line="178" class="Tests\Feature\HrmPhase6Test" classname="Tests.Feature.HrmPhase6Test" assertions="3" time="0.339529"/>
        <testcase name="test_can_record_and_close_disciplinary_action" file="C:\wamp64\www\order-portal\tests\Feature\HrmPhase6Test.php" line="192" class="Tests\Feature\HrmPhase6Test" classname="Tests.Feature.HrmPhase6Test" assertions="5" time="0.484983"/>
        <testcase name="test_suspension_updates_employee_status" file="C:\wamp64\www\order-portal\tests\Feature\HrmPhase6Test.php" line="222" class="Tests\Feature\HrmPhase6Test" classname="Tests.Feature.HrmPhase6Test" assertions="2" time="0.434281"/>
        <testcase name="test_employee_profile_shows_letters_and_discipline_cards" file="C:\wamp64\www\order-portal\tests\Feature\HrmPhase6Test.php" line="246" class="Tests\Feature\HrmPhase6Test" classname="Tests.Feature.HrmPhase6Test" assertions="3" time="0.968993"/>
      </testsuite>
      <testsuite name="Tests\Feature\HrmPriority1NotificationsTest" file="C:\wamp64\www\order-portal\tests\Feature\HrmPriority1NotificationsTest.php" tests="3" assertions="7" errors="0" failures="0" skipped="0" time="2.157961">
        <testcase name="test_leave_apply_notifies_manager_portal_and_hr_admin" file="C:\wamp64\www\order-portal\tests\Feature\HrmPriority1NotificationsTest.php" line="23" class="Tests\Feature\HrmPriority1NotificationsTest" classname="Tests.Feature.HrmPriority1NotificationsTest" assertions="2" time="1.004830"/>
        <testcase name="test_service_history_recorded_on_employee_update" file="C:\wamp64\www\order-portal\tests\Feature\HrmPriority1NotificationsTest.php" line="94" class="Tests\Feature\HrmPriority1NotificationsTest" classname="Tests.Feature.HrmPriority1NotificationsTest" assertions="2" time="0.552174"/>
        <testcase name="test_employee_id_card_page_loads" file="C:\wamp64\www\order-portal\tests\Feature\HrmPriority1NotificationsTest.php" line="130" class="Tests\Feature\HrmPriority1NotificationsTest" classname="Tests.Feature.HrmPriority1NotificationsTest" assertions="3" time="0.600957"/>
      </testsuite>
      <testsuite name="Tests\Feature\HrmPriority2ProductionTest" file="C:\wamp64\www\order-portal\tests\Feature\HrmPriority2ProductionTest.php" tests="4" assertions="9" errors="0" failures="0" skipped="0" time="2.082839">
        <testcase name="test_unit_hr_cannot_create_employee_for_other_factory" file="C:\wamp64\www\order-portal\tests\Feature\HrmPriority2ProductionTest.php" line="17" class="Tests\Feature\HrmPriority2ProductionTest" classname="Tests.Feature.HrmPriority2ProductionTest" assertions="1" time="0.519397"/>
        <testcase name="test_unit_hr_only_sees_own_hrm_master_records" file="C:\wamp64\www\order-portal\tests\Feature\HrmPriority2ProductionTest.php" line="43" class="Tests\Feature\HrmPriority2ProductionTest" classname="Tests.Feature.HrmPriority2ProductionTest" assertions="3" time="0.558223"/>
        <testcase name="test_sync_failures_page_loads_for_sync_permission" file="C:\wamp64\www\order-portal\tests\Feature\HrmPriority2ProductionTest.php" line="71" class="Tests\Feature\HrmPriority2ProductionTest" classname="Tests.Feature.HrmPriority2ProductionTest" assertions="2" time="0.518800"/>
        <testcase name="test_sync_device_queues_job_instead_of_blocking" file="C:\wamp64\www\order-portal\tests\Feature\HrmPriority2ProductionTest.php" line="93" class="Tests\Feature\HrmPriority2ProductionTest" classname="Tests.Feature.HrmPriority2ProductionTest" assertions="3" time="0.486419"/>
      </testsuite>
      <testsuite name="Tests\Feature\HrmPriority3ComplianceTest" file="C:\wamp64\www\order-portal\tests\Feature\HrmPriority3ComplianceTest.php" tests="12" assertions="27" errors="0" failures="0" skipped="0" time="6.128665">
        <testcase name="test_minimum_wage_validator_rejects_below_category_floor" file="C:\wamp64\www\order-portal\tests\Feature\HrmPriority3ComplianceTest.php" line="41" class="Tests\Feature\HrmPriority3ComplianceTest" classname="Tests.Feature.HrmPriority3ComplianceTest" assertions="1" time="0.490858"/>
        <testcase name="test_ot_calculator_applies_holiday_multiplier" file="C:\wamp64\www\order-portal\tests\Feature\HrmPriority3ComplianceTest.php" line="62" class="Tests\Feature\HrmPriority3ComplianceTest" classname="Tests.Feature.HrmPriority3ComplianceTest" assertions="2" time="0.411705"/>
        <testcase name="test_gratuity_calculated_on_separation_after_five_years" file="C:\wamp64\www\order-portal\tests\Feature\HrmPriority3ComplianceTest.php" line="95" class="Tests\Feature\HrmPriority3ComplianceTest" classname="Tests.Feature.HrmPriority3ComplianceTest" assertions="3" time="0.429577"/>
        <testcase name="test_festival_bonus_run_calculates_items" file="C:\wamp64\www\order-portal\tests\Feature\HrmPriority3ComplianceTest.php" line="123" class="Tests\Feature\HrmPriority3ComplianceTest" classname="Tests.Feature.HrmPriority3ComplianceTest" assertions="2" time="0.565677"/>
        <testcase name="test_bonus_run_can_be_approved_after_calculate" file="C:\wamp64\www\order-portal\tests\Feature\HrmPriority3ComplianceTest.php" line="157" class="Tests\Feature\HrmPriority3ComplianceTest" classname="Tests.Feature.HrmPriority3ComplianceTest" assertions="3" time="0.469132"/>
        <testcase name="test_bonus_export_requires_approval" file="C:\wamp64\www\order-portal\tests\Feature\HrmPriority3ComplianceTest.php" line="194" class="Tests\Feature\HrmPriority3ComplianceTest" classname="Tests.Feature.HrmPriority3ComplianceTest" assertions="1" time="0.462449"/>
        <testcase name="test_statutory_register_export_returns_csv" file="C:\wamp64\www\order-portal\tests\Feature\HrmPriority3ComplianceTest.php" line="209" class="Tests\Feature\HrmPriority3ComplianceTest" classname="Tests.Feature.HrmPriority3ComplianceTest" assertions="3" time="0.467473"/>
        <testcase name="test_employee_show_displays_gratuity_settlement_link" file="C:\wamp64\www\order-portal\tests\Feature\HrmPriority3ComplianceTest.php" line="223" class="Tests\Feature\HrmPriority3ComplianceTest" classname="Tests.Feature.HrmPriority3ComplianceTest" assertions="3" time="0.688564"/>
        <testcase name="test_age_verification_rejects_underage_employee" file="C:\wamp64\www\order-portal\tests\Feature\HrmPriority3ComplianceTest.php" line="253" class="Tests\Feature\HrmPriority3ComplianceTest" classname="Tests.Feature.HrmPriority3ComplianceTest" assertions="2" time="0.398337"/>
        <testcase name="test_compliance_hub_loads_for_compliance_permission" file="C:\wamp64\www\order-portal\tests\Feature\HrmPriority3ComplianceTest.php" line="277" class="Tests\Feature\HrmPriority3ComplianceTest" classname="Tests.Feature.HrmPriority3ComplianceTest" assertions="2" time="0.682972"/>
        <testcase name="test_maternity_transaction_requires_female_employee" file="C:\wamp64\www\order-portal\tests\Feature\HrmPriority3ComplianceTest.php" line="285" class="Tests\Feature\HrmPriority3ComplianceTest" classname="Tests.Feature.HrmPriority3ComplianceTest" assertions="1" time="0.411654"/>
        <testcase name="test_working_hours_notify_sends_compliance_alerts" file="C:\wamp64\www\order-portal\tests\Feature\HrmPriority3ComplianceTest.php" line="311" class="Tests\Feature\HrmPriority3ComplianceTest" classname="Tests.Feature.HrmPriority3ComplianceTest" assertions="4" time="0.650267"/>
      </testsuite>
      <testsuite name="Tests\Feature\HrmPriority4FinanceTest" file="C:\wamp64\www\order-portal\tests\Feature\HrmPriority4FinanceTest.php" tests="18" assertions="70" errors="0" failures="0" skipped="0" time="10.211271">
        <testcase name="test_finance_hub_loads" file="C:\wamp64\www\order-portal\tests\Feature\HrmPriority4FinanceTest.php" line="50" class="Tests\Feature\HrmPriority4FinanceTest" classname="Tests.Feature.HrmPriority4FinanceTest" assertions="2" time="0.563488"/>
        <testcase name="test_tds_calculator_uses_tax_slabs" file="C:\wamp64\www\order-portal\tests\Feature\HrmPriority4FinanceTest.php" line="58" class="Tests\Feature\HrmPriority4FinanceTest" classname="Tests.Feature.HrmPriority4FinanceTest" assertions="1" time="0.387959"/>
        <testcase name="test_pf_and_loan_deducted_in_payroll" file="C:\wamp64\www\order-portal\tests\Feature\HrmPriority4FinanceTest.php" line="98" class="Tests\Feature\HrmPriority4FinanceTest" classname="Tests.Feature.HrmPriority4FinanceTest" assertions="3" time="0.449291"/>
        <testcase name="test_shift_roster_overrides_default_shift" file="C:\wamp64\www\order-portal\tests\Feature\HrmPriority4FinanceTest.php" line="172" class="Tests\Feature\HrmPriority4FinanceTest" classname="Tests.Feature.HrmPriority4FinanceTest" assertions="1" time="0.487030"/>
        <testcase name="test_loan_emi_is_auto_calculated_from_principal_and_installments" file="C:\wamp64\www\order-portal\tests\Feature\HrmPriority4FinanceTest.php" line="202" class="Tests\Feature\HrmPriority4FinanceTest" classname="Tests.Feature.HrmPriority4FinanceTest" assertions="3" time="0.411370"/>
        <testcase name="test_bulk_festival_advance_creates_approved_loans_with_schedule" file="C:\wamp64\www\order-portal\tests\Feature\HrmPriority4FinanceTest.php" line="209" class="Tests\Feature\HrmPriority4FinanceTest" classname="Tests.Feature.HrmPriority4FinanceTest" assertions="16" time="0.686382"/>
        <testcase name="test_loan_early_settlement_closes_active_loan" file="C:\wamp64\www\order-portal\tests\Feature\HrmPriority4FinanceTest.php" line="247" class="Tests\Feature\HrmPriority4FinanceTest" classname="Tests.Feature.HrmPriority4FinanceTest" assertions="5" time="0.469559"/>
        <testcase name="test_tax_certificate_prints_for_employee" file="C:\wamp64\www\order-portal\tests\Feature\HrmPriority4FinanceTest.php" line="284" class="Tests\Feature\HrmPriority4FinanceTest" classname="Tests.Feature.HrmPriority4FinanceTest" assertions="2" time="0.472851"/>
        <testcase name="test_pf_employer_report_page_loads" file="C:\wamp64\www\order-portal\tests\Feature\HrmPriority4FinanceTest.php" line="317" class="Tests\Feature\HrmPriority4FinanceTest" classname="Tests.Feature.HrmPriority4FinanceTest" assertions="2" time="0.631068"/>
        <testcase name="test_tax_year_can_be_updated" file="C:\wamp64\www\order-portal\tests\Feature\HrmPriority4FinanceTest.php" line="327" class="Tests\Feature\HrmPriority4FinanceTest" classname="Tests.Feature.HrmPriority4FinanceTest" assertions="4" time="0.425060"/>
        <testcase name="test_pending_loan_can_be_rejected" file="C:\wamp64\www\order-portal\tests\Feature\HrmPriority4FinanceTest.php" line="356" class="Tests\Feature\HrmPriority4FinanceTest" classname="Tests.Feature.HrmPriority4FinanceTest" assertions="4" time="0.469932"/>
        <testcase name="test_employee_can_apply_for_loan_via_portal" file="C:\wamp64\www\order-portal\tests\Feature\HrmPriority4FinanceTest.php" line="387" class="Tests\Feature\HrmPriority4FinanceTest" classname="Tests.Feature.HrmPriority4FinanceTest" assertions="3" time="0.521066"/>
        <testcase name="test_hrm_dashboard_shows_finance_kpis_for_finance_admin" file="C:\wamp64\www\order-portal\tests\Feature\HrmPriority4FinanceTest.php" line="416" class="Tests\Feature\HrmPriority4FinanceTest" classname="Tests.Feature.HrmPriority4FinanceTest" assertions="2" time="0.769759"/>
        <testcase name="test_pf_account_show_displays_contribution_history" file="C:\wamp64\www\order-portal\tests\Feature\HrmPriority4FinanceTest.php" line="424" class="Tests\Feature\HrmPriority4FinanceTest" classname="Tests.Feature.HrmPriority4FinanceTest" assertions="4" time="0.948449"/>
        <testcase name="test_loan_statement_prints_for_admin_and_employee" file="C:\wamp64\www\order-portal\tests\Feature\HrmPriority4FinanceTest.php" line="459" class="Tests\Feature\HrmPriority4FinanceTest" classname="Tests.Feature.HrmPriority4FinanceTest" assertions="5" time="0.611070"/>
        <testcase name="test_annual_tds_export_downloads_csv" file="C:\wamp64\www\order-portal\tests\Feature\HrmPriority4FinanceTest.php" line="504" class="Tests\Feature\HrmPriority4FinanceTest" classname="Tests.Feature.HrmPriority4FinanceTest" assertions="6" time="0.422483"/>
        <testcase name="test_roster_variance_report_lists_missing_attendance" file="C:\wamp64\www\order-portal\tests\Feature\HrmPriority4FinanceTest.php" line="552" class="Tests\Feature\HrmPriority4FinanceTest" classname="Tests.Feature.HrmPriority4FinanceTest" assertions="5" time="0.937547"/>
        <testcase name="test_publishing_roster_notifies_employee_portal_users" file="C:\wamp64\www\order-portal\tests\Feature\HrmPriority4FinanceTest.php" line="587" class="Tests\Feature\HrmPriority4FinanceTest" classname="Tests.Feature.HrmPriority4FinanceTest" assertions="2" time="0.546908"/>
      </testsuite>
      <testsuite name="Tests\Feature\HrmRecruitmentTest" file="C:\wamp64\www\order-portal\tests\Feature\HrmRecruitmentTest.php" tests="35" assertions="114" errors="0" failures="0" skipped="0" time="19.562330">
        <testcase name="test_careers_index_shows_open_postings" file="C:\wamp64\www\order-portal\tests\Feature\HrmRecruitmentTest.php" line="67" class="Tests\Feature\HrmRecruitmentTest" classname="Tests.Feature.HrmRecruitmentTest" assertions="4" time="0.634448"/>
        <testcase name="test_candidate_can_apply_online_with_otp" file="C:\wamp64\www\order-portal\tests\Feature\HrmRecruitmentTest.php" line="79" class="Tests\Feature\HrmRecruitmentTest" classname="Tests.Feature.HrmRecruitmentTest" assertions="5" time="0.687873"/>
        <testcase name="test_online_application_notifies_hr" file="C:\wamp64\www\order-portal\tests\Feature\HrmRecruitmentTest.php" line="100" class="Tests\Feature\HrmRecruitmentTest" classname="Tests.Feature.HrmRecruitmentTest" assertions="1" time="0.481231"/>
        <testcase name="test_candidate_can_track_application" file="C:\wamp64\www\order-portal\tests\Feature\HrmRecruitmentTest.php" line="119" class="Tests\Feature\HrmRecruitmentTest" classname="Tests.Feature.HrmRecruitmentTest" assertions="3" time="0.738353"/>
        <testcase name="test_hr_can_schedule_interview" file="C:\wamp64\www\order-portal\tests\Feature\HrmRecruitmentTest.php" line="142" class="Tests\Feature\HrmRecruitmentTest" classname="Tests.Feature.HrmRecruitmentTest" assertions="3" time="0.616539"/>
        <testcase name="test_manual_application_create_page_works_without_job_postings" file="C:\wamp64\www\order-portal\tests\Feature\HrmRecruitmentTest.php" line="170" class="Tests\Feature\HrmRecruitmentTest" classname="Tests.Feature.HrmRecruitmentTest" assertions="4" time="0.474286"/>
        <testcase name="test_hr_can_create_posting_and_manual_application" file="C:\wamp64\www\order-portal\tests\Feature\HrmRecruitmentTest.php" line="181" class="Tests\Feature\HrmRecruitmentTest" classname="Tests.Feature.HrmRecruitmentTest" assertions="6" time="0.880836"/>
        <testcase name="test_convert_redirects_to_employee_create_with_prefill" file="C:\wamp64\www\order-portal\tests\Feature\HrmRecruitmentTest.php" line="206" class="Tests\Feature\HrmRecruitmentTest" classname="Tests.Feature.HrmRecruitmentTest" assertions="4" time="0.810821"/>
        <testcase name="test_former_employee_can_apply_again" file="C:\wamp64\www\order-portal\tests\Feature\HrmRecruitmentTest.php" line="232" class="Tests\Feature\HrmRecruitmentTest" classname="Tests.Feature.HrmRecruitmentTest" assertions="2" time="0.565811"/>
        <testcase name="test_online_application_sends_confirmation_email" file="C:\wamp64\www\order-portal\tests\Feature\HrmRecruitmentTest.php" line="259" class="Tests\Feature\HrmRecruitmentTest" classname="Tests.Feature.HrmRecruitmentTest" assertions="2" time="0.524084"/>
        <testcase name="test_interview_schedule_sends_candidate_email" file="C:\wamp64\www\order-portal\tests\Feature\HrmRecruitmentTest.php" line="280" class="Tests\Feature\HrmRecruitmentTest" classname="Tests.Feature.HrmRecruitmentTest" assertions="2" time="0.506245"/>
        <testcase name="test_interview_reminder_command_marks_reminder_sent" file="C:\wamp64\www\order-portal\tests\Feature\HrmRecruitmentTest.php" line="311" class="Tests\Feature\HrmRecruitmentTest" classname="Tests.Feature.HrmRecruitmentTest" assertions="2" time="0.439872"/>
        <testcase name="test_posting_auto_closes_when_slots_filled" file="C:\wamp64\www\order-portal\tests\Feature\HrmRecruitmentTest.php" line="344" class="Tests\Feature\HrmRecruitmentTest" classname="Tests.Feature.HrmRecruitmentTest" assertions="2" time="0.482897"/>
        <testcase name="test_hr_can_issue_offer_letter" file="C:\wamp64\www\order-portal\tests\Feature\HrmRecruitmentTest.php" line="382" class="Tests\Feature\HrmRecruitmentTest" classname="Tests.Feature.HrmRecruitmentTest" assertions="3" time="0.454419"/>
        <testcase name="test_candidate_can_accept_offer_on_careers_portal" file="C:\wamp64\www\order-portal\tests\Feature\HrmRecruitmentTest.php" line="414" class="Tests\Feature\HrmRecruitmentTest" classname="Tests.Feature.HrmRecruitmentTest" assertions="6" time="0.534313"/>
        <testcase name="test_recruitment_dashboard_loads" file="C:\wamp64\www\order-portal\tests\Feature\HrmRecruitmentTest.php" line="450" class="Tests\Feature\HrmRecruitmentTest" classname="Tests.Feature.HrmRecruitmentTest" assertions="2" time="0.594384"/>
        <testcase name="test_applications_can_be_exported_as_csv" file="C:\wamp64\www\order-portal\tests\Feature\HrmRecruitmentTest.php" line="459" class="Tests\Feature\HrmRecruitmentTest" classname="Tests.Feature.HrmRecruitmentTest" assertions="3" time="0.513548"/>
        <testcase name="test_posting_requires_salary_when_not_negotiable" file="C:\wamp64\www\order-portal\tests\Feature\HrmRecruitmentTest.php" line="482" class="Tests\Feature\HrmRecruitmentTest" classname="Tests.Feature.HrmRecruitmentTest" assertions="2" time="0.392493"/>
        <testcase name="test_posting_allows_blank_salary_when_negotiable" file="C:\wamp64\www\order-portal\tests\Feature\HrmRecruitmentTest.php" line="496" class="Tests\Feature\HrmRecruitmentTest" classname="Tests.Feature.HrmRecruitmentTest" assertions="2" time="0.429287"/>
        <testcase name="test_candidate_can_apply_without_otp_when_disabled" file="C:\wamp64\www\order-portal\tests\Feature\HrmRecruitmentTest.php" line="516" class="Tests\Feature\HrmRecruitmentTest" classname="Tests.Feature.HrmRecruitmentTest" assertions="3" time="0.695495"/>
        <testcase name="test_send_otp_rejected_when_otp_disabled" file="C:\wamp64\www\order-portal\tests\Feature\HrmRecruitmentTest.php" line="535" class="Tests\Feature\HrmRecruitmentTest" classname="Tests.Feature.HrmRecruitmentTest" assertions="2" time="0.606317"/>
        <testcase name="test_internal_posting_hidden_from_careers_portal" file="C:\wamp64\www\order-portal\tests\Feature\HrmRecruitmentTest.php" line="549" class="Tests\Feature\HrmRecruitmentTest" classname="Tests.Feature.HrmRecruitmentTest" assertions="2" time="0.463985"/>
        <testcase name="test_job_posting_records_page_views" file="C:\wamp64\www\order-portal\tests\Feature\HrmRecruitmentTest.php" line="566" class="Tests\Feature\HrmRecruitmentTest" classname="Tests.Feature.HrmRecruitmentTest" assertions="3" time="0.664196"/>
        <testcase name="test_manual_application_blocked_on_closed_posting" file="C:\wamp64\www\order-portal\tests\Feature\HrmRecruitmentTest.php" line="577" class="Tests\Feature\HrmRecruitmentTest" classname="Tests.Feature.HrmRecruitmentTest" assertions="2" time="0.525817"/>
        <testcase name="test_hr_can_publish_close_and_duplicate_posting" file="C:\wamp64\www\order-portal\tests\Feature\HrmRecruitmentTest.php" line="597" class="Tests\Feature\HrmRecruitmentTest" classname="Tests.Feature.HrmRecruitmentTest" assertions="6" time="0.401046"/>
        <testcase name="test_close_expired_job_postings_command" file="C:\wamp64\www\order-portal\tests\Feature\HrmRecruitmentTest.php" line="625" class="Tests\Feature\HrmRecruitmentTest" classname="Tests.Feature.HrmRecruitmentTest" assertions="2" time="0.480891"/>
        <testcase name="test_posting_index_filters_by_department" file="C:\wamp64\www\order-portal\tests\Feature\HrmRecruitmentTest.php" line="646" class="Tests\Feature\HrmRecruitmentTest" classname="Tests.Feature.HrmRecruitmentTest" assertions="3" time="0.609393"/>
        <testcase name="test_candidate_can_apply_with_cv_attachment" file="C:\wamp64\www\order-portal\tests\Feature\HrmRecruitmentTest.php" line="678" class="Tests\Feature\HrmRecruitmentTest" classname="Tests.Feature.HrmRecruitmentTest" assertions="2" time="0.666691"/>
        <testcase name="test_hired_status_auto_enrolls_employee" file="C:\wamp64\www\order-portal\tests\Feature\HrmRecruitmentTest.php" line="698" class="Tests\Feature\HrmRecruitmentTest" classname="Tests.Feature.HrmRecruitmentTest" assertions="10" time="0.708430"/>
        <testcase name="test_hired_status_auto_closes_posting_when_slots_filled" file="C:\wamp64\www\order-portal\tests\Feature\HrmRecruitmentTest.php" line="741" class="Tests\Feature\HrmRecruitmentTest" classname="Tests.Feature.HrmRecruitmentTest" assertions="3" time="0.657877"/>
        <testcase name="test_hired_status_blocks_when_active_employee_exists" file="C:\wamp64\www\order-portal\tests\Feature\HrmRecruitmentTest.php" line="772" class="Tests\Feature\HrmRecruitmentTest" classname="Tests.Feature.HrmRecruitmentTest" assertions="4" time="0.424732"/>
        <testcase name="test_hired_status_requires_employee_manage_permission" file="C:\wamp64\www\order-portal\tests\Feature\HrmRecruitmentTest.php" line="806" class="Tests\Feature\HrmRecruitmentTest" classname="Tests.Feature.HrmRecruitmentTest" assertions="3" time="0.498728"/>
        <testcase name="test_hr_can_edit_application" file="C:\wamp64\www\order-portal\tests\Feature\HrmRecruitmentTest.php" line="842" class="Tests\Feature\HrmRecruitmentTest" classname="Tests.Feature.HrmRecruitmentTest" assertions="5" time="0.534268"/>
        <testcase name="test_hr_can_delete_application" file="C:\wamp64\www\order-portal\tests\Feature\HrmRecruitmentTest.php" line="876" class="Tests\Feature\HrmRecruitmentTest" classname="Tests.Feature.HrmRecruitmentTest" assertions="3" time="0.511125"/>
        <testcase name="test_cannot_delete_application_linked_to_employee" file="C:\wamp64\www\order-portal\tests\Feature\HrmRecruitmentTest.php" line="901" class="Tests\Feature\HrmRecruitmentTest" classname="Tests.Feature.HrmRecruitmentTest" assertions="3" time="0.351599"/>
      </testsuite>
      <testsuite name="Tests\Feature\HrmRmgExtrasTest" file="C:\wamp64\www\order-portal\tests\Feature\HrmRmgExtrasTest.php" tests="12" assertions="54" errors="0" failures="0" skipped="0" time="6.471093">
        <testcase name="test_rmg_hub_loads" file="C:\wamp64\www\order-portal\tests\Feature\HrmRmgExtrasTest.php" line="59" class="Tests\Feature\HrmRmgExtrasTest" classname="Tests.Feature.HrmRmgExtrasTest" assertions="2" time="0.614195"/>
        <testcase name="test_worker_transfer_approve_updates_employee" file="C:\wamp64\www\order-portal\tests\Feature\HrmRmgExtrasTest.php" line="67" class="Tests\Feature\HrmRmgExtrasTest" classname="Tests.Feature.HrmRmgExtrasTest" assertions="4" time="0.513178"/>
        <testcase name="test_gate_pass_crud" file="C:\wamp64\www\order-portal\tests\Feature\HrmRmgExtrasTest.php" line="98" class="Tests\Feature\HrmRmgExtrasTest" classname="Tests.Feature.HrmRmgExtrasTest" assertions="6" time="0.564985"/>
        <testcase name="test_worker_transfer_crud" file="C:\wamp64\www\order-portal\tests\Feature\HrmRmgExtrasTest.php" line="134" class="Tests\Feature\HrmRmgExtrasTest" classname="Tests.Feature.HrmRmgExtrasTest" assertions="6" time="0.439756"/>
        <testcase name="test_manpower_plan_crud" file="C:\wamp64\www\order-portal\tests\Feature\HrmRmgExtrasTest.php" line="174" class="Tests\Feature\HrmRmgExtrasTest" classname="Tests.Feature.HrmRmgExtrasTest" assertions="8" time="0.751076"/>
        <testcase name="test_gate_pass_approve" file="C:\wamp64\www\order-portal\tests\Feature\HrmRmgExtrasTest.php" line="212" class="Tests\Feature\HrmRmgExtrasTest" classname="Tests.Feature.HrmRmgExtrasTest" assertions="3" time="0.434777"/>
        <testcase name="test_manpower_plan_store" file="C:\wamp64\www\order-portal\tests\Feature\HrmRmgExtrasTest.php" line="236" class="Tests\Feature\HrmRmgExtrasTest" classname="Tests.Feature.HrmRmgExtrasTest" assertions="2" time="0.402889"/>
        <testcase name="test_salary_hold_crud_and_release" file="C:\wamp64\www\order-portal\tests\Feature\HrmRmgExtrasTest.php" line="257" class="Tests\Feature\HrmRmgExtrasTest" classname="Tests.Feature.HrmRmgExtrasTest" assertions="7" time="0.481803"/>
        <testcase name="test_proxy_punch_review_accepts_status" file="C:\wamp64\www\order-portal\tests\Feature\HrmRmgExtrasTest.php" line="287" class="Tests\Feature\HrmRmgExtrasTest" classname="Tests.Feature.HrmRmgExtrasTest" assertions="4" time="0.492366"/>
        <testcase name="test_buyer_holiday_crud" file="C:\wamp64\www\order-portal\tests\Feature\HrmRmgExtrasTest.php" line="322" class="Tests\Feature\HrmRmgExtrasTest" classname="Tests.Feature.HrmRmgExtrasTest" assertions="6" time="0.728979"/>
        <testcase name="test_cash_list_export" file="C:\wamp64\www\order-portal\tests\Feature\HrmRmgExtrasTest.php" line="353" class="Tests\Feature\HrmRmgExtrasTest" classname="Tests.Feature.HrmRmgExtrasTest" assertions="3" time="0.396358"/>
        <testcase name="test_buyer_audit_export" file="C:\wamp64\www\order-portal\tests\Feature\HrmRmgExtrasTest.php" line="388" class="Tests\Feature\HrmRmgExtrasTest" classname="Tests.Feature.HrmRmgExtrasTest" assertions="3" time="0.650732"/>
      </testsuite>
      <testsuite name="Tests\Feature\HrmRolePermissionsTest" file="C:\wamp64\www\order-portal\tests\Feature\HrmRolePermissionsTest.php" tests="13" assertions="29" errors="0" failures="0" skipped="0" time="6.607100">
        <testcase name="test_rmg_submodule_manage_implies_view_permission" file="C:\wamp64\www\order-portal\tests\Feature\HrmRolePermissionsTest.php" line="27" class="Tests\Feature\HrmRolePermissionsTest" classname="Tests.Feature.HrmRolePermissionsTest" assertions="3" time="0.403090"/>
        <testcase name="test_granular_rmg_gate_pass_manage_allows_create_route" file="C:\wamp64\www\order-portal\tests\Feature\HrmRolePermissionsTest.php" line="39" class="Tests\Feature\HrmRolePermissionsTest" classname="Tests.Feature.HrmRolePermissionsTest" assertions="2" time="0.794862"/>
        <testcase name="test_rmg_view_does_not_fallback_to_hrm_masters" file="C:\wamp64\www\order-portal\tests\Feature\HrmRolePermissionsTest.php" line="62" class="Tests\Feature\HrmRolePermissionsTest" classname="Tests.Feature.HrmRolePermissionsTest" assertions="3" time="0.360996"/>
        <testcase name="test_finance_submodule_falls_back_to_parent_permission" file="C:\wamp64\www\order-portal\tests\Feature\HrmRolePermissionsTest.php" line="74" class="Tests\Feature\HrmRolePermissionsTest" classname="Tests.Feature.HrmRolePermissionsTest" assertions="2" time="0.364351"/>
        <testcase name="test_granular_leave_policies_manage_allows_policy_routes_but_not_rules" file="C:\wamp64\www\order-portal\tests\Feature\HrmRolePermissionsTest.php" line="85" class="Tests\Feature\HrmRolePermissionsTest" classname="Tests.Feature.HrmRolePermissionsTest" assertions="2" time="0.656511"/>
        <testcase name="test_attendance_sync_permission_only_grants_sync_submodule_view" file="C:\wamp64\www\order-portal\tests\Feature\HrmRolePermissionsTest.php" line="108" class="Tests\Feature\HrmRolePermissionsTest" classname="Tests.Feature.HrmRolePermissionsTest" assertions="2" time="0.420008"/>
        <testcase name="test_granular_manual_punch_manage_allows_create_route" file="C:\wamp64\www\order-portal\tests\Feature\HrmRolePermissionsTest.php" line="126" class="Tests\Feature\HrmRolePermissionsTest" classname="Tests.Feature.HrmRolePermissionsTest" assertions="2" time="0.624375"/>
        <testcase name="test_granular_leave_policies_view_allows_index_but_not_rules" file="C:\wamp64\www\order-portal\tests\Feature\HrmRolePermissionsTest.php" line="149" class="Tests\Feature\HrmRolePermissionsTest" classname="Tests.Feature.HrmRolePermissionsTest" assertions="2" time="0.764195"/>
        <testcase name="test_promotion_permissions_granted_to_administrator" file="C:\wamp64\www\order-portal\tests\Feature\HrmRolePermissionsTest.php" line="172" class="Tests\Feature\HrmRolePermissionsTest" classname="Tests.Feature.HrmRolePermissionsTest" assertions="4" time="0.382378"/>
        <testcase name="test_hr_manager_role_exists_with_hr_permissions" file="C:\wamp64\www\order-portal\tests\Feature\HrmRolePermissionsTest.php" line="182" class="Tests\Feature\HrmRolePermissionsTest" classname="Tests.Feature.HrmRolePermissionsTest" assertions="3" time="0.436915"/>
        <testcase name="test_performance_rate_route_requires_rate_permission" file="C:\wamp64\www\order-portal\tests\Feature\HrmRolePermissionsTest.php" line="191" class="Tests\Feature\HrmRolePermissionsTest" classname="Tests.Feature.HrmRolePermissionsTest" assertions="1" time="0.502162"/>
        <testcase name="test_separation_rejected_notifies_hr_admin" file="C:\wamp64\www\order-portal\tests\Feature\HrmRolePermissionsTest.php" line="216" class="Tests\Feature\HrmRolePermissionsTest" classname="Tests.Feature.HrmRolePermissionsTest" assertions="2" time="0.437961"/>
        <testcase name="test_payslip_notification_respects_popup_toggle" file="C:\wamp64\www\order-portal\tests\Feature\HrmRolePermissionsTest.php" line="265" class="Tests\Feature\HrmRolePermissionsTest" classname="Tests.Feature.HrmRolePermissionsTest" assertions="1" time="0.459297"/>
      </testsuite>
      <testsuite name="Tests\Feature\KbManageTest" file="C:\wamp64\www\order-portal\tests\Feature\KbManageTest.php" tests="1" assertions="1" errors="0" failures="0" skipped="0" time="0.607555">
        <testcase name="test_manage_index_loads_for_kb_manager" file="C:\wamp64\www\order-portal\tests\Feature\KbManageTest.php" line="16" class="Tests\Feature\KbManageTest" classname="Tests.Feature.KbManageTest" assertions="1" time="0.607555"/>
      </testsuite>
      <testsuite name="Tests\Feature\LeaveBulkEntryTest" file="C:\wamp64\www\order-portal\tests\Feature\LeaveBulkEntryTest.php" tests="3" assertions="15" errors="0" failures="0" skipped="0" time="1.842113">
        <testcase name="test_hr_can_view_bulk_entry_page" file="C:\wamp64\www\order-portal\tests\Feature\LeaveBulkEntryTest.php" line="93" class="Tests\Feature\LeaveBulkEntryTest" classname="Tests.Feature.LeaveBulkEntryTest" assertions="3" time="0.671221"/>
        <testcase name="test_hr_can_import_leave_via_csv" file="C:\wamp64\www\order-portal\tests\Feature\LeaveBulkEntryTest.php" line="102" class="Tests\Feature\LeaveBulkEntryTest" classname="Tests.Feature.LeaveBulkEntryTest" assertions="8" time="0.588789"/>
        <testcase name="test_bulk_import_skips_invalid_rows" file="C:\wamp64\www\order-portal\tests\Feature\LeaveBulkEntryTest.php" line="131" class="Tests\Feature\LeaveBulkEntryTest" classname="Tests.Feature.LeaveBulkEntryTest" assertions="4" time="0.582104"/>
      </testsuite>
      <testsuite name="Tests\Feature\LeaveManagementTest" file="C:\wamp64\www\order-portal\tests\Feature\LeaveManagementTest.php" tests="11" assertions="37" errors="0" failures="0" skipped="0" time="7.292991">
        <testcase name="test_employee_can_apply_for_leave" file="C:\wamp64\www\order-portal\tests\Feature\LeaveManagementTest.php" line="111" class="Tests\Feature\LeaveManagementTest" classname="Tests.Feature.LeaveManagementTest" assertions="5" time="0.757495"/>
        <testcase name="test_apply_requires_reporting_person" file="C:\wamp64\www\order-portal\tests\Feature\LeaveManagementTest.php" line="134" class="Tests\Feature\LeaveManagementTest" classname="Tests.Feature.LeaveManagementTest" assertions="1" time="0.441582"/>
        <testcase name="test_reporting_person_approves_then_hr_approves" file="C:\wamp64\www\order-portal\tests\Feature\LeaveManagementTest.php" line="148" class="Tests\Feature\LeaveManagementTest" classname="Tests.Feature.LeaveManagementTest" assertions="8" time="0.816362"/>
        <testcase name="test_reporting_person_can_approve_via_team_approvals_route" file="C:\wamp64\www\order-portal\tests\Feature\LeaveManagementTest.php" line="183" class="Tests\Feature\LeaveManagementTest" classname="Tests.Feature.LeaveManagementTest" assertions="8" time="0.790760"/>
        <testcase name="test_hr_cannot_approve_before_reporting_person" file="C:\wamp64\www\order-portal\tests\Feature\LeaveManagementTest.php" line="221" class="Tests\Feature\LeaveManagementTest" classname="Tests.Feature.LeaveManagementTest" assertions="2" time="0.750278"/>
        <testcase name="test_reporting_person_can_reject_leave" file="C:\wamp64\www\order-portal\tests\Feature\LeaveManagementTest.php" line="241" class="Tests\Feature\LeaveManagementTest" classname="Tests.Feature.LeaveManagementTest" assertions="3" time="0.709600"/>
        <testcase name="test_employee_can_view_leave_page_with_balances" file="C:\wamp64\www\order-portal\tests\Feature\LeaveManagementTest.php" line="264" class="Tests\Feature\LeaveManagementTest" classname="Tests.Feature.LeaveManagementTest" assertions="4" time="0.633009"/>
        <testcase name="test_user_without_permission_cannot_access_leave_admin" file="C:\wamp64\www\order-portal\tests\Feature\LeaveManagementTest.php" line="284" class="Tests\Feature\LeaveManagementTest" classname="Tests.Feature.LeaveManagementTest" assertions="1" time="0.497551"/>
        <testcase name="test_employee_sees_pending_step_in_leave_history" file="C:\wamp64\www\order-portal\tests\Feature\LeaveManagementTest.php" line="299" class="Tests\Feature\LeaveManagementTest" classname="Tests.Feature.LeaveManagementTest" assertions="3" time="0.899586"/>
        <testcase name="test_leave_days_exclude_factory_holidays" file="C:\wamp64\www\order-portal\tests\Feature\LeaveManagementTest.php" line="316" class="Tests\Feature\LeaveManagementTest" classname="Tests.Feature.LeaveManagementTest" assertions="1" time="0.356341"/>
        <testcase name="test_suspended_employee_cannot_apply_for_leave" file="C:\wamp64\www\order-portal\tests\Feature\LeaveManagementTest.php" line="335" class="Tests\Feature\LeaveManagementTest" classname="Tests.Feature.LeaveManagementTest" assertions="1" time="0.640427"/>
      </testsuite>
      <testsuite name="Tests\Feature\MasterModuleCrudTest" file="C:\wamp64\www\order-portal\tests\Feature\MasterModuleCrudTest.php" tests="3" assertions="433" errors="0" failures="0" skipped="0" time="23.207377">
        <testcase name="test_master_hub_requires_auth" file="C:\wamp64\www\order-portal\tests\Feature\MasterModuleCrudTest.php" line="38" class="Tests\Feature\MasterModuleCrudTest" classname="Tests.Feature.MasterModuleCrudTest" assertions="2" time="0.387689"/>
        <testcase name="test_viewer_cannot_manage_masters" file="C:\wamp64\www\order-portal\tests\Feature\MasterModuleCrudTest.php" line="43" class="Tests\Feature\MasterModuleCrudTest" classname="Tests.Feature.MasterModuleCrudTest" assertions="3" time="0.696383"/>
        <testcase name="test_all_seventeen_master_modules_crud_end_to_end" file="C:\wamp64\www\order-portal\tests\Feature\MasterModuleCrudTest.php" line="70" class="Tests\Feature\MasterModuleCrudTest" classname="Tests.Feature.MasterModuleCrudTest" assertions="428" time="22.123306"/>
      </testsuite>
      <testsuite name="Tests\Feature\MobileAppLandingTest" file="C:\wamp64\www\order-portal\tests\Feature\MobileAppLandingTest.php" tests="5" assertions="12" errors="0" failures="0" skipped="0" time="2.223147">
        <testcase name="test_app_landing_page_loads" file="C:\wamp64\www\order-portal\tests\Feature\MobileAppLandingTest.php" line="9" class="Tests\Feature\MobileAppLandingTest" classname="Tests.Feature.MobileAppLandingTest" assertions="4" time="0.409549"/>
        <testcase name="test_app_portal_query_redirects_to_employee_login" file="C:\wamp64\www\order-portal\tests\Feature\MobileAppLandingTest.php" line="18" class="Tests\Feature\MobileAppLandingTest" classname="Tests.Feature.MobileAppLandingTest" assertions="2" time="0.507248"/>
        <testcase name="test_app_portal_query_redirects_to_rental_login" file="C:\wamp64\www\order-portal\tests\Feature\MobileAppLandingTest.php" line="24" class="Tests\Feature\MobileAppLandingTest" classname="Tests.Feature.MobileAppLandingTest" assertions="2" time="0.348735"/>
        <testcase name="test_app_manifest_is_public" file="C:\wamp64\www\order-portal\tests\Feature\MobileAppLandingTest.php" line="30" class="Tests\Feature\MobileAppLandingTest" classname="Tests.Feature.MobileAppLandingTest" assertions="2" time="0.447014"/>
        <testcase name="test_assetlinks_json_is_public" file="C:\wamp64\www\order-portal\tests\Feature\MobileAppLandingTest.php" line="37" class="Tests\Feature\MobileAppLandingTest" classname="Tests.Feature.MobileAppLandingTest" assertions="2" time="0.510602"/>
      </testsuite>
      <testsuite name="Tests\Feature\PayrollDisbursementSplitTest" file="C:\wamp64\www\order-portal\tests\Feature\PayrollDisbursementSplitTest.php" tests="5" assertions="15" errors="0" failures="0" skipped="0" time="5.806426">
        <testcase name="test_split_payroll_calculates_bank_and_cash_amounts" file="C:\wamp64\www\order-portal\tests\Feature\PayrollDisbursementSplitTest.php" line="130" class="Tests\Feature\PayrollDisbursementSplitTest" classname="Tests.Feature.PayrollDisbursementSplitTest" assertions="4" time="1.066874"/>
        <testcase name="test_freeze_blocked_until_cash_disbursed_marked" file="C:\wamp64\www\order-portal\tests\Feature\PayrollDisbursementSplitTest.php" line="145" class="Tests\Feature\PayrollDisbursementSplitTest" classname="Tests.Feature.PayrollDisbursementSplitTest" assertions="1" time="1.284570"/>
        <testcase name="test_accounts_can_override_split_and_close_after_cash_mark" file="C:\wamp64\www\order-portal\tests\Feature\PayrollDisbursementSplitTest.php" line="154" class="Tests\Feature\PayrollDisbursementSplitTest" classname="Tests.Feature.PayrollDisbursementSplitTest" assertions="6" time="1.362483"/>
        <testcase name="test_employee_cannot_view_payslip_before_close" file="C:\wamp64\www\order-portal\tests\Feature\PayrollDisbursementSplitTest.php" line="182" class="Tests\Feature\PayrollDisbursementSplitTest" classname="Tests.Feature.PayrollDisbursementSplitTest" assertions="1" time="1.096508"/>
        <testcase name="test_employee_can_view_payslip_after_close" file="C:\wamp64\www\order-portal\tests\Feature\PayrollDisbursementSplitTest.php" line="193" class="Tests\Feature\PayrollDisbursementSplitTest" classname="Tests.Feature.PayrollDisbursementSplitTest" assertions="3" time="0.995992"/>
      </testsuite>
      <testsuite name="Tests\Feature\PayrollProcessingTest" file="C:\wamp64\www\order-portal\tests\Feature\PayrollProcessingTest.php" tests="8" assertions="54" errors="0" failures="0" skipped="0" time="6.213363">
        <testcase name="test_processor_calculates_wages_from_frozen_attendance" file="C:\wamp64\www\order-portal\tests\Feature\PayrollProcessingTest.php" line="136" class="Tests\Feature\PayrollProcessingTest" classname="Tests.Feature.PayrollProcessingTest" assertions="11" time="0.721123"/>
        <testcase name="test_processor_uses_gross_salary_for_staff" file="C:\wamp64\www\order-portal\tests\Feature\PayrollProcessingTest.php" line="167" class="Tests\Feature\PayrollProcessingTest" classname="Tests.Feature.PayrollProcessingTest" assertions="5" time="0.790378"/>
        <testcase name="test_calculate_fails_without_frozen_attendance" file="C:\wamp64\www\order-portal\tests\Feature\PayrollProcessingTest.php" line="254" class="Tests\Feature\PayrollProcessingTest" classname="Tests.Feature.PayrollProcessingTest" assertions="3" time="0.527065"/>
        <testcase name="test_hr_can_calculate_and_freeze_payroll" file="C:\wamp64\www\order-portal\tests\Feature\PayrollProcessingTest.php" line="268" class="Tests\Feature\PayrollProcessingTest" classname="Tests.Feature.PayrollProcessingTest" assertions="7" time="0.857829"/>
        <testcase name="test_employee_can_view_frozen_payslip" file="C:\wamp64\www\order-portal\tests\Feature\PayrollProcessingTest.php" line="294" class="Tests\Feature\PayrollProcessingTest" classname="Tests.Feature.PayrollProcessingTest" assertions="12" time="1.032854"/>
        <testcase name="test_hr_can_view_payslip_detail_from_period" file="C:\wamp64\www\order-portal\tests\Feature\PayrollProcessingTest.php" line="326" class="Tests\Feature\PayrollProcessingTest" classname="Tests.Feature.PayrollProcessingTest" assertions="10" time="0.990893"/>
        <testcase name="test_hr_can_create_salary_structure" file="C:\wamp64\www\order-portal\tests\Feature\PayrollProcessingTest.php" line="353" class="Tests\Feature\PayrollProcessingTest" classname="Tests.Feature.PayrollProcessingTest" assertions="3" time="0.565937"/>
        <testcase name="test_bank_advise_export_requires_frozen_period" file="C:\wamp64\www\order-portal\tests\Feature\PayrollProcessingTest.php" line="397" class="Tests\Feature\PayrollProcessingTest" classname="Tests.Feature.PayrollProcessingTest" assertions="3" time="0.727285"/>
      </testsuite>
      <testsuite name="Tests\Feature\RentalDriverPortalTest" file="C:\wamp64\www\order-portal\tests\Feature\RentalDriverPortalTest.php" tests="8" assertions="47" errors="0" failures="0" skipped="0" time="5.742253">
        <testcase name="test_rental_root_redirects_guest_to_login" file="C:\wamp64\www\order-portal\tests\Feature\RentalDriverPortalTest.php" line="92" class="Tests\Feature\RentalDriverPortalTest" classname="Tests.Feature.RentalDriverPortalTest" assertions="2" time="0.429843"/>
        <testcase name="test_rental_root_redirects_authenticated_driver_to_dashboard" file="C:\wamp64\www\order-portal\tests\Feature\RentalDriverPortalTest.php" line="98" class="Tests\Feature\RentalDriverPortalTest" classname="Tests.Feature.RentalDriverPortalTest" assertions="2" time="0.480893"/>
        <testcase name="test_rental_driver_can_login_and_view_dashboard" file="C:\wamp64\www\order-portal\tests\Feature\RentalDriverPortalTest.php" line="105" class="Tests\Feature\RentalDriverPortalTest" classname="Tests.Feature.RentalDriverPortalTest" assertions="5" time="0.655924"/>
        <testcase name="test_rental_driver_starts_and_ends_trip_without_km" file="C:\wamp64\www\order-portal\tests\Feature\RentalDriverPortalTest.php" line="119" class="Tests\Feature\RentalDriverPortalTest" classname="Tests.Feature.RentalDriverPortalTest" assertions="13" time="1.119359"/>
        <testcase name="test_rental_driver_daily_odometer_creates_billing_charge" file="C:\wamp64\www\order-portal\tests\Feature\RentalDriverPortalTest.php" line="150" class="Tests\Feature\RentalDriverPortalTest" classname="Tests.Feature.RentalDriverPortalTest" assertions="16" time="0.694197"/>
        <testcase name="test_trip_assignment_notifies_rental_driver_portal" file="C:\wamp64\www\order-portal\tests\Feature\RentalDriverPortalTest.php" line="190" class="Tests\Feature\RentalDriverPortalTest" classname="Tests.Feature.RentalDriverPortalTest" assertions="3" time="0.799400"/>
        <testcase name="test_trip_start_notifies_rental_driver_portal" file="C:\wamp64\www\order-portal\tests\Feature\RentalDriverPortalTest.php" line="204" class="Tests\Feature\RentalDriverPortalTest" classname="Tests.Feature.RentalDriverPortalTest" assertions="3" time="0.651643"/>
        <testcase name="test_trip_end_notifies_rental_driver_portal" file="C:\wamp64\www\order-portal\tests\Feature\RentalDriverPortalTest.php" line="217" class="Tests\Feature\RentalDriverPortalTest" classname="Tests.Feature.RentalDriverPortalTest" assertions="3" time="0.910994"/>
      </testsuite>
      <testsuite name="Tests\Feature\RentalPushSubscriptionTest" file="C:\wamp64\www\order-portal\tests\Feature\RentalPushSubscriptionTest.php" tests="3" assertions="10" errors="0" failures="0" skipped="0" time="1.480782">
        <testcase name="test_guest_cannot_subscribe_to_rental_push" file="C:\wamp64\www\order-portal\tests\Feature\RentalPushSubscriptionTest.php" line="41" class="Tests\Feature\RentalPushSubscriptionTest" classname="Tests.Feature.RentalPushSubscriptionTest" assertions="2" time="0.423537"/>
        <testcase name="test_rental_driver_can_subscribe_and_unsubscribe_from_push" file="C:\wamp64\www\order-portal\tests\Feature\RentalPushSubscriptionTest.php" line="52" class="Tests\Feature\RentalPushSubscriptionTest" classname="Tests.Feature.RentalPushSubscriptionTest" assertions="6" time="0.611337"/>
        <testcase name="test_authenticated_rental_driver_can_fetch_vapid_public_key" file="C:\wamp64\www\order-portal\tests\Feature\RentalPushSubscriptionTest.php" line="85" class="Tests\Feature\RentalPushSubscriptionTest" classname="Tests.Feature.RentalPushSubscriptionTest" assertions="2" time="0.445908"/>
      </testsuite>
      <testsuite name="Tests\Feature\RequirementTest" file="C:\wamp64\www\order-portal\tests\Feature\RequirementTest.php" tests="16" assertions="61" errors="0" failures="0" skipped="0" time="9.250344">
        <testcase name="test_mail_configuration_is_invalid_when_smtp_has_no_credentials" file="C:\wamp64\www\order-portal\tests\Feature\RequirementTest.php" line="44" class="Tests\Feature\RequirementTest" classname="Tests.Feature.RequirementTest" assertions="1" time="0.380125"/>
        <testcase name="test_requirement_submission_succeeds_when_mail_is_misconfigured" file="C:\wamp64\www\order-portal\tests\Feature\RequirementTest.php" line="58" class="Tests\Feature\RequirementTest" classname="Tests.Feature.RequirementTest" assertions="3" time="0.595949"/>
        <testcase name="test_public_requirement_submission_appears_in_admin_index" file="C:\wamp64\www\order-portal\tests\Feature\RequirementTest.php" line="81" class="Tests\Feature\RequirementTest" classname="Tests.Feature.RequirementTest" assertions="10" time="0.671763"/>
        <testcase name="test_admin_can_delete_requirement" file="C:\wamp64\www\order-portal\tests\Feature\RequirementTest.php" line="111" class="Tests\Feature\RequirementTest" classname="Tests.Feature.RequirementTest" assertions="5" time="0.641872"/>
        <testcase name="test_viewer_cannot_delete_requirement" file="C:\wamp64\www\order-portal\tests\Feature\RequirementTest.php" line="131" class="Tests\Feature\RequirementTest" classname="Tests.Feature.RequirementTest" assertions="2" time="0.420072"/>
        <testcase name="test_legacy_admin_orders_url_redirects_to_requirements" file="C:\wamp64\www\order-portal\tests\Feature\RequirementTest.php" line="161" class="Tests\Feature\RequirementTest" classname="Tests.Feature.RequirementTest" assertions="2" time="0.435635"/>
        <testcase name="test_sending_quote_emails_client_when_enabled" file="C:\wamp64\www\order-portal\tests\Feature\RequirementTest.php" line="168" class="Tests\Feature\RequirementTest" classname="Tests.Feature.RequirementTest" assertions="7" time="0.604139"/>
        <testcase name="test_fob_knit_breakdown_hides_logistics_for_cm_basis" file="C:\wamp64\www\order-portal\tests\Feature\RequirementTest.php" line="224" class="Tests\Feature\RequirementTest" classname="Tests.Feature.RequirementTest" assertions="4" time="0.501237"/>
        <testcase name="test_custom_line_in_other_section_is_saved" file="C:\wamp64\www\order-portal\tests\Feature\RequirementTest.php" line="252" class="Tests\Feature\RequirementTest" classname="Tests.Feature.RequirementTest" assertions="4" time="0.436048"/>
        <testcase name="test_commercial_quote_editor_visible_only_for_commercial_quote_status" file="C:\wamp64\www\order-portal\tests\Feature\RequirementTest.php" line="302" class="Tests\Feature\RequirementTest" classname="Tests.Feature.RequirementTest" assertions="8" time="1.283652"/>
        <testcase name="test_assignment_only_update_does_not_clear_quote" file="C:\wamp64\www\order-portal\tests\Feature\RequirementTest.php" line="333" class="Tests\Feature\RequirementTest" classname="Tests.Feature.RequirementTest" assertions="3" time="0.545575"/>
        <testcase name="test_assignment_dropdown_lists_only_updatable_users_with_role_labels" file="C:\wamp64\www\order-portal\tests\Feature\RequirementTest.php" line="357" class="Tests\Feature\RequirementTest" classname="Tests.Feature.RequirementTest" assertions="4" time="0.786268"/>
        <testcase name="test_assignment_update_notifies_assignee" file="C:\wamp64\www\order-portal\tests\Feature\RequirementTest.php" line="400" class="Tests\Feature\RequirementTest" classname="Tests.Feature.RequirementTest" assertions="3" time="0.525764"/>
        <testcase name="test_assignment_update_skips_notification_when_unchanged" file="C:\wamp64\www\order-portal\tests\Feature\RequirementTest.php" line="438" class="Tests\Feature\RequirementTest" classname="Tests.Feature.RequirementTest" assertions="2" time="0.388648"/>
        <testcase name="test_viewer_cannot_update_assignment_workflow" file="C:\wamp64\www\order-portal\tests\Feature\RequirementTest.php" line="459" class="Tests\Feature\RequirementTest" classname="Tests.Feature.RequirementTest" assertions="1" time="0.504804"/>
        <testcase name="test_assignment_rejects_user_without_orders_update_permission" file="C:\wamp64\www\order-portal\tests\Feature\RequirementTest.php" line="487" class="Tests\Feature\RequirementTest" classname="Tests.Feature.RequirementTest" assertions="2" time="0.528793"/>
      </testsuite>
      <testsuite name="Tests\Feature\RolePermissionSeederTest" file="C:\wamp64\www\order-portal\tests\Feature\RolePermissionSeederTest.php" tests="6" assertions="579" errors="0" failures="0" skipped="0" time="2.582822">
        <testcase name="test_seeder_grants_full_permissions_to_administrator" file="C:\wamp64\www\order-portal\tests\Feature\RolePermissionSeederTest.php" line="15" class="Tests\Feature\RolePermissionSeederTest" classname="Tests.Feature.RolePermissionSeederTest" assertions="273" time="0.542812"/>
        <testcase name="test_seeder_grants_transport_authority_operational_permissions" file="C:\wamp64\www\order-portal\tests\Feature\RolePermissionSeederTest.php" line="29" class="Tests\Feature\RolePermissionSeederTest" classname="Tests.Feature.RolePermissionSeederTest" assertions="20" time="0.370588"/>
        <testcase name="test_seeder_grants_hr_manager_recruitment_and_approval_permissions" file="C:\wamp64\www\order-portal\tests\Feature\RolePermissionSeederTest.php" line="52" class="Tests\Feature\RolePermissionSeederTest" classname="Tests.Feature.RolePermissionSeederTest" assertions="6" time="0.468551"/>
        <testcase name="test_seeder_grants_manager_leave_approve_permission" file="C:\wamp64\www\order-portal\tests\Feature\RolePermissionSeederTest.php" line="70" class="Tests\Feature\RolePermissionSeederTest" classname="Tests.Feature.RolePermissionSeederTest" assertions="1" time="0.422267"/>
        <testcase name="test_catalog_permissions_are_registered_in_role_ui_options" file="C:\wamp64\www\order-portal\tests\Feature\RolePermissionSeederTest.php" line="79" class="Tests\Feature\RolePermissionSeederTest" classname="Tests.Feature.RolePermissionSeederTest" assertions="273" time="0.342726"/>
        <testcase name="test_administrator_has_explicit_recruitment_permissions" file="C:\wamp64\www\order-portal\tests\Feature\RolePermissionSeederTest.php" line="92" class="Tests\Feature\RolePermissionSeederTest" classname="Tests.Feature.RolePermissionSeederTest" assertions="6" time="0.435880"/>
      </testsuite>
      <testsuite name="Tests\Feature\SalaryFormulaCalculatorTest" file="C:\wamp64\www\order-portal\tests\Feature\SalaryFormulaCalculatorTest.php" tests="1" assertions="5" errors="0" failures="0" skipped="0" time="0.428351">
        <testcase name="test_sr01_grade_calculates_from_gross" file="C:\wamp64\www\order-portal\tests\Feature\SalaryFormulaCalculatorTest.php" line="17" class="Tests\Feature\SalaryFormulaCalculatorTest" classname="Tests.Feature.SalaryFormulaCalculatorTest" assertions="5" time="0.428351"/>
      </testsuite>
      <testsuite name="Tests\Feature\SalaryIncrementTest" file="C:\wamp64\www\order-portal\tests\Feature\SalaryIncrementTest.php" tests="3" assertions="10" errors="0" failures="0" skipped="0" time="1.713153">
        <testcase name="test_increment_service_applies_percentage_to_gross" file="C:\wamp64\www\order-portal\tests\Feature\SalaryIncrementTest.php" line="58" class="Tests\Feature\SalaryIncrementTest" classname="Tests.Feature.SalaryIncrementTest" assertions="4" time="0.498472"/>
        <testcase name="test_hr_can_access_increment_rules_index" file="C:\wamp64\www\order-portal\tests\Feature\SalaryIncrementTest.php" line="116" class="Tests\Feature\SalaryIncrementTest" classname="Tests.Feature.SalaryIncrementTest" assertions="2" time="0.719629"/>
        <testcase name="test_bulk_apply_increments_selected_employees" file="C:\wamp64\www\order-portal\tests\Feature\SalaryIncrementTest.php" line="132" class="Tests\Feature\SalaryIncrementTest" classname="Tests.Feature.SalaryIncrementTest" assertions="4" time="0.495052"/>
      </testsuite>
      <testsuite name="Tests\Feature\SalaryPayrollEnhancementsTest" file="C:\wamp64\www\order-portal\tests\Feature\SalaryPayrollEnhancementsTest.php" tests="4" assertions="12" errors="0" failures="0" skipped="0" time="2.671099">
        <testcase name="test_wages_payroll_includes_overtime_from_work_minutes" file="C:\wamp64\www\order-portal\tests\Feature\SalaryPayrollEnhancementsTest.php" line="63" class="Tests\Feature\SalaryPayrollEnhancementsTest" classname="Tests.Feature.SalaryPayrollEnhancementsTest" assertions="4" time="0.865002"/>
        <testcase name="test_staff_payroll_applies_deduction_heads" file="C:\wamp64\www\order-portal\tests\Feature\SalaryPayrollEnhancementsTest.php" line="98" class="Tests\Feature\SalaryPayrollEnhancementsTest" classname="Tests.Feature.SalaryPayrollEnhancementsTest" assertions="2" time="0.550825"/>
        <testcase name="test_increment_upload_csv_sets_new_gross" file="C:\wamp64\www\order-portal\tests\Feature\SalaryPayrollEnhancementsTest.php" line="140" class="Tests\Feature\SalaryPayrollEnhancementsTest" classname="Tests.Feature.SalaryPayrollEnhancementsTest" assertions="3" time="0.448331"/>
        <testcase name="test_freeze_dispatches_payslip_emails" file="C:\wamp64\www\order-portal\tests\Feature\SalaryPayrollEnhancementsTest.php" line="185" class="Tests\Feature\SalaryPayrollEnhancementsTest" classname="Tests.Feature.SalaryPayrollEnhancementsTest" assertions="3" time="0.806941"/>
      </testsuite>
      <testsuite name="Tests\Feature\SalarySidebarTest" file="C:\wamp64\www\order-portal\tests\Feature\SalarySidebarTest.php" tests="2" assertions="5" errors="0" failures="0" skipped="0" time="1.340775">
        <testcase name="test_global_salary_view_shows_all_salary_sidebar_modules" file="C:\wamp64\www\order-portal\tests\Feature\SalarySidebarTest.php" line="14" class="Tests\Feature\SalarySidebarTest" classname="Tests.Feature.SalarySidebarTest" assertions="4" time="0.618059"/>
        <testcase name="test_banks_index_requires_banks_view_not_heads_view" file="C:\wamp64\www\order-portal\tests\Feature\SalarySidebarTest.php" line="36" class="Tests\Feature\SalarySidebarTest" classname="Tests.Feature.SalarySidebarTest" assertions="1" time="0.722716"/>
      </testsuite>
      <testsuite name="Tests\Feature\SalaryUploadTest" file="C:\wamp64\www\order-portal\tests\Feature\SalaryUploadTest.php" tests="2" assertions="10" errors="0" failures="0" skipped="0" time="1.002805">
        <testcase name="test_hr_can_upload_salary_csv_with_gross_and_grade" file="C:\wamp64\www\order-portal\tests\Feature\SalaryUploadTest.php" line="49" class="Tests\Feature\SalaryUploadTest" classname="Tests.Feature.SalaryUploadTest" assertions="7" time="0.453880"/>
        <testcase name="test_hr_can_upload_wages_csv" file="C:\wamp64\www\order-portal\tests\Feature\SalaryUploadTest.php" line="97" class="Tests\Feature\SalaryUploadTest" classname="Tests.Feature.SalaryUploadTest" assertions="3" time="0.548925"/>
      </testsuite>
      <testsuite name="Tests\Feature\TmsBatchDTest" file="C:\wamp64\www\order-portal\tests\Feature\TmsBatchDTest.php" tests="6" assertions="31" errors="0" failures="0" skipped="0" time="4.188793">
        <testcase name="test_requests_by_department_report_aggregates_counts" file="C:\wamp64\www\order-portal\tests\Feature\TmsBatchDTest.php" line="108" class="Tests\Feature\TmsBatchDTest" classname="Tests.Feature.TmsBatchDTest" assertions="5" time="0.899775"/>
        <testcase name="test_requests_by_department_filter_limits_rows" file="C:\wamp64\www\order-portal\tests\Feature\TmsBatchDTest.php" line="128" class="Tests\Feature\TmsBatchDTest" classname="Tests.Feature.TmsBatchDTest" assertions="3" time="0.730964"/>
        <testcase name="test_requests_by_department_csv_export" file="C:\wamp64\www\order-portal\tests\Feature\TmsBatchDTest.php" line="143" class="Tests\Feature\TmsBatchDTest" classname="Tests.Feature.TmsBatchDTest" assertions="3" time="0.475479"/>
        <testcase name="test_driver_create_records_initial_ot_rate_log" file="C:\wamp64\www\order-portal\tests\Feature\TmsBatchDTest.php" line="159" class="Tests\Feature\TmsBatchDTest" classname="Tests.Feature.TmsBatchDTest" assertions="8" time="0.562623"/>
        <testcase name="test_driver_update_logs_ot_rate_change_only_when_rules_change" file="C:\wamp64\www\order-portal\tests\Feature\TmsBatchDTest.php" line="192" class="Tests\Feature\TmsBatchDTest" classname="Tests.Feature.TmsBatchDTest" assertions="8" time="0.573081"/>
        <testcase name="test_driver_show_displays_ot_rate_history" file="C:\wamp64\www\order-portal\tests\Feature\TmsBatchDTest.php" line="256" class="Tests\Feature\TmsBatchDTest" classname="Tests.Feature.TmsBatchDTest" assertions="4" time="0.946872"/>
      </testsuite>
      <testsuite name="Tests\Feature\TmsBatchETest" file="C:\wamp64\www\order-portal\tests\Feature\TmsBatchETest.php" tests="6" assertions="18" errors="0" failures="0" skipped="0" time="3.950661">
        <testcase name="test_department_chargeback_report_shows_driver_pay" file="C:\wamp64\www\order-portal\tests\Feature\TmsBatchETest.php" line="95" class="Tests\Feature\TmsBatchETest" classname="Tests.Feature.TmsBatchETest" assertions="3" time="0.856000"/>
        <testcase name="test_payroll_ot_export_csv" file="C:\wamp64\www\order-portal\tests\Feature\TmsBatchETest.php" line="121" class="Tests\Feature\TmsBatchETest" classname="Tests.Feature.TmsBatchETest" assertions="3" time="0.606035"/>
        <testcase name="test_maintenance_parts_catalog_crud" file="C:\wamp64\www\order-portal\tests\Feature\TmsBatchETest.php" line="158" class="Tests\Feature\TmsBatchETest" classname="Tests.Feature.TmsBatchETest" assertions="6" time="0.819496"/>
        <testcase name="test_rental_billing_catch_up_creates_missing_charge" file="C:\wamp64\www\order-portal\tests\Feature\TmsBatchETest.php" line="180" class="Tests\Feature\TmsBatchETest" classname="Tests.Feature.TmsBatchETest" assertions="4" time="0.464618"/>
        <testcase name="test_tms_sms_sent_when_enabled_on_approval" file="C:\wamp64\www\order-portal\tests\Feature\TmsBatchETest.php" line="217" class="Tests\Feature\TmsBatchETest" classname="Tests.Feature.TmsBatchETest" assertions="1" time="0.602726"/>
        <testcase name="test_tms_popup_respects_disabled_master_toggle" file="C:\wamp64\www\order-portal\tests\Feature\TmsBatchETest.php" line="248" class="Tests\Feature\TmsBatchETest" classname="Tests.Feature.TmsBatchETest" assertions="1" time="0.601787"/>
      </testsuite>
      <testsuite name="Tests\Feature\TmsBatchFTest" file="C:\wamp64\www\order-portal\tests\Feature\TmsBatchFTest.php" tests="11" assertions="30" errors="0" failures="0" skipped="0" time="4.490624">
        <testcase name="test_gps_index_page_shows_disabled_notice_when_tracking_off" file="C:\wamp64\www\order-portal\tests\Feature\TmsBatchFTest.php" line="46" class="Tests\Feature\TmsBatchFTest" classname="Tests.Feature.TmsBatchFTest" assertions="3" time="0.663607"/>
        <testcase name="test_gps_stub_records_position_when_enabled" file="C:\wamp64\www\order-portal\tests\Feature\TmsBatchFTest.php" line="60" class="Tests\Feature\TmsBatchFTest" classname="Tests.Feature.TmsBatchFTest" assertions="4" time="0.449514"/>
        <testcase name="test_gps_stub_skips_when_disabled" file="C:\wamp64\www\order-portal\tests\Feature\TmsBatchFTest.php" line="85" class="Tests\Feature\TmsBatchFTest" classname="Tests.Feature.TmsBatchFTest" assertions="2" time="0.366324"/>
        <testcase name="test_whatsapp_gateway_log_driver_sends" file="C:\wamp64\www\order-portal\tests\Feature\TmsBatchFTest.php" line="105" class="Tests\Feature\TmsBatchFTest" classname="Tests.Feature.TmsBatchFTest" assertions="1" time="0.393912"/>
        <testcase name="test_tms_messaging_uses_whatsapp_when_enabled" file="C:\wamp64\www\order-portal\tests\Feature\TmsBatchFTest.php" line="114" class="Tests\Feature\TmsBatchFTest" classname="Tests.Feature.TmsBatchFTest" assertions="1" time="0.381966"/>
        <testcase name="test_tms_settings_saves_gps_options" file="C:\wamp64\www\order-portal\tests\Feature\TmsBatchFTest.php" line="148" class="Tests\Feature\TmsBatchFTest" classname="Tests.Feature.TmsBatchFTest" assertions="4" time="0.362593"/>
        <testcase name="test_tms_settings_are_shared_across_units" file="C:\wamp64\www\order-portal\tests\Feature\TmsBatchFTest.php" line="175" class="Tests\Feature\TmsBatchFTest" classname="Tests.Feature.TmsBatchFTest" assertions="6" time="0.467474"/>
        <testcase name="test_whatsapp_providers_are_registered_in_config" file="C:\wamp64\www\order-portal\tests\Feature\TmsBatchFTest.php" line="211" class="Tests\Feature\TmsBatchFTest" classname="Tests.Feature.TmsBatchFTest" assertions="5" time="0.303529"/>
        <testcase name="test_can_send_whatsapp_for_sslwireless_with_token" file="C:\wamp64\www\order-portal\tests\Feature\TmsBatchFTest.php" line="222" class="Tests\Feature\TmsBatchFTest" classname="Tests.Feature.TmsBatchFTest" assertions="1" time="0.412335"/>
        <testcase name="test_can_send_whatsapp_for_custom_requires_url" file="C:\wamp64\www\order-portal\tests\Feature\TmsBatchFTest.php" line="233" class="Tests\Feature\TmsBatchFTest" classname="Tests.Feature.TmsBatchFTest" assertions="2" time="0.344184"/>
        <testcase name="test_whatsapp_factory_resolves_custom_gateway" file="C:\wamp64\www\order-portal\tests\Feature\TmsBatchFTest.php" line="249" class="Tests\Feature\TmsBatchFTest" classname="Tests.Feature.TmsBatchFTest" assertions="1" time="0.345187"/>
      </testsuite>
      <testsuite name="Tests\Feature\TmsDestinationSharedTest" file="C:\wamp64\www\order-portal\tests\Feature\TmsDestinationSharedTest.php" tests="3" assertions="20" errors="0" failures="0" skipped="0" time="1.685750">
        <testcase name="test_destination_is_created_without_unit_and_listed_globally" file="C:\wamp64\www\order-portal\tests\Feature\TmsDestinationSharedTest.php" line="66" class="Tests\Feature\TmsDestinationSharedTest" classname="Tests.Feature.TmsDestinationSharedTest" assertions="9" time="0.775438"/>
        <testcase name="test_employee_from_any_unit_can_use_shared_destination" file="C:\wamp64\www\order-portal\tests\Feature\TmsDestinationSharedTest.php" line="89" class="Tests\Feature\TmsDestinationSharedTest" classname="Tests.Feature.TmsDestinationSharedTest" assertions="7" time="0.484152"/>
        <testcase name="test_destination_name_must_be_unique_globally" file="C:\wamp64\www\order-portal\tests\Feature\TmsDestinationSharedTest.php" line="118" class="Tests\Feature\TmsDestinationSharedTest" classname="Tests.Feature.TmsDestinationSharedTest" assertions="4" time="0.426160"/>
      </testsuite>
      <testsuite name="Tests\Feature\TmsDriverMultiVehicleTest" file="C:\wamp64\www\order-portal\tests\Feature\TmsDriverMultiVehicleTest.php" tests="5" assertions="19" errors="0" failures="4" skipped="0" time="2.209524">
        <testcase name="test_driver_can_be_assigned_multiple_vehicles_with_primary" file="C:\wamp64\www\order-portal\tests\Feature\TmsDriverMultiVehicleTest.php" line="75" class="Tests\Feature\TmsDriverMultiVehicleTest" classname="Tests.Feature.TmsDriverMultiVehicleTest" assertions="6" time="0.462751">
          <failure type="PHPUnit\Framework\ExpectationFailedException">Tests\Feature\TmsDriverMultiVehicleTest::test_driver_can_be_assigned_multiple_vehicles_with_primary&#13;
Failed asserting that two arrays are identical.
--- Expected
+++ Actual
@@ @@
 Array &amp;0 [
     0 =&gt; 1,
-    1 =&gt; 2,
 ]
&#13;
C:\wamp64\www\order-portal\tests\Feature\TmsDriverMultiVehicleTest.php:92</failure>
        </testcase>
        <testcase name="test_same_employee_cannot_be_registered_as_driver_twice" file="C:\wamp64\www\order-portal\tests\Feature\TmsDriverMultiVehicleTest.php" line="99" class="Tests\Feature\TmsDriverMultiVehicleTest" classname="Tests.Feature.TmsDriverMultiVehicleTest" assertions="2" time="0.425018"/>
        <testcase name="test_driver_update_syncs_vehicle_assignments" file="C:\wamp64\www\order-portal\tests\Feature\TmsDriverMultiVehicleTest.php" line="120" class="Tests\Feature\TmsDriverMultiVehicleTest" classname="Tests.Feature.TmsDriverMultiVehicleTest" assertions="4" time="0.405050">
          <failure type="PHPUnit\Framework\ExpectationFailedException">Tests\Feature\TmsDriverMultiVehicleTest::test_driver_update_syncs_vehicle_assignments&#13;
Failed asserting that two arrays are identical.
--- Expected
+++ Actual
@@ @@
 Array &amp;0 [
-    0 =&gt; 1,
-    1 =&gt; 2,
+    0 =&gt; 2,
 ]
&#13;
C:\wamp64\www\order-portal\tests\Feature\TmsDriverMultiVehicleTest.php:145</failure>
        </testcase>
        <testcase name="test_driver_can_be_assigned_vehicles_from_another_unit" file="C:\wamp64\www\order-portal\tests\Feature\TmsDriverMultiVehicleTest.php" line="151" class="Tests\Feature\TmsDriverMultiVehicleTest" classname="Tests.Feature.TmsDriverMultiVehicleTest" assertions="6" time="0.456516">
          <failure type="PHPUnit\Framework\ExpectationFailedException">Tests\Feature\TmsDriverMultiVehicleTest::test_driver_can_be_assigned_vehicles_from_another_unit&#13;
Failed asserting that two arrays are identical.
--- Expected
+++ Actual
@@ @@
 Array &amp;0 [
-    0 =&gt; 1,
-    1 =&gt; 3,
+    0 =&gt; 3,
 ]
&#13;
C:\wamp64\www\order-portal\tests\Feature\TmsDriverMultiVehicleTest.php:193</failure>
        </testcase>
        <testcase name="test_vehicle_shows_assigned_driver_from_pivot" file="C:\wamp64\www\order-portal\tests\Feature\TmsDriverMultiVehicleTest.php" line="199" class="Tests\Feature\TmsDriverMultiVehicleTest" classname="Tests.Feature.TmsDriverMultiVehicleTest" assertions="1" time="0.460189">
          <failure type="PHPUnit\Framework\ExpectationFailedException">Tests\Feature\TmsDriverMultiVehicleTest::test_vehicle_shows_assigned_driver_from_pivot&#13;
Failed asserting that '—' [UTF-8](length: 3) contains "Ismail Sarkar" [ASCII](length: 13).
&#13;
C:\wamp64\www\order-portal\tests\Feature\TmsDriverMultiVehicleTest.php:212</failure>
        </testcase>
      </testsuite>
      <testsuite name="Tests\Feature\TmsDriverPayTest" file="C:\wamp64\www\order-portal\tests\Feature\TmsDriverPayTest.php" tests="3" assertions="15" errors="0" failures="0" skipped="0" time="2.399476">
        <testcase name="test_company_driver_weekday_gets_night_bill_not_hourly" file="C:\wamp64\www\order-portal\tests\Feature\TmsDriverPayTest.php" line="84" class="Tests\Feature\TmsDriverPayTest" classname="Tests.Feature.TmsDriverPayTest" assertions="4" time="0.845416"/>
        <testcase name="test_company_driver_holiday_gets_holiday_bill_plus_hourly_ot" file="C:\wamp64\www\order-portal\tests\Feature\TmsDriverPayTest.php" line="94" class="Tests\Feature\TmsDriverPayTest" classname="Tests.Feature.TmsDriverPayTest" assertions="5" time="0.846186"/>
        <testcase name="test_rental_driver_gets_hourly_ot_from_settings" file="C:\wamp64\www\order-portal\tests\Feature\TmsDriverPayTest.php" line="112" class="Tests\Feature\TmsDriverPayTest" classname="Tests.Feature.TmsDriverPayTest" assertions="6" time="0.707874"/>
      </testsuite>
      <testsuite name="Tests\Feature\TmsFactoryIdComparisonTest" file="C:\wamp64\www\order-portal\tests\Feature\TmsFactoryIdComparisonTest.php" tests="3" assertions="7" errors="0" failures="0" skipped="0" time="1.282851">
        <testcase name="test_rental_driver_approve_succeeds_for_matching_head_office_unit" file="C:\wamp64\www\order-portal\tests\Feature\TmsFactoryIdComparisonTest.php" line="25" class="Tests\Feature\TmsFactoryIdComparisonTest" classname="Tests.Feature.TmsFactoryIdComparisonTest" assertions="4" time="0.814741"/>
        <testcase name="test_transport_service_accepts_matching_owner_ids_as_strings" file="C:\wamp64\www\order-portal\tests\Feature\TmsFactoryIdComparisonTest.php" line="105" class="Tests\Feature\TmsFactoryIdComparisonTest" classname="Tests.Feature.TmsFactoryIdComparisonTest" assertions="1" time="0.191619"/>
        <testcase name="test_employee_can_view_own_transport_request" file="C:\wamp64\www\order-portal\tests\Feature\TmsFactoryIdComparisonTest.php" line="141" class="Tests\Feature\TmsFactoryIdComparisonTest" classname="Tests.Feature.TmsFactoryIdComparisonTest" assertions="2" time="0.276492"/>
      </testsuite>
      <testsuite name="Tests\Feature\TmsFuelReportTest" file="C:\wamp64\www\order-portal\tests\Feature\TmsFuelReportTest.php" tests="3" assertions="20" errors="0" failures="0" skipped="0" time="2.584308">
        <testcase name="test_fuel_report_shows_summary_trip_link_and_vehicle_filter" file="C:\wamp64\www\order-portal\tests\Feature\TmsFuelReportTest.php" line="72" class="Tests\Feature\TmsFuelReportTest" classname="Tests.Feature.TmsFuelReportTest" assertions="10" time="1.003990"/>
        <testcase name="test_fuel_report_by_vehicle_groups_rows" file="C:\wamp64\www\order-portal\tests\Feature\TmsFuelReportTest.php" line="163" class="Tests\Feature\TmsFuelReportTest" classname="Tests.Feature.TmsFuelReportTest" assertions="6" time="1.033769"/>
        <testcase name="test_fuel_by_vehicle_csv_export" file="C:\wamp64\www\order-portal\tests\Feature\TmsFuelReportTest.php" line="219" class="Tests\Feature\TmsFuelReportTest" classname="Tests.Feature.TmsFuelReportTest" assertions="4" time="0.546549"/>
      </testsuite>
      <testsuite name="Tests\Feature\TmsFuelTest" file="C:\wamp64\www\order-portal\tests\Feature\TmsFuelTest.php" tests="2" assertions="7" errors="0" failures="0" skipped="0" time="1.894883">
        <testcase name="test_fuel_receipt_can_be_downloaded" file="C:\wamp64\www\order-portal\tests\Feature\TmsFuelTest.php" line="57" class="Tests\Feature\TmsFuelTest" classname="Tests.Feature.TmsFuelTest" assertions="2" time="0.690401"/>
        <testcase name="test_fuel_index_shows_receipt_link" file="C:\wamp64\www\order-portal\tests\Feature\TmsFuelTest.php" line="82" class="Tests\Feature\TmsFuelTest" classname="Tests.Feature.TmsFuelTest" assertions="5" time="1.204482"/>
      </testsuite>
      <testsuite name="Tests\Feature\TmsGpsIntegrationTest" file="C:\wamp64\www\order-portal\tests\Feature\TmsGpsIntegrationTest.php" tests="4" assertions="16" errors="0" failures="0" skipped="0" time="2.563227">
        <testcase name="test_device_api_rejects_missing_token" file="C:\wamp64\www\order-portal\tests\Feature\TmsGpsIntegrationTest.php" line="119" class="Tests\Feature\TmsGpsIntegrationTest" classname="Tests.Feature.TmsGpsIntegrationTest" assertions="1" time="0.470961"/>
        <testcase name="test_device_api_records_position_with_token" file="C:\wamp64\www\order-portal\tests\Feature\TmsGpsIntegrationTest.php" line="130" class="Tests\Feature\TmsGpsIntegrationTest" classname="Tests.Feature.TmsGpsIntegrationTest" assertions="5" time="0.586357"/>
        <testcase name="test_driver_trip_start_records_browser_gps" file="C:\wamp64\www\order-portal\tests\Feature\TmsGpsIntegrationTest.php" line="151" class="Tests\Feature\TmsGpsIntegrationTest" classname="Tests.Feature.TmsGpsIntegrationTest" assertions="6" time="0.712627"/>
        <testcase name="test_driver_trip_end_records_browser_gps" file="C:\wamp64\www\order-portal\tests\Feature\TmsGpsIntegrationTest.php" line="171" class="Tests\Feature\TmsGpsIntegrationTest" classname="Tests.Feature.TmsGpsIntegrationTest" assertions="4" time="0.793282"/>
      </testsuite>
      <testsuite name="Tests\Feature\TmsMaintenanceTest" file="C:\wamp64\www\order-portal\tests\Feature\TmsMaintenanceTest.php" tests="14" assertions="104" errors="0" failures="0" skipped="0" time="12.692216">
        <testcase name="test_vehicle_posting_car_no_labels" file="C:\wamp64\www\order-portal\tests\Feature\TmsMaintenanceTest.php" line="109" class="Tests\Feature\TmsMaintenanceTest" classname="Tests.Feature.TmsMaintenanceTest" assertions="2" time="0.674211"/>
        <testcase name="test_bulk_post_and_unpost_maintenance_bills" file="C:\wamp64\www\order-portal\tests\Feature\TmsMaintenanceTest.php" line="115" class="Tests\Feature\TmsMaintenanceTest" classname="Tests.Feature.TmsMaintenanceTest" assertions="6" time="0.736166"/>
        <testcase name="test_posting_report_shows_finance_status_column" file="C:\wamp64\www\order-portal\tests\Feature\TmsMaintenanceTest.php" line="140" class="Tests\Feature\TmsMaintenanceTest" classname="Tests.Feature.TmsMaintenanceTest" assertions="3" time="0.848761"/>
        <testcase name="test_maintenance_index_filters" file="C:\wamp64\www\order-portal\tests\Feature\TmsMaintenanceTest.php" line="157" class="Tests\Feature\TmsMaintenanceTest" classname="Tests.Feature.TmsMaintenanceTest" assertions="23" time="1.995127"/>
        <testcase name="test_maintenance_index_shows_bill_stats_and_unposted_badge" file="C:\wamp64\www\order-portal\tests\Feature\TmsMaintenanceTest.php" line="203" class="Tests\Feature\TmsMaintenanceTest" classname="Tests.Feature.TmsMaintenanceTest" assertions="5" time="0.808782"/>
        <testcase name="test_maintenance_bill_crud_on_vehicle_register" file="C:\wamp64\www\order-portal\tests\Feature\TmsMaintenanceTest.php" line="221" class="Tests\Feature\TmsMaintenanceTest" classname="Tests.Feature.TmsMaintenanceTest" assertions="11" time="1.076576"/>
        <testcase name="test_duplicate_bill_no_is_rejected" file="C:\wamp64\www\order-portal\tests\Feature\TmsMaintenanceTest.php" line="255" class="Tests\Feature\TmsMaintenanceTest" classname="Tests.Feature.TmsMaintenanceTest" assertions="6" time="0.538110"/>
        <testcase name="test_bill_for_posting_lists_workshop_options" file="C:\wamp64\www\order-portal\tests\Feature\TmsMaintenanceTest.php" line="291" class="Tests\Feature\TmsMaintenanceTest" classname="Tests.Feature.TmsMaintenanceTest" assertions="3" time="0.697462"/>
        <testcase name="test_bill_for_posting_report_groups_by_vehicle" file="C:\wamp64\www\order-portal\tests\Feature\TmsMaintenanceTest.php" line="302" class="Tests\Feature\TmsMaintenanceTest" classname="Tests.Feature.TmsMaintenanceTest" assertions="7" time="0.728091"/>
        <testcase name="test_bill_for_posting_works_without_date_filters" file="C:\wamp64\www\order-portal\tests\Feature\TmsMaintenanceTest.php" line="333" class="Tests\Feature\TmsMaintenanceTest" classname="Tests.Feature.TmsMaintenanceTest" assertions="6" time="0.959745"/>
        <testcase name="test_fleet_cost_report_includes_maintenance_total" file="C:\wamp64\www\order-portal\tests\Feature\TmsMaintenanceTest.php" line="353" class="Tests\Feature\TmsMaintenanceTest" classname="Tests.Feature.TmsMaintenanceTest" assertions="2" time="0.639163"/>
        <testcase name="test_maintenance_report_filters_by_workshop" file="C:\wamp64\www\order-portal\tests\Feature\TmsMaintenanceTest.php" line="371" class="Tests\Feature\TmsMaintenanceTest" classname="Tests.Feature.TmsMaintenanceTest" assertions="14" time="1.077020"/>
        <testcase name="test_maintenance_register_filters" file="C:\wamp64\www\order-portal\tests\Feature\TmsMaintenanceTest.php" line="417" class="Tests\Feature\TmsMaintenanceTest" classname="Tests.Feature.TmsMaintenanceTest" assertions="9" time="1.345249"/>
        <testcase name="test_maintenance_register_print" file="C:\wamp64\www\order-portal\tests\Feature\TmsMaintenanceTest.php" line="459" class="Tests\Feature\TmsMaintenanceTest" classname="Tests.Feature.TmsMaintenanceTest" assertions="7" time="0.567753"/>
      </testsuite>
      <testsuite name="Tests\Feature\TmsOdometerTest" file="C:\wamp64\www\order-portal\tests\Feature\TmsOdometerTest.php" tests="6" assertions="28" errors="0" failures="1" skipped="0" time="3.246021">
        <testcase name="test_morning_km_saves_and_shows_on_index" file="C:\wamp64\www\order-portal\tests\Feature\TmsOdometerTest.php" line="57" class="Tests\Feature\TmsOdometerTest" classname="Tests.Feature.TmsOdometerTest" assertions="12" time="0.805645"/>
        <testcase name="test_evening_km_recorded_separately_without_edit" file="C:\wamp64\www\order-portal\tests\Feature\TmsOdometerTest.php" line="85" class="Tests\Feature\TmsOdometerTest" classname="Tests.Feature.TmsOdometerTest" assertions="4" time="0.589181">
          <failure type="PHPUnit\Framework\ExpectationFailedException">Tests\Feature\TmsOdometerTest::test_evening_km_recorded_separately_without_edit&#13;
Failed asserting that two strings are identical.
--- Expected
+++ Actual
@@ @@
-'06:00 PM'
+'6:00 PM'
&#13;
C:\wamp64\www\order-portal\tests\Feature\TmsOdometerTest.php:107</failure>
        </testcase>
        <testcase name="test_evening_km_cannot_be_recorded_twice" file="C:\wamp64\www\order-portal\tests\Feature\TmsOdometerTest.php" line="120" class="Tests\Feature\TmsOdometerTest" classname="Tests.Feature.TmsOdometerTest" assertions="1" time="0.453110"/>
        <testcase name="test_authority_can_edit_both_readings" file="C:\wamp64\www\order-portal\tests\Feature\TmsOdometerTest.php" line="137" class="Tests\Feature\TmsOdometerTest" classname="Tests.Feature.TmsOdometerTest" assertions="5" time="0.461628"/>
        <testcase name="test_authority_can_delete_odometer_log" file="C:\wamp64\www\order-portal\tests\Feature\TmsOdometerTest.php" line="166" class="Tests\Feature\TmsOdometerTest" classname="Tests.Feature.TmsOdometerTest" assertions="4" time="0.447594"/>
        <testcase name="test_odometer_reminder_command_notifies_missing_morning" file="C:\wamp64\www\order-portal\tests\Feature\TmsOdometerTest.php" line="188" class="Tests\Feature\TmsOdometerTest" classname="Tests.Feature.TmsOdometerTest" assertions="2" time="0.488863"/>
      </testsuite>
      <testsuite name="Tests\Feature\TmsRentalDriverTest" file="C:\wamp64\www\order-portal\tests\Feature\TmsRentalDriverTest.php" tests="3" assertions="22" errors="0" failures="0" skipped="0" time="2.189914">
        <testcase name="test_rental_driver_crud_with_vendor_dropdown" file="C:\wamp64\www\order-portal\tests\Feature\TmsRentalDriverTest.php" line="18" class="Tests\Feature\TmsRentalDriverTest" classname="Tests.Feature.TmsRentalDriverTest" assertions="11" time="0.838601"/>
        <testcase name="test_rental_driver_photo_upload_and_display" file="C:\wamp64\www\order-portal\tests\Feature\TmsRentalDriverTest.php" line="71" class="Tests\Feature\TmsRentalDriverTest" classname="Tests.Feature.TmsRentalDriverTest" assertions="8" time="0.824124"/>
        <testcase name="test_rental_driver_show_modal" file="C:\wamp64\www\order-portal\tests\Feature\TmsRentalDriverTest.php" line="113" class="Tests\Feature\TmsRentalDriverTest" classname="Tests.Feature.TmsRentalDriverTest" assertions="3" time="0.527190"/>
      </testsuite>
      <testsuite name="Tests\Feature\TmsRentalKmBillingTest" file="C:\wamp64\www\order-portal\tests\Feature\TmsRentalKmBillingTest.php" tests="7" assertions="42" errors="0" failures="0" skipped="0" time="4.978061">
        <testcase name="test_settings_save_billing_fields" file="C:\wamp64\www\order-portal\tests\Feature\TmsRentalKmBillingTest.php" line="104" class="Tests\Feature\TmsRentalKmBillingTest" classname="Tests.Feature.TmsRentalKmBillingTest" assertions="5" time="0.459047"/>
        <testcase name="test_rate_resolver_uses_vehicle_then_vendor_then_factory" file="C:\wamp64\www\order-portal\tests\Feature\TmsRentalKmBillingTest.php" line="125" class="Tests\Feature\TmsRentalKmBillingTest" classname="Tests.Feature.TmsRentalKmBillingTest" assertions="3" time="0.527154"/>
        <testcase name="test_rental_trip_calculates_km_charge_at_12_per_km" file="C:\wamp64\www\order-portal\tests\Feature\TmsRentalKmBillingTest.php" line="165" class="Tests\Feature\TmsRentalKmBillingTest" classname="Tests.Feature.TmsRentalKmBillingTest" assertions="10" time="0.703050"/>
        <testcase name="test_rental_trip_no_longer_requires_trip_km" file="C:\wamp64\www\order-portal\tests\Feature\TmsRentalKmBillingTest.php" line="213" class="Tests\Feature\TmsRentalKmBillingTest" classname="Tests.Feature.TmsRentalKmBillingTest" assertions="8" time="0.930680"/>
        <testcase name="test_own_vehicle_trip_works_without_km" file="C:\wamp64\www\order-portal\tests\Feature\TmsRentalKmBillingTest.php" line="276" class="Tests\Feature\TmsRentalKmBillingTest" classname="Tests.Feature.TmsRentalKmBillingTest" assertions="8" time="0.810584"/>
        <testcase name="test_daily_billing_skips_incomplete_odometer_log" file="C:\wamp64\www\order-portal\tests\Feature\TmsRentalKmBillingTest.php" line="333" class="Tests\Feature\TmsRentalKmBillingTest" classname="Tests.Feature.TmsRentalKmBillingTest" assertions="1" time="0.427753"/>
        <testcase name="test_rental_charges_hub_and_unmark_paid" file="C:\wamp64\www\order-portal\tests\Feature\TmsRentalKmBillingTest.php" line="362" class="Tests\Feature\TmsRentalKmBillingTest" classname="Tests.Feature.TmsRentalKmBillingTest" assertions="7" time="1.119793"/>
      </testsuite>
      <testsuite name="TmsRequestSubmittedNotificationTest" file="C:\wamp64\www\order-portal\tests\Feature\TmsRequestSubmittedNotificationTest.php" tests="3" assertions="7" errors="0" failures="0" skipped="0" time="1.840269">
        <testcase name="test_employee_submit_notifies_primary_admin_even_when_portal_user_id_matches" file="C:\wamp64\www\order-portal\tests\Feature\TmsRequestSubmittedNotificationTest.php" line="18" class="TmsRequestSubmittedNotificationTest" classname="TmsRequestSubmittedNotificationTest" assertions="3" time="0.584772"/>
        <testcase name="test_employee_submit_notifies_unit_scoped_admin" file="C:\wamp64\www\order-portal\tests\Feature\TmsRequestSubmittedNotificationTest.php" line="76" class="TmsRequestSubmittedNotificationTest" classname="TmsRequestSubmittedNotificationTest" assertions="3" time="0.695741"/>
        <testcase name="test_employee_submit_notifies_cross_unit_admin" file="C:\wamp64\www\order-portal\tests\Feature\TmsRequestSubmittedNotificationTest.php" line="131" class="TmsRequestSubmittedNotificationTest" classname="TmsRequestSubmittedNotificationTest" assertions="1" time="0.559756"/>
      </testsuite>
      <testsuite name="Tests\Feature\TmsRolePermissionsTest" file="C:\wamp64\www\order-portal\tests\Feature\TmsRolePermissionsTest.php" tests="5" assertions="32" errors="0" failures="0" skipped="0" time="2.281251">
        <testcase name="test_tms_manage_implies_view_permission" file="C:\wamp64\www\order-portal\tests\Feature\TmsRolePermissionsTest.php" line="15" class="Tests\Feature\TmsRolePermissionsTest" classname="Tests.Feature.TmsRolePermissionsTest" assertions="3" time="0.515568"/>
        <testcase name="test_tms_requests_approve_implies_view_permission" file="C:\wamp64\www\order-portal\tests\Feature\TmsRolePermissionsTest.php" line="27" class="Tests\Feature\TmsRolePermissionsTest" classname="Tests.Feature.TmsRolePermissionsTest" assertions="2" time="0.456558"/>
        <testcase name="test_any_tms_permission_implies_dashboard_view" file="C:\wamp64\www\order-portal\tests\Feature\TmsRolePermissionsTest.php" line="38" class="Tests\Feature\TmsRolePermissionsTest" classname="Tests.Feature.TmsRolePermissionsTest" assertions="1" time="0.345350"/>
        <testcase name="test_manage_permission_grants_tms_submodule_view" file="C:\wamp64\www\order-portal\tests\Feature\TmsRolePermissionsTest.php" line="48" class="Tests\Feature\TmsRolePermissionsTest" classname="Tests.Feature.TmsRolePermissionsTest" assertions="4" time="0.444070"/>
        <testcase name="test_transport_authority_catalog_matches_config_permissions" file="C:\wamp64\www\order-portal\tests\Feature\TmsRolePermissionsTest.php" line="68" class="Tests\Feature\TmsRolePermissionsTest" classname="Tests.Feature.TmsRolePermissionsTest" assertions="22" time="0.519705"/>
      </testsuite>
      <testsuite name="Tests\Feature\TmsVehiclePapersTest" file="C:\wamp64\www\order-portal\tests\Feature\TmsVehiclePapersTest.php" tests="10" assertions="46" errors="0" failures="0" skipped="0" time="6.622532">
        <testcase name="test_papers_status_page_lists_vehicle_with_expired_tax_token" file="C:\wamp64\www\order-portal\tests\Feature\TmsVehiclePapersTest.php" line="131" class="Tests\Feature\TmsVehiclePapersTest" classname="Tests.Feature.TmsVehiclePapersTest" assertions="4" time="0.813180"/>
        <testcase name="test_papers_status_page_supports_search_and_pagination" file="C:\wamp64\www\order-portal\tests\Feature\TmsVehiclePapersTest.php" line="141" class="Tests\Feature\TmsVehiclePapersTest" classname="Tests.Feature.TmsVehiclePapersTest" assertions="6" time="1.236267"/>
        <testcase name="test_papers_status_ajax_returns_results_partial" file="C:\wamp64\www\order-portal\tests\Feature\TmsVehiclePapersTest.php" line="166" class="Tests\Feature\TmsVehiclePapersTest" classname="Tests.Feature.TmsVehiclePapersTest" assertions="3" time="0.458775"/>
        <testcase name="test_papers_status_print_matches_excel_layout" file="C:\wamp64\www\order-portal\tests\Feature\TmsVehiclePapersTest.php" line="176" class="Tests\Feature\TmsVehiclePapersTest" classname="Tests.Feature.TmsVehiclePapersTest" assertions="8" time="0.490894"/>
        <testcase name="test_paper_renewal_updates_vehicle_expiry_and_logs_history" file="C:\wamp64\www\order-portal\tests\Feature\TmsVehiclePapersTest.php" line="190" class="Tests\Feature\TmsVehiclePapersTest" classname="Tests.Feature.TmsVehiclePapersTest" assertions="7" time="0.491358"/>
        <testcase name="test_expired_paper_does_not_block_trip_approval" file="C:\wamp64\www\order-portal\tests\Feature\TmsVehiclePapersTest.php" line="213" class="Tests\Feature\TmsVehiclePapersTest" classname="Tests.Feature.TmsVehiclePapersTest" assertions="3" time="0.705817"/>
        <testcase name="test_vehicle_paper_service_marks_expired_and_urgent_statuses" file="C:\wamp64\www\order-portal\tests\Feature\TmsVehiclePapersTest.php" line="230" class="Tests\Feature\TmsVehiclePapersTest" classname="Tests.Feature.TmsVehiclePapersTest" assertions="4" time="0.504034"/>
        <testcase name="test_alert_papers_lists_non_ok_documents" file="C:\wamp64\www\order-portal\tests\Feature\TmsVehiclePapersTest.php" line="251" class="Tests\Feature\TmsVehiclePapersTest" classname="Tests.Feature.TmsVehiclePapersTest" assertions="3" time="0.478937"/>
        <testcase name="test_dashboard_shows_paper_alert_counts" file="C:\wamp64\www\order-portal\tests\Feature\TmsVehiclePapersTest.php" line="266" class="Tests\Feature\TmsVehiclePapersTest" classname="Tests.Feature.TmsVehiclePapersTest" assertions="4" time="0.795936"/>
        <testcase name="test_vehicle_form_accepts_extended_asset_and_paper_fields" file="C:\wamp64\www\order-portal\tests\Feature\TmsVehiclePapersTest.php" line="276" class="Tests\Feature\TmsVehiclePapersTest" classname="Tests.Feature.TmsVehiclePapersTest" assertions="4" time="0.647333"/>
      </testsuite>
      <testsuite name="Tests\Feature\TmsVehicleSeederVerificationTest" file="C:\wamp64\www\order-portal\tests\Feature\TmsVehicleSeederVerificationTest.php" tests="8" assertions="301" errors="0" failures="0" skipped="0" time="18.455010">
        <testcase name="test_seed_data_file_contains_all_fifty_spreadsheet_vehicles" file="C:\wamp64\www\order-portal\tests\Feature\TmsVehicleSeederVerificationTest.php" line="110" class="Tests\Feature\TmsVehicleSeederVerificationTest" classname="Tests.Feature.TmsVehicleSeederVerificationTest" assertions="2" time="0.453978"/>
        <testcase name="test_vehicle_seeder_inserts_all_fifty_vehicles" file="C:\wamp64\www\order-portal\tests\Feature\TmsVehicleSeederVerificationTest.php" line="124" class="Tests\Feature\TmsVehicleSeederVerificationTest" classname="Tests.Feature.TmsVehicleSeederVerificationTest" assertions="51" time="2.645008"/>
        <testcase name="test_vehicle_seeder_vehicle_names_match_spreadsheet" file="C:\wamp64\www\order-portal\tests\Feature\TmsVehicleSeederVerificationTest.php" line="138" class="Tests\Feature\TmsVehicleSeederVerificationTest" classname="Tests.Feature.TmsVehicleSeederVerificationTest" assertions="26" time="2.086194"/>
        <testcase name="test_vehicle_seeder_sets_category_and_seats_by_model" file="C:\wamp64\www\order-portal\tests\Feature\TmsVehicleSeederVerificationTest.php" line="151" class="Tests\Feature\TmsVehicleSeederVerificationTest" classname="Tests.Feature.TmsVehicleSeederVerificationTest" assertions="130" time="2.109615"/>
        <testcase name="test_vehicle_seeder_blank_sheet_cells_stay_null" file="C:\wamp64\www\order-portal\tests\Feature\TmsVehicleSeederVerificationTest.php" line="171" class="Tests\Feature\TmsVehicleSeederVerificationTest" classname="Tests.Feature.TmsVehicleSeederVerificationTest" assertions="6" time="2.191546"/>
        <testcase name="test_vehicle_seeder_paper_dates_match_sheet1" file="C:\wamp64\www\order-portal\tests\Feature\TmsVehicleSeederVerificationTest.php" line="189" class="Tests\Feature\TmsVehicleSeederVerificationTest" classname="Tests.Feature.TmsVehicleSeederVerificationTest" assertions="18" time="2.046610"/>
        <testcase name="test_vehicle_seeder_assigns_factory_from_sheet1_owner" file="C:\wamp64\www\order-portal\tests\Feature\TmsVehicleSeederVerificationTest.php" line="233" class="Tests\Feature\TmsVehicleSeederVerificationTest" classname="Tests.Feature.TmsVehicleSeederVerificationTest" assertions="60" time="2.320379"/>
        <testcase name="test_vehicle_seeder_removes_orphan_records_not_in_spreadsheet" file="C:\wamp64\www\order-portal\tests\Feature\TmsVehicleSeederVerificationTest.php" line="258" class="Tests\Feature\TmsVehicleSeederVerificationTest" classname="Tests.Feature.TmsVehicleSeederVerificationTest" assertions="8" time="4.601682"/>
      </testsuite>
      <testsuite name="Tests\Feature\TmsVehicleShowTest" file="C:\wamp64\www\order-portal\tests\Feature\TmsVehicleShowTest.php" tests="5" assertions="29" errors="0" failures="0" skipped="0" time="6.781809">
        <testcase name="test_seeded_style_vehicle_show_page_loads" file="C:\wamp64\www\order-portal\tests\Feature\TmsVehicleShowTest.php" line="16" class="Tests\Feature\TmsVehicleShowTest" classname="Tests.Feature.TmsVehicleShowTest" assertions="3" time="0.822124"/>
        <testcase name="test_vehicle_edit_allocated_user_lists_employees_from_all_units_for_cross_unit_user" file="C:\wamp64\www\order-portal\tests\Feature\TmsVehicleShowTest.php" line="59" class="Tests\Feature\TmsVehicleShowTest" classname="Tests.Feature.TmsVehicleShowTest" assertions="4" time="0.758974"/>
        <testcase name="test_vehicle_can_assign_primary_driver_from_another_unit" file="C:\wamp64\www\order-portal\tests\Feature\TmsVehicleShowTest.php" line="114" class="Tests\Feature\TmsVehicleShowTest" classname="Tests.Feature.TmsVehicleShowTest" assertions="3" time="0.470764"/>
        <testcase name="test_vehicle_seeder_data_maps_paper_fields" file="C:\wamp64\www\order-portal\tests\Feature\TmsVehicleShowTest.php" line="174" class="Tests\Feature\TmsVehicleShowTest" classname="Tests.Feature.TmsVehicleShowTest" assertions="10" time="2.835185"/>
        <testcase name="test_vehicle_seeder_respects_blank_sheet_cells" file="C:\wamp64\www\order-portal\tests\Feature\TmsVehicleShowTest.php" line="194" class="Tests\Feature\TmsVehicleShowTest" classname="Tests.Feature.TmsVehicleShowTest" assertions="9" time="1.894762"/>
      </testsuite>
      <testsuite name="Tests\Feature\TmsWorkflowTest" file="C:\wamp64\www\order-portal\tests\Feature\TmsWorkflowTest.php" tests="19" assertions="93" errors="0" failures="0" skipped="0" time="12.165337">
        <testcase name="test_employee_submits_request_and_authority_sees_pending" file="C:\wamp64\www\order-portal\tests\Feature\TmsWorkflowTest.php" line="164" class="Tests\Feature\TmsWorkflowTest" classname="Tests.Feature.TmsWorkflowTest" assertions="5" time="0.903535"/>
        <testcase name="test_authority_approves_request_and_assigns_driver_and_vehicle" file="C:\wamp64\www\order-portal\tests\Feature\TmsWorkflowTest.php" line="184" class="Tests\Feature\TmsWorkflowTest" classname="Tests.Feature.TmsWorkflowTest" assertions="18" time="0.963466"/>
        <testcase name="test_authority_can_approve_with_driver_and_vehicle_from_another_unit" file="C:\wamp64\www\order-portal\tests\Feature\TmsWorkflowTest.php" line="228" class="Tests\Feature\TmsWorkflowTest" classname="Tests.Feature.TmsWorkflowTest" assertions="4" time="0.679190"/>
        <testcase name="test_driver_from_another_unit_can_start_assigned_trip" file="C:\wamp64\www\order-portal\tests\Feature\TmsWorkflowTest.php" line="299" class="Tests\Feature\TmsWorkflowTest" classname="Tests.Feature.TmsWorkflowTest" assertions="5" time="0.548187"/>
        <testcase name="test_driver_receives_trip_assigned_notification_on_approve" file="C:\wamp64\www\order-portal\tests\Feature\TmsWorkflowTest.php" line="353" class="Tests\Feature\TmsWorkflowTest" classname="Tests.Feature.TmsWorkflowTest" assertions="2" time="0.500896"/>
        <testcase name="test_full_workflow_with_ot_calculation_without_driver_km" file="C:\wamp64\www\order-portal\tests\Feature\TmsWorkflowTest.php" line="393" class="Tests\Feature\TmsWorkflowTest" classname="Tests.Feature.TmsWorkflowTest" assertions="12" time="0.974634"/>
        <testcase name="test_merge_three_requests_into_one_trip_on_three_seater" file="C:\wamp64\www\order-portal\tests\Feature\TmsWorkflowTest.php" line="437" class="Tests\Feature\TmsWorkflowTest" classname="Tests.Feature.TmsWorkflowTest" assertions="5" time="0.688987"/>
        <testcase name="test_merge_blocked_when_exceeding_vehicle_capacity" file="C:\wamp64\www\order-portal\tests\Feature\TmsWorkflowTest.php" line="470" class="Tests\Feature\TmsWorkflowTest" classname="Tests.Feature.TmsWorkflowTest" assertions="2" time="0.682495"/>
        <testcase name="test_employee_can_cancel_pending_request" file="C:\wamp64\www\order-portal\tests\Feature\TmsWorkflowTest.php" line="497" class="Tests\Feature\TmsWorkflowTest" classname="Tests.Feature.TmsWorkflowTest" assertions="3" time="0.479735"/>
        <testcase name="test_employee_can_cancel_approved_request_before_trip_starts" file="C:\wamp64\www\order-portal\tests\Feature\TmsWorkflowTest.php" line="517" class="Tests\Feature\TmsWorkflowTest" classname="Tests.Feature.TmsWorkflowTest" assertions="7" time="0.505543"/>
        <testcase name="test_employee_cannot_cancel_after_trip_starts" file="C:\wamp64\www\order-portal\tests\Feature\TmsWorkflowTest.php" line="551" class="Tests\Feature\TmsWorkflowTest" classname="Tests.Feature.TmsWorkflowTest" assertions="3" time="0.715612"/>
        <testcase name="test_non_driver_cannot_access_trips" file="C:\wamp64\www\order-portal\tests\Feature\TmsWorkflowTest.php" line="582" class="Tests\Feature\TmsWorkflowTest" classname="Tests.Feature.TmsWorkflowTest" assertions="1" time="0.422420"/>
        <testcase name="test_factory_scoped_user_cannot_view_other_factory_request" file="C:\wamp64\www\order-portal\tests\Feature\TmsWorkflowTest.php" line="589" class="Tests\Feature\TmsWorkflowTest" classname="Tests.Feature.TmsWorkflowTest" assertions="1" time="0.398390"/>
        <testcase name="test_ot_zero_when_driver_overtime_inactive" file="C:\wamp64\www\order-portal\tests\Feature\TmsWorkflowTest.php" line="612" class="Tests\Feature\TmsWorkflowTest" classname="Tests.Feature.TmsWorkflowTest" assertions="2" time="0.564959"/>
        <testcase name="test_employee_can_edit_pending_request" file="C:\wamp64\www\order-portal\tests\Feature\TmsWorkflowTest.php" line="648" class="Tests\Feature\TmsWorkflowTest" classname="Tests.Feature.TmsWorkflowTest" assertions="5" time="0.462331"/>
        <testcase name="test_admin_can_cancel_approved_request_before_trip_starts" file="C:\wamp64\www\order-portal\tests\Feature\TmsWorkflowTest.php" line="677" class="Tests\Feature\TmsWorkflowTest" classname="Tests.Feature.TmsWorkflowTest" assertions="5" time="0.518132"/>
        <testcase name="test_admin_can_reassign_driver_before_trip_starts" file="C:\wamp64\www\order-portal\tests\Feature\TmsWorkflowTest.php" line="711" class="Tests\Feature\TmsWorkflowTest" classname="Tests.Feature.TmsWorkflowTest" assertions="5" time="0.743462"/>
        <testcase name="test_admin_can_abort_in_progress_trip" file="C:\wamp64\www\order-portal\tests\Feature\TmsWorkflowTest.php" line="765" class="Tests\Feature\TmsWorkflowTest" classname="Tests.Feature.TmsWorkflowTest" assertions="5" time="0.619551"/>
        <testcase name="test_request_show_displays_status_history" file="C:\wamp64\www\order-portal\tests\Feature\TmsWorkflowTest.php" line="803" class="Tests\Feature\TmsWorkflowTest" classname="Tests.Feature.TmsWorkflowTest" assertions="3" time="0.793813"/>
      </testsuite>
    </testsuite>
  </testsuite>
</testsuites>
